<html>
<body>
<pre>
<h1>µVision Build Log</h1>
<h2>Tool Versions:</h2>
IDE-Version: ¦ÌVision V5.14.0.0
Copyright (C) 2015 ARM Ltd and ARM Germany GmbH. All rights reserved.
License Information: Newland Newland, Newland, LIC=MPPLD-8IE7X-9UP4U-SSVRZ-SY4SR-EMVXW
 
Tool Versions:
Toolchain:       MDK-ARM Standard  Version: 5.14.0.0
Toolchain Path:  C:\Keil_v5\ARM\ARMCC\Bin
C Compiler:      Armcc.exe V5.05 update 1 (build 106)
Assembler:       Armasm.exe V5.05 update 1 (build 106)
Linker/Locator:  ArmLink.exe V5.05 update 1 (build 106)
Library Manager: ArmAr.exe V5.05 update 1 (build 106)
Hex Converter:   FromElf.exe V5.05 update 1 (build 106)
CPU DLL:         SARMCM3.DLL V5.14.0.0
Dialog DLL:      DCM.DLL V1.13.1.0
Target DLL:      STLink\ST-LINKIII-KEIL_SWO.dll V2.0.14.0_KEIL
Dialog DLL:      TCM.DLL V1.14.4.0
 
<h2>Project:</h2>
D:\STM32_HAL\Project02\MDK-ARM\Project02.uvprojx
Project File Date:  11/05/2022

<h2>Output:</h2>
Rebuild target 'Project02'
assembling startup_stm32f103xb.s...
compiling main.c...
../Core/Src/main.c(115): warning:  #177-D: variable "Counter_RUNLED_Blink" was declared but never referenced
        uint16_t Counter_RUNLED_Blink = 0;
../Core/Src/main.c: 1 warning, 0 errors
compiling gpio.c...
compiling iwdg.c...
compiling spi.c...
compiling tim.c...
compiling usart.c...
compiling stm32f1xx_it.c...
compiling stm32f1xx_hal_msp.c...
compiling stm32f1xx_hal_gpio_ex.c...
compiling stm32f1xx_hal_iwdg.c...
compiling stm32f1xx_hal.c...
compiling stm32f1xx_hal_rcc.c...
compiling stm32f1xx_hal_rcc_ex.c...
compiling stm32f1xx_hal_gpio.c...
compiling stm32f1xx_hal_dma.c...
compiling stm32f1xx_hal_cortex.c...
compiling stm32f1xx_hal_pwr.c...
compiling stm32f1xx_hal_flash.c...
compiling stm32f1xx_hal_flash_ex.c...
compiling stm32f1xx_hal_exti.c...
compiling stm32f1xx_hal_spi.c...
compiling stm32f1xx_hal_tim.c...
compiling stm32f1xx_hal_tim_ex.c...
compiling stm32f1xx_hal_uart.c...
compiling system_stm32f1xx.c...
compiling Link_xxCould.c...
..\xxxCould\Link_xxCould.c(238): warning:  #167-D: argument of type "char *" is incompatible with parameter of type "unsigned char *"
                        OLED_ShowString(16*3 - 8,16*1,data,16);OLED_Refresh();
..\xxxCould\Link_xxCould.c(240): warning:  #167-D: argument of type "char *" is incompatible with parameter of type "unsigned char *"
                        OLED_ShowString(16*3 - 8,16*2,data,16);OLED_Refresh();
..\xxxCould\Link_xxCould.c: 2 warnings, 0 errors
compiling oled.c...
compiling esp8266_mqtt.c...
compiling esp8266_at.c...
compiling hal_temp_hum.c...
..\DHT11\hal_temp_hum.c(130): warning:  #177-D: function "dht11ReadData" was declared but never referenced
  static uint8_t dht11ReadData(uint8_t *temperature, uint8_t *humidity)
..\DHT11\hal_temp_hum.c: 1 warning, 0 errors
linking...
Program Size: Code=16116 RO-data=6604 RW-data=5720 ZI-data=3584  
FromELF: creating hex file...
"Project02\Project02.axf" - 0 Error(s), 4 Warning(s).

<h2>Software Packages used:</h2>

Package Vendor: ARM
                http://www.keil.com/pack/ARM.CMSIS.4.2.0.pack
                ARM::CMSIS:CORE:3.40.0
                CMSIS (Cortex Microcontroller Software Interface Standard)
   * Component: CORE Version: 3.40.0

<h2>Collection of Component include folders:</h2>
  D:\STM32_HAL\Project02\MDK-ARM\RTE
  C:\Keil_v5\ARM\PACK\ARM\CMSIS\4.2.0\CMSIS\Include
  C:\Keil_v5\ARM\PACK\Keil\STM32F1xx_DFP\2.2.0

<h2>Collection of Component Files used:</h2>

   * Component: ARM::CMSIS:CORE:3.40.0
      Source file:   CMSIS\UserCodeTemplates\ARM\ITM_Retarget.c
</pre>
</body>
</html>
