<html>
<body>
<pre>
<h1>µVision Build Log</h1>
<h2>Tool Versions:</h2>
IDE-Version: ¦ÌVision V5.14.0.0
Copyright (C) 2015 ARM Ltd and ARM Germany GmbH. All rights reserved.
License Information: Newland Newland, Newland, LIC=MPPLD-8IE7X-9UP4U-SSVRZ-SY4SR-EMVXW
 
Tool Versions:
Toolchain:       MDK-ARM Standard  Version: 5.14.0.0
Toolchain Path:  C:\Keil_v5\ARM\ARMCC\Bin
C Compiler:      Armcc.exe V5.05 update 1 (build 106)
Assembler:       Armasm.exe V5.05 update 1 (build 106)
Linker/Locator:  ArmLink.exe V5.05 update 1 (build 106)
Library Manager: ArmAr.exe V5.05 update 1 (build 106)
Hex Converter:   FromElf.exe V5.05 update 1 (build 106)
CPU DLL:         SARMCM3.DLL V5.14.0.0
Dialog DLL:      DCM.DLL V1.13.1.0
Target DLL:      STLink\ST-LINKIII-KEIL_SWO.dll V2.0.14.0_KEIL
Dialog DLL:      TCM.DLL V1.14.4.0
 
<h2>Project:</h2>
D:\STM32_HAL\Project01\MDK-ARM\Project01.uvprojx
Project File Date:  11/03/2022

<h2>Output:</h2>
Build target 'Project01'
compiling main.c...
../Core/Src/main.c(150): warning:  #177-D: variable "Counter_RUNLED_Blink" was declared but never referenced
        uint16_t Counter_RUNLED_Blink = 0;
../Core/Src/main.c(152): warning:  #177-D: variable "Counter_MQTT_Heart" was declared but never referenced
        uint16_t Counter_MQTT_Heart = 0;
../Core/Src/main.c(657): warning:  #188-D: enumerated type mixed with another type
                        HAL_GPIO_WritePin(LED_GPIO_Port,LED_Pin,0);
../Core/Src/main.c: 3 warnings, 0 errors
linking...
Program Size: Code=12784 RO-data=496 RW-data=32 ZI-data=2336  
FromELF: creating hex file...
"Project01\Project01.axf" - 0 Error(s), 3 Warning(s).

<h2>Software Packages used:</h2>

Package Vendor: ARM
                http://www.keil.com/pack/ARM.CMSIS.4.2.0.pack
                ARM::CMSIS:CORE:3.40.0
                CMSIS (Cortex Microcontroller Software Interface Standard)
   * Component: CORE Version: 3.40.0

<h2>Collection of Component include folders:</h2>
  D:\STM32_HAL\Project01\MDK-ARM\RTE
  C:\Keil_v5\ARM\PACK\ARM\CMSIS\4.2.0\CMSIS\Include
  C:\Keil_v5\ARM\PACK\Keil\STM32F1xx_DFP\2.2.0

<h2>Collection of Component Files used:</h2>

   * Component: ARM::CMSIS:CORE:3.40.0
      Source file:   CMSIS\UserCodeTemplates\ARM\ITM_Retarget.c
</pre>
</body>
</html>
