Component: ARM Compiler 5.05 update 1 (build 106) Tool: armlink [4d0efa]

==============================================================================

Section Cross References

    startup_stm32f103xb.o(RESET) refers to startup_stm32f103xb.o(STACK) for __initial_sp
    startup_stm32f103xb.o(RESET) refers to startup_stm32f103xb.o(.text) for Reset_Handler
    startup_stm32f103xb.o(RESET) refers to stm32f1xx_it.o(i.NMI_Handler) for NMI_Handler
    startup_stm32f103xb.o(RESET) refers to stm32f1xx_it.o(i.HardFault_Handler) for HardFault_Handler
    startup_stm32f103xb.o(RESET) refers to stm32f1xx_it.o(i.MemManage_Handler) for MemManage_Handler
    startup_stm32f103xb.o(RESET) refers to stm32f1xx_it.o(i.BusFault_Handler) for BusFault_Handler
    startup_stm32f103xb.o(RESET) refers to stm32f1xx_it.o(i.UsageFault_Handler) for UsageFault_Handler
    startup_stm32f103xb.o(RESET) refers to stm32f1xx_it.o(i.SVC_Handler) for SVC_Handler
    startup_stm32f103xb.o(RESET) refers to stm32f1xx_it.o(i.DebugMon_Handler) for DebugMon_Handler
    startup_stm32f103xb.o(RESET) refers to stm32f1xx_it.o(i.PendSV_Handler) for PendSV_Handler
    startup_stm32f103xb.o(RESET) refers to stm32f1xx_it.o(i.SysTick_Handler) for SysTick_Handler
    startup_stm32f103xb.o(RESET) refers to stm32f1xx_it.o(i.EXTI4_IRQHandler) for EXTI4_IRQHandler
    startup_stm32f103xb.o(RESET) refers to stm32f1xx_it.o(i.EXTI9_5_IRQHandler) for EXTI9_5_IRQHandler
    startup_stm32f103xb.o(RESET) refers to stm32f1xx_it.o(i.USART1_IRQHandler) for USART1_IRQHandler
    startup_stm32f103xb.o(RESET) refers to stm32f1xx_it.o(i.USART2_IRQHandler) for USART2_IRQHandler
    startup_stm32f103xb.o(.text) refers to system_stm32f1xx.o(i.SystemInit) for SystemInit
    startup_stm32f103xb.o(.text) refers to entry.o(.ARM.Collect$$$$00000000) for __main
    main.o(i.HAL_GPIO_EXTI_Callback) refers to main.o(i.KEY2_Pressed) for KEY2_Pressed
    main.o(i.HAL_GPIO_EXTI_Callback) refers to main.o(i.KEY1_Pressed) for KEY1_Pressed
    main.o(i.HAL_UART_RxCpltCallback) refers to stm32f1xx_hal_uart.o(i.HAL_UART_Receive_IT) for HAL_UART_Receive_IT
    main.o(i.HAL_UART_RxCpltCallback) refers to esp8266_at.o(.data) for usart1_rxone
    main.o(i.HAL_UART_RxCpltCallback) refers to esp8266_at.o(.bss) for usart1_rxbuf
    main.o(i.HAL_UART_RxCpltCallback) refers to esp8266_at.o(.data) for usart1_rxcounter
    main.o(i.HAL_UART_RxCpltCallback) refers to usart.o(.bss) for huart1
    main.o(i.KEY1_Pressed) refers to printf3.o(i.__0printf$3) for __2printf
    main.o(i.KEY1_Pressed) refers to link_xxcould.o(i.Change_LED_Status) for Change_LED_Status
    main.o(i.KEY2_Pressed) refers to printf3.o(i.__0printf$3) for __2printf
    main.o(i.SystemClock_Config) refers to memseta.o(.text) for __aeabi_memclr4
    main.o(i.SystemClock_Config) refers to stm32f1xx_hal_rcc.o(i.HAL_RCC_OscConfig) for HAL_RCC_OscConfig
    main.o(i.SystemClock_Config) refers to stm32f1xx_hal_rcc.o(i.HAL_RCC_ClockConfig) for HAL_RCC_ClockConfig
    main.o(i.main) refers to stm32f1xx_hal.o(i.HAL_Init) for HAL_Init
    main.o(i.main) refers to main.o(i.SystemClock_Config) for SystemClock_Config
    main.o(i.main) refers to gpio.o(i.MX_GPIO_Init) for MX_GPIO_Init
    main.o(i.main) refers to spi.o(i.MX_SPI1_Init) for MX_SPI1_Init
    main.o(i.main) refers to usart.o(i.MX_USART1_UART_Init) for MX_USART1_UART_Init
    main.o(i.main) refers to usart.o(i.MX_USART2_UART_Init) for MX_USART2_UART_Init
    main.o(i.main) refers to tim.o(i.MX_TIM1_Init) for MX_TIM1_Init
    main.o(i.main) refers to stm32f1xx_hal_uart.o(i.HAL_UART_Receive_IT) for HAL_UART_Receive_IT
    main.o(i.main) refers to link_xxcould.o(i.ES8266_MQTT_Init) for ES8266_MQTT_Init
    main.o(i.main) refers to printf3.o(i.__0printf$3) for __2printf
    main.o(i.main) refers to link_xxcould.o(i.STM32_StatusReport) for STM32_StatusReport
    main.o(i.main) refers to link_xxcould.o(i.deal_MQTT_message) for deal_MQTT_message
    main.o(i.main) refers to stm32f1xx_hal.o(i.HAL_Delay) for HAL_Delay
    main.o(i.main) refers to esp8266_at.o(.data) for usart1_rxone
    main.o(i.main) refers to usart.o(.bss) for huart1
    main.o(i.main) refers to esp8266_at.o(.data) for usart1_rxcounter
    main.o(i.main) refers to esp8266_at.o(.bss) for usart1_rxbuf
    gpio.o(i.MX_GPIO_Init) refers to stm32f1xx_hal_gpio.o(i.HAL_GPIO_WritePin) for HAL_GPIO_WritePin
    gpio.o(i.MX_GPIO_Init) refers to stm32f1xx_hal_gpio.o(i.HAL_GPIO_Init) for HAL_GPIO_Init
    gpio.o(i.MX_GPIO_Init) refers to stm32f1xx_hal_cortex.o(i.HAL_NVIC_SetPriority) for HAL_NVIC_SetPriority
    gpio.o(i.MX_GPIO_Init) refers to stm32f1xx_hal_cortex.o(i.HAL_NVIC_EnableIRQ) for HAL_NVIC_EnableIRQ
    spi.o(i.HAL_SPI_MspDeInit) refers to stm32f1xx_hal_gpio.o(i.HAL_GPIO_DeInit) for HAL_GPIO_DeInit
    spi.o(i.HAL_SPI_MspInit) refers to stm32f1xx_hal_gpio.o(i.HAL_GPIO_Init) for HAL_GPIO_Init
    spi.o(i.MX_SPI1_Init) refers to stm32f1xx_hal_spi.o(i.HAL_SPI_Init) for HAL_SPI_Init
[...]
    Removing stm32f1xx_hal_flash.o(i.HAL_FLASH_Unlock), (40 bytes).
    Removing stm32f1xx_hal_flash.o(.bss), (32 bytes).
    Removing stm32f1xx_hal_flash_ex.o(.rev16_text), (4 bytes).
    Removing stm32f1xx_hal_flash_ex.o(.revsh_text), (4 bytes).
    Removing stm32f1xx_hal_flash_ex.o(.rrx_text), (6 bytes).
    Removing stm32f1xx_hal_flash_ex.o(i.FLASH_MassErase), (36 bytes).
    Removing stm32f1xx_hal_flash_ex.o(i.FLASH_OB_DisableWRP), (176 bytes).
    Removing stm32f1xx_hal_flash_ex.o(i.FLASH_OB_EnableWRP), (176 bytes).
    Removing stm32f1xx_hal_flash_ex.o(i.FLASH_OB_GetRDP), (24 bytes).
    Removing stm32f1xx_hal_flash_ex.o(i.FLASH_OB_RDP_LevelConfig), (100 bytes).
    Removing stm32f1xx_hal_flash_ex.o(i.FLASH_PageErase), (36 bytes).
    Removing stm32f1xx_hal_flash_ex.o(i.HAL_FLASHEx_Erase), (168 bytes).
    Removing stm32f1xx_hal_flash_ex.o(i.HAL_FLASHEx_Erase_IT), (84 bytes).
    Removing stm32f1xx_hal_flash_ex.o(i.HAL_FLASHEx_OBErase), (84 bytes).
    Removing stm32f1xx_hal_flash_ex.o(i.HAL_FLASHEx_OBGetConfig), (36 bytes).
    Removing stm32f1xx_hal_flash_ex.o(i.HAL_FLASHEx_OBGetUserData), (32 bytes).
    Removing stm32f1xx_hal_flash_ex.o(i.HAL_FLASHEx_OBProgram), (200 bytes).
    Removing stm32f1xx_hal_exti.o(.rev16_text), (4 bytes).
    Removing stm32f1xx_hal_exti.o(.revsh_text), (4 bytes).
    Removing stm32f1xx_hal_exti.o(.rrx_text), (6 bytes).
    Removing stm32f1xx_hal_exti.o(i.HAL_EXTI_ClearConfigLine), (104 bytes).
    Removing stm32f1xx_hal_exti.o(i.HAL_EXTI_ClearPending), (20 bytes).
    Removing stm32f1xx_hal_exti.o(i.HAL_EXTI_GenerateSWI), (20 bytes).
    Removing stm32f1xx_hal_exti.o(i.HAL_EXTI_GetConfigLine), (144 bytes).
    Removing stm32f1xx_hal_exti.o(i.HAL_EXTI_GetHandle), (12 bytes).
    Removing stm32f1xx_hal_exti.o(i.HAL_EXTI_GetPending), (24 bytes).
    Removing stm32f1xx_hal_exti.o(i.HAL_EXTI_IRQHandler), (36 bytes).
    Removing stm32f1xx_hal_exti.o(i.HAL_EXTI_RegisterCallback), (14 bytes).
    Removing stm32f1xx_hal_exti.o(i.HAL_EXTI_SetConfigLine), (164 bytes).
    Removing stm32f1xx_hal_tim.o(.rev16_text), (4 bytes).
    Removing stm32f1xx_hal_tim.o(.revsh_text), (4 bytes).
    Removing stm32f1xx_hal_tim.o(.rrx_text), (6 bytes).
    Removing stm32f1xx_hal_tim.o(i.HAL_TIM_Base_DeInit), (92 bytes).
    Removing stm32f1xx_hal_tim.o(i.HAL_TIM_Base_GetState), (6 bytes).
    Removing stm32f1xx_hal_tim.o(i.HAL_TIM_Base_MspDeInit), (2 bytes).
    Removing stm32f1xx_hal_tim.o(i.HAL_TIM_Base_MspInit), (2 bytes).
    Removing stm32f1xx_hal_tim.o(i.HAL_TIM_Base_Start), (80 bytes).
    Removing stm32f1xx_hal_tim.o(i.HAL_TIM_Base_Start_DMA), (152 bytes).
    Removing stm32f1xx_hal_tim.o(i.HAL_TIM_Base_Start_IT), (88 bytes).
    Removing stm32f1xx_hal_tim.o(i.HAL_TIM_Base_Stop), (38 bytes).
    Removing stm32f1xx_hal_tim.o(i.HAL_TIM_Base_Stop_DMA), (58 bytes).
    Removing stm32f1xx_hal_tim.o(i.HAL_TIM_Base_Stop_IT), (48 bytes).
    Removing stm32f1xx_hal_tim.o(i.HAL_TIM_ConfigOCrefClear), (210 bytes).
    Removing stm32f1xx_hal_tim.o(i.HAL_TIM_ConfigTI1Input), (16 bytes).
    Removing stm32f1xx_hal_tim.o(i.HAL_TIM_DMABurstState), (6 bytes).
    Removing stm32f1xx_hal_tim.o(i.HAL_TIM_DMABurst_MultiReadStart), (324 bytes).
    Removing stm32f1xx_hal_tim.o(i.HAL_TIM_DMABurst_MultiWriteStart), (324 bytes).
    Removing stm32f1xx_hal_tim.o(i.HAL_TIM_DMABurst_ReadStart), (18 bytes).
    Removing stm32f1xx_hal_tim.o(i.HAL_TIM_DMABurst_ReadStop), (102 bytes).
    Removing stm32f1xx_hal_tim.o(i.HAL_TIM_DMABurst_WriteStart), (18 bytes).
    Removing stm32f1xx_hal_tim.o(i.HAL_TIM_DMABurst_WriteStop), (102 bytes).
    Removing stm32f1xx_hal_tim.o(i.HAL_TIM_Encoder_DeInit), (76 bytes).
    Removing stm32f1xx_hal_tim.o(i.HAL_TIM_Encoder_GetState), (6 bytes).
    Removing stm32f1xx_hal_tim.o(i.HAL_TIM_Encoder_Init), (164 bytes).
    Removing stm32f1xx_hal_tim.o(i.HAL_TIM_Encoder_MspDeInit), (2 bytes).
    Removing stm32f1xx_hal_tim.o(i.HAL_TIM_Encoder_MspInit), (2 bytes).
    Removing stm32f1xx_hal_tim.o(i.HAL_TIM_Encoder_Start), (142 bytes).
    Removing stm32f1xx_hal_tim.o(i.HAL_TIM_Encoder_Start_DMA), (460 bytes).
    Removing stm32f1xx_hal_tim.o(i.HAL_TIM_Encoder_Start_IT), (182 bytes).
    Removing stm32f1xx_hal_tim.o(i.HAL_TIM_Encoder_Stop), (102 bytes).
    Removing stm32f1xx_hal_tim.o(i.HAL_TIM_Encoder_Stop_DMA), (172 bytes).
    Removing stm32f1xx_hal_tim.o(i.HAL_TIM_Encoder_Stop_IT), (144 bytes).
    Removing stm32f1xx_hal_tim.o(i.HAL_TIM_ErrorCallback), (2 bytes).
    Removing stm32f1xx_hal_tim.o(i.HAL_TIM_GenerateEvent), (38 bytes).
    Removing stm32f1xx_hal_tim.o(i.HAL_TIM_GetActiveChannel), (4 bytes).
    Removing stm32f1xx_hal_tim.o(i.HAL_TIM_GetChannelState), (34 bytes).
    Removing stm32f1xx_hal_tim.o(i.HAL_TIM_IC_CaptureCallback), (2 bytes).
    Removing stm32f1xx_hal_tim.o(i.HAL_TIM_IC_CaptureHalfCpltCallback), (2 bytes).
    Removing stm32f1xx_hal_tim.o(i.HAL_TIM_IC_ConfigChannel), (270 bytes).
    Removing stm32f1xx_hal_tim.o(i.HAL_TIM_IC_DeInit), (92 bytes).
    Removing stm32f1xx_hal_tim.o(i.HAL_TIM_IC_GetState), (6 bytes).
    Removing stm32f1xx_hal_tim.o(i.HAL_TIM_IC_Init), (90 bytes).
    Removing stm32f1xx_hal_tim.o(i.HAL_TIM_IC_MspDeInit), (2 bytes).
    Removing stm32f1xx_hal_tim.o(i.HAL_TIM_IC_MspInit), (2 bytes).
    Removing stm32f1xx_hal_tim.o(i.HAL_TIM_IC_Start), (184 bytes).
    Removing stm32f1xx_hal_tim.o(i.HAL_TIM_IC_Start_DMA), (404 bytes).
    Removing stm32f1xx_hal_tim.o(i.HAL_TIM_IC_Start_IT), (224 bytes).
    Removing stm32f1xx_hal_tim.o(i.HAL_TIM_IC_Stop), (82 bytes).
    Removing stm32f1xx_hal_tim.o(i.HAL_TIM_IC_Stop_DMA), (156 bytes).
    Removing stm32f1xx_hal_tim.o(i.HAL_TIM_IC_Stop_IT), (134 bytes).
    Removing stm32f1xx_hal_tim.o(i.HAL_TIM_IRQHandler), (358 bytes).
    Removing stm32f1xx_hal_tim.o(i.HAL_TIM_OC_ConfigChannel), (76 bytes).
    Removing stm32f1xx_hal_tim.o(i.HAL_TIM_OC_DeInit), (92 bytes).
    Removing stm32f1xx_hal_tim.o(i.HAL_TIM_OC_DelayElapsedCallback), (2 bytes).
    Removing stm32f1xx_hal_tim.o(i.HAL_TIM_OC_GetState), (6 bytes).
    Removing stm32f1xx_hal_tim.o(i.HAL_TIM_OC_Init), (90 bytes).
    Removing stm32f1xx_hal_tim.o(i.HAL_TIM_OC_MspDeInit), (2 bytes).
    Removing stm32f1xx_hal_tim.o(i.HAL_TIM_OC_MspInit), (2 bytes).
    Removing stm32f1xx_hal_tim.o(i.HAL_TIM_OC_Start), (156 bytes).
    Removing stm32f1xx_hal_tim.o(i.HAL_TIM_OC_Start_DMA), (388 bytes).
    Removing stm32f1xx_hal_tim.o(i.HAL_TIM_OC_Start_IT), (196 bytes).
    Removing stm32f1xx_hal_tim.o(i.HAL_TIM_OC_Stop), (112 bytes).
    Removing stm32f1xx_hal_tim.o(i.HAL_TIM_OC_Stop_DMA), (184 bytes).
    Removing stm32f1xx_hal_tim.o(i.HAL_TIM_OC_Stop_IT), (164 bytes).
    Removing stm32f1xx_hal_tim.o(i.HAL_TIM_OnePulse_ConfigChannel), (218 bytes).
    Removing stm32f1xx_hal_tim.o(i.HAL_TIM_OnePulse_DeInit), (76 bytes).
    Removing stm32f1xx_hal_tim.o(i.HAL_TIM_OnePulse_GetState), (6 bytes).
    Removing stm32f1xx_hal_tim.o(i.HAL_TIM_OnePulse_Init), (86 bytes).
    Removing stm32f1xx_hal_tim.o(i.HAL_TIM_OnePulse_MspDeInit), (2 bytes).
    Removing stm32f1xx_hal_tim.o(i.HAL_TIM_OnePulse_MspInit), (2 bytes).
    Removing stm32f1xx_hal_tim.o(i.HAL_TIM_OnePulse_Start), (104 bytes).
    Removing stm32f1xx_hal_tim.o(i.HAL_TIM_OnePulse_Start_IT), (124 bytes).
    Removing stm32f1xx_hal_tim.o(i.HAL_TIM_OnePulse_Stop), (100 bytes).
    Removing stm32f1xx_hal_tim.o(i.HAL_TIM_OnePulse_Stop_IT), (120 bytes).
    Removing stm32f1xx_hal_tim.o(i.HAL_TIM_PWM_ConfigChannel), (198 bytes).
    Removing stm32f1xx_hal_tim.o(i.HAL_TIM_PWM_DeInit), (92 bytes).
    Removing stm32f1xx_hal_tim.o(i.HAL_TIM_PWM_GetState), (6 bytes).
    Removing stm32f1xx_hal_tim.o(i.HAL_TIM_PWM_Init), (90 bytes).
    Removing stm32f1xx_hal_tim.o(i.HAL_TIM_PWM_MspDeInit), (2 bytes).
    Removing stm32f1xx_hal_tim.o(i.HAL_TIM_PWM_MspInit), (2 bytes).
    Removing stm32f1xx_hal_tim.o(i.HAL_TIM_PWM_PulseFinishedCallback), (2 bytes).
    Removing stm32f1xx_hal_tim.o(i.HAL_TIM_PWM_PulseFinishedHalfCpltCallback), (2 bytes).
    Removing stm32f1xx_hal_tim.o(i.HAL_TIM_PWM_Start), (156 bytes).
    Removing stm32f1xx_hal_tim.o(i.HAL_TIM_PWM_Start_DMA), (388 bytes).
    Removing stm32f1xx_hal_tim.o(i.HAL_TIM_PWM_Start_IT), (196 bytes).
    Removing stm32f1xx_hal_tim.o(i.HAL_TIM_PWM_Stop), (112 bytes).
    Removing stm32f1xx_hal_tim.o(i.HAL_TIM_PWM_Stop_DMA), (184 bytes).
    Removing stm32f1xx_hal_tim.o(i.HAL_TIM_PWM_Stop_IT), (164 bytes).
    Removing stm32f1xx_hal_tim.o(i.HAL_TIM_PeriodElapsedCallback), (2 bytes).
    Removing stm32f1xx_hal_tim.o(i.HAL_TIM_PeriodElapsedHalfCpltCallback), (2 bytes).
    Removing stm32f1xx_hal_tim.o(i.HAL_TIM_ReadCapturedValue), (42 bytes).
    Removing stm32f1xx_hal_tim.o(i.HAL_TIM_SlaveConfigSynchro), (86 bytes).
    Removing stm32f1xx_hal_tim.o(i.HAL_TIM_SlaveConfigSynchro_IT), (86 bytes).
    Removing stm32f1xx_hal_tim.o(i.HAL_TIM_TriggerCallback), (2 bytes).
    Removing stm32f1xx_hal_tim.o(i.HAL_TIM_TriggerHalfCpltCallback), (2 bytes).
    Removing stm32f1xx_hal_tim.o(i.TIM_CCxChannelCmd), (26 bytes).
    Removing stm32f1xx_hal_tim.o(i.TIM_DMACaptureCplt), (110 bytes).
    Removing stm32f1xx_hal_tim.o(i.TIM_DMACaptureHalfCplt), (56 bytes).
    Removing stm32f1xx_hal_tim.o(i.TIM_DMADelayPulseCplt), (94 bytes).
    Removing stm32f1xx_hal_tim.o(i.TIM_DMADelayPulseHalfCplt), (56 bytes).
    Removing stm32f1xx_hal_tim.o(i.TIM_DMAError), (84 bytes).
    Removing stm32f1xx_hal_tim.o(i.TIM_DMAPeriodElapsedCplt), (22 bytes).
    Removing stm32f1xx_hal_tim.o(i.TIM_DMAPeriodElapsedHalfCplt), (10 bytes).
    Removing stm32f1xx_hal_tim.o(i.TIM_DMATriggerCplt), (22 bytes).
    Removing stm32f1xx_hal_tim.o(i.TIM_DMATriggerHalfCplt), (10 bytes).
    Removing stm32f1xx_hal_tim.o(i.TIM_OC1_SetConfig), (80 bytes).
    Removing stm32f1xx_hal_tim.o(i.TIM_OC2_SetConfig), (88 bytes).
    Removing stm32f1xx_hal_tim.o(i.TIM_OC3_SetConfig), (88 bytes).
    Removing stm32f1xx_hal_tim.o(i.TIM_OC4_SetConfig), (68 bytes).
    Removing stm32f1xx_hal_tim.o(i.TIM_SlaveTimer_SetConfig), (134 bytes).
    Removing stm32f1xx_hal_tim.o(i.TIM_TI1_SetConfig), (88 bytes).
    Removing stm32f1xx_hal_tim.o(i.TIM_TI2_SetConfig), (54 bytes).
    Removing stm32f1xx_hal_tim_ex.o(.rev16_text), (4 bytes).
    Removing stm32f1xx_hal_tim_ex.o(.revsh_text), (4 bytes).
    Removing stm32f1xx_hal_tim_ex.o(.rrx_text), (6 bytes).
    Removing stm32f1xx_hal_tim_ex.o(i.HAL_TIMEx_BreakCallback), (2 bytes).
    Removing stm32f1xx_hal_tim_ex.o(i.HAL_TIMEx_CommutCallback), (2 bytes).
    Removing stm32f1xx_hal_tim_ex.o(i.HAL_TIMEx_CommutHalfCpltCallback), (2 bytes).
    Removing stm32f1xx_hal_tim_ex.o(i.HAL_TIMEx_ConfigBreakDeadTime), (84 bytes).
    Removing stm32f1xx_hal_tim_ex.o(i.HAL_TIMEx_ConfigCommutEvent), (112 bytes).
    Removing stm32f1xx_hal_tim_ex.o(i.HAL_TIMEx_ConfigCommutEvent_DMA), (144 bytes).
    Removing stm32f1xx_hal_tim_ex.o(i.HAL_TIMEx_ConfigCommutEvent_IT), (112 bytes).
    Removing stm32f1xx_hal_tim_ex.o(i.HAL_TIMEx_GetChannelNState), (34 bytes).
    Removing stm32f1xx_hal_tim_ex.o(i.HAL_TIMEx_HallSensor_DeInit), (76 bytes).
    Removing stm32f1xx_hal_tim_ex.o(i.HAL_TIMEx_HallSensor_GetState), (6 bytes).
    Removing stm32f1xx_hal_tim_ex.o(i.HAL_TIMEx_HallSensor_Init), (208 bytes).
    Removing stm32f1xx_hal_tim_ex.o(i.HAL_TIMEx_HallSensor_MspDeInit), (2 bytes).
    Removing stm32f1xx_hal_tim_ex.o(i.HAL_TIMEx_HallSensor_MspInit), (2 bytes).
    Removing stm32f1xx_hal_tim_ex.o(i.HAL_TIMEx_HallSensor_Start), (128 bytes).
    Removing stm32f1xx_hal_tim_ex.o(i.HAL_TIMEx_HallSensor_Start_DMA), (184 bytes).
    Removing stm32f1xx_hal_tim_ex.o(i.HAL_TIMEx_HallSensor_Start_IT), (140 bytes).
    Removing stm32f1xx_hal_tim_ex.o(i.HAL_TIMEx_HallSensor_Stop), (58 bytes).
    Removing stm32f1xx_hal_tim_ex.o(i.HAL_TIMEx_HallSensor_Stop_DMA), (70 bytes).
    Removing stm32f1xx_hal_tim_ex.o(i.HAL_TIMEx_HallSensor_Stop_IT), (68 bytes).
    Removing stm32f1xx_hal_tim_ex.o(i.HAL_TIMEx_OCN_Start), (152 bytes).
    Removing stm32f1xx_hal_tim_ex.o(i.HAL_TIMEx_OCN_Start_DMA), (336 bytes).
    Removing stm32f1xx_hal_tim_ex.o(i.HAL_TIMEx_OCN_Start_IT), (188 bytes).
    Removing stm32f1xx_hal_tim_ex.o(i.HAL_TIMEx_OCN_Stop), (104 bytes).
    Removing stm32f1xx_hal_tim_ex.o(i.HAL_TIMEx_OCN_Stop_DMA), (158 bytes).
    Removing stm32f1xx_hal_tim_ex.o(i.HAL_TIMEx_OCN_Stop_IT), (160 bytes).
    Removing stm32f1xx_hal_tim_ex.o(i.HAL_TIMEx_OnePulseN_Start), (100 bytes).
    Removing stm32f1xx_hal_tim_ex.o(i.HAL_TIMEx_OnePulseN_Start_IT), (120 bytes).
    Removing stm32f1xx_hal_tim_ex.o(i.HAL_TIMEx_OnePulseN_Stop), (98 bytes).
    Removing stm32f1xx_hal_tim_ex.o(i.HAL_TIMEx_OnePulseN_Stop_IT), (120 bytes).
    Removing stm32f1xx_hal_tim_ex.o(i.HAL_TIMEx_PWMN_Start), (152 bytes).
    Removing stm32f1xx_hal_tim_ex.o(i.HAL_TIMEx_PWMN_Start_DMA), (336 bytes).
    Removing stm32f1xx_hal_tim_ex.o(i.HAL_TIMEx_PWMN_Start_IT), (188 bytes).
    Removing stm32f1xx_hal_tim_ex.o(i.HAL_TIMEx_PWMN_Stop), (104 bytes).
    Removing stm32f1xx_hal_tim_ex.o(i.HAL_TIMEx_PWMN_Stop_DMA), (158 bytes).
    Removing stm32f1xx_hal_tim_ex.o(i.HAL_TIMEx_PWMN_Stop_IT), (160 bytes).
    Removing stm32f1xx_hal_tim_ex.o(i.HAL_TIMEx_RemapConfig), (4 bytes).
    Removing stm32f1xx_hal_tim_ex.o(i.TIMEx_DMACommutationCplt), (16 bytes).
    Removing stm32f1xx_hal_tim_ex.o(i.TIMEx_DMACommutationHalfCplt), (16 bytes).
    Removing stm32f1xx_hal_tim_ex.o(i.TIM_CCxNChannelCmd), (26 bytes).
    Removing stm32f1xx_hal_tim_ex.o(i.TIM_DMADelayPulseNCplt), (94 bytes).
    Removing stm32f1xx_hal_tim_ex.o(i.TIM_DMAErrorCCxN), (62 bytes).
    Removing stm32f1xx_hal_uart.o(.rev16_text), (4 bytes).
    Removing stm32f1xx_hal_uart.o(.revsh_text), (4 bytes).
    Removing stm32f1xx_hal_uart.o(.rrx_text), (6 bytes).
    Removing stm32f1xx_hal_uart.o(i.HAL_HalfDuplex_EnableReceiver), (50 bytes).
    Removing stm32f1xx_hal_uart.o(i.HAL_HalfDuplex_EnableTransmitter), (50 bytes).
    Removing stm32f1xx_hal_uart.o(i.HAL_HalfDuplex_Init), (108 bytes).
    Removing stm32f1xx_hal_uart.o(i.HAL_LIN_Init), (128 bytes).
    Removing stm32f1xx_hal_uart.o(i.HAL_LIN_SendBreak), (46 bytes).
    Removing stm32f1xx_hal_uart.o(i.HAL_MultiProcessor_EnterMuteMode), (46 bytes).
    Removing stm32f1xx_hal_uart.o(i.HAL_MultiProcessor_ExitMuteMode), (46 bytes).
    Removing stm32f1xx_hal_uart.o(i.HAL_MultiProcessor_Init), (142 bytes).
    Removing stm32f1xx_hal_uart.o(i.HAL_UARTEx_ReceiveToIdle), (254 bytes).
    Removing stm32f1xx_hal_uart.o(i.HAL_UARTEx_ReceiveToIdle_DMA), (74 bytes).
    Removing stm32f1xx_hal_uart.o(i.HAL_UARTEx_ReceiveToIdle_IT), (74 bytes).
    Removing stm32f1xx_hal_uart.o(i.HAL_UART_Abort), (156 bytes).
    Removing stm32f1xx_hal_uart.o(i.HAL_UART_AbortCpltCallback), (2 bytes).
    Removing stm32f1xx_hal_uart.o(i.HAL_UART_AbortReceive), (106 bytes).
    Removing stm32f1xx_hal_uart.o(i.HAL_UART_AbortReceiveCpltCallback), (2 bytes).
    Removing stm32f1xx_hal_uart.o(i.HAL_UART_AbortReceive_IT), (112 bytes).
    Removing stm32f1xx_hal_uart.o(i.HAL_UART_AbortTransmit), (78 bytes).
    Removing stm32f1xx_hal_uart.o(i.HAL_UART_AbortTransmitCpltCallback), (2 bytes).
    Removing stm32f1xx_hal_uart.o(i.HAL_UART_AbortTransmit_IT), (84 bytes).
    Removing stm32f1xx_hal_uart.o(i.HAL_UART_Abort_IT), (188 bytes).
    Removing stm32f1xx_hal_uart.o(i.HAL_UART_DMAPause), (102 bytes).
    Removing stm32f1xx_hal_uart.o(i.HAL_UART_DMAResume), (94 bytes).
    Removing stm32f1xx_hal_uart.o(i.HAL_UART_DMAStop), (88 bytes).
    Removing stm32f1xx_hal_uart.o(i.HAL_UART_DeInit), (52 bytes).
    Removing stm32f1xx_hal_uart.o(i.HAL_UART_GetError), (4 bytes).
    Removing stm32f1xx_hal_uart.o(i.HAL_UART_GetState), (10 bytes).
    Removing stm32f1xx_hal_uart.o(i.HAL_UART_MspDeInit), (2 bytes).
    Removing stm32f1xx_hal_uart.o(i.HAL_UART_MspInit), (2 bytes).
    Removing stm32f1xx_hal_uart.o(i.HAL_UART_Receive), (192 bytes).
    Removing stm32f1xx_hal_uart.o(i.HAL_UART_Receive_DMA), (42 bytes).
    Removing stm32f1xx_hal_uart.o(i.HAL_UART_RxCpltCallback), (2 bytes).
    Removing stm32f1xx_hal_uart.o(i.HAL_UART_RxHalfCpltCallback), (2 bytes).
    Removing stm32f1xx_hal_uart.o(i.HAL_UART_Transmit_DMA), (128 bytes).
    Removing stm32f1xx_hal_uart.o(i.HAL_UART_Transmit_IT), (62 bytes).
    Removing stm32f1xx_hal_uart.o(i.HAL_UART_TxHalfCpltCallback), (2 bytes).
    Removing stm32f1xx_hal_uart.o(i.UART_DMAError), (74 bytes).
    Removing stm32f1xx_hal_uart.o(i.UART_DMAReceiveCplt), (90 bytes).
    Removing stm32f1xx_hal_uart.o(i.UART_DMARxAbortCallback), (44 bytes).
    Removing stm32f1xx_hal_uart.o(i.UART_DMARxHalfCplt), (26 bytes).
    Removing stm32f1xx_hal_uart.o(i.UART_DMARxOnlyAbortCallback), (22 bytes).
    Removing stm32f1xx_hal_uart.o(i.UART_DMATransmitCplt), (46 bytes).
    Removing stm32f1xx_hal_uart.o(i.UART_DMATxAbortCallback), (44 bytes).
    Removing stm32f1xx_hal_uart.o(i.UART_DMATxHalfCplt), (10 bytes).
    Removing stm32f1xx_hal_uart.o(i.UART_DMATxOnlyAbortCallback), (20 bytes).
    Removing stm32f1xx_hal_uart.o(i.UART_EndTxTransfer), (18 bytes).
    Removing stm32f1xx_hal_uart.o(i.UART_Start_Receive_DMA), (112 bytes).
    Removing system_stm32f1xx.o(.rev16_text), (4 bytes).
    Removing system_stm32f1xx.o(.revsh_text), (4 bytes).
    Removing system_stm32f1xx.o(.rrx_text), (6 bytes).
    Removing system_stm32f1xx.o(i.SystemCoreClockUpdate), (104 bytes).
    Removing link_xxcould.o(.rev16_text), (4 bytes).
    Removing link_xxcould.o(.revsh_text), (4 bytes).
    Removing link_xxcould.o(.rrx_text), (6 bytes).
    Removing link_xxcould.o(i.TEST_DHT11), (84 bytes).
    Removing link_xxcould.o(i.TEST_ES8266MQTT), (580 bytes).
    Removing link_xxcould.o(i.TEST_LED), (52 bytes).
    Removing link_xxcould.o(i.TEST_delayus), (100 bytes).
    Removing link_xxcould.o(i.TEST_usart2), (60 bytes).
    Removing link_xxcould.o(.data), (2 bytes).
    Removing oled.o(.rev16_text), (4 bytes).
    Removing oled.o(.revsh_text), (4 bytes).
    Removing oled.o(.rrx_text), (6 bytes).
    Removing oled.o(i.OLED_Clear), (44 bytes).
    Removing oled.o(i.OLED_ClearPoint), (32 bytes).
    Removing oled.o(i.OLED_ColorTurn), (24 bytes).
    Removing oled.o(i.OLED_DisPlay_Off), (30 bytes).
    Removing oled.o(i.OLED_DisPlay_On), (30 bytes).
    Removing oled.o(i.OLED_DisplayTurn), (44 bytes).
    Removing oled.o(i.OLED_DrawCircle), (180 bytes).
    Removing oled.o(i.OLED_DrawGIF), (84 bytes).
    Removing oled.o(i.OLED_DrawLine), (142 bytes).
    Removing oled.o(i.OLED_DrawPoint), (28 bytes).
    Removing oled.o(i.OLED_DrawSquare), (56 bytes).
    Removing oled.o(i.OLED_Init), (268 bytes).
    Removing oled.o(i.OLED_Pow), (16 bytes).
    Removing oled.o(i.OLED_Printf), (28 bytes).
    Removing oled.o(i.OLED_Refresh), (76 bytes).
    Removing oled.o(i.OLED_ScrollDisplay), (144 bytes).
    Removing oled.o(i.OLED_ShowChar), (168 bytes).
    Removing oled.o(i.OLED_ShowChinese), (216 bytes).
    Removing oled.o(i.OLED_ShowNum), (94 bytes).
    Removing oled.o(i.OLED_ShowPicture), (22 bytes).
    Removing oled.o(i.OLED_ShowPicture2), (64 bytes).
    Removing oled.o(i.OLED_ShowString), (64 bytes).
    Removing oled.o(i.OLED_WR_BP), (40 bytes).
    Removing oled.o(i.OLED_WR_Byte), (76 bytes).
    Removing oled.o(.bss), (1152 bytes).
    Removing oled.o(.constdata), (6080 bytes).
    Removing oled.o(.data), (4952 bytes).
    Removing esp8266_mqtt.o(.rev16_text), (4 bytes).
    Removing esp8266_mqtt.o(.revsh_text), (4 bytes).
    Removing esp8266_mqtt.o(.rrx_text), (6 bytes).
    Removing esp8266_mqtt.o(i.MQTT_Disconnect), (12 bytes).
    Removing esp8266_mqtt.o(i.MQTT_Init), (56 bytes).
    Removing esp8266_mqtt.o(i.MQTT_SentHeart), (12 bytes).
    Removing esp8266_mqtt.o(.constdata), (4 bytes).
    Removing esp8266_mqtt.o(.constdata), (4 bytes).
    Removing esp8266_mqtt.o(.constdata), (2 bytes).
    Removing esp8266_mqtt.o(.constdata), (2 bytes).
    Removing esp8266_at.o(.rev16_text), (4 bytes).
    Removing esp8266_at.o(.revsh_text), (4 bytes).
    Removing esp8266_at.o(.rrx_text), (6 bytes).
    Removing esp8266_at.o(i.DisconnectServer), (92 bytes).
    Removing esp8266_at.o(i.ESP8266_Restore), (40 bytes).
    Removing hal_temp_hum.o(.rev16_text), (4 bytes).
    Removing hal_temp_hum.o(.revsh_text), (4 bytes).
    Removing hal_temp_hum.o(.rrx_text), (6 bytes).
    Removing hal_temp_hum.o(i.dht11Init), (28 bytes).
    Removing dadd.o(.text), (334 bytes).
    Removing dmul.o(.text), (228 bytes).
    Removing ddiv.o(.text), (222 bytes).
    Removing dfixul.o(.text), (48 bytes).
    Removing cdrcmple.o(.text), (48 bytes).
    Removing depilogue.o(.text), (186 bytes).

503 unused section(s) (total 46880 bytes) removed from the image.

==============================================================================

Image Symbol Table

    Local Symbols

    Symbol Name                              Value     Ov Type        Size  Object(Section)

    ../Core/Src/gpio.c                       0x00000000   Number         0  gpio.o ABSOLUTE
    ../Core/Src/main.c                       0x00000000   Number         0  main.o ABSOLUTE
    ../Core/Src/spi.c                        0x00000000   Number         0  spi.o ABSOLUTE
    ../Core/Src/stm32f1xx_hal_msp.c          0x00000000   Number         0  stm32f1xx_hal_msp.o ABSOLUTE
    ../Core/Src/stm32f1xx_it.c               0x00000000   Number         0  stm32f1xx_it.o ABSOLUTE
    ../Core/Src/system_stm32f1xx.c           0x00000000   Number         0  system_stm32f1xx.o ABSOLUTE
    ../Core/Src/tim.c                        0x00000000   Number         0  tim.o ABSOLUTE
    ../Core/Src/usart.c                      0x00000000   Number         0  usart.o ABSOLUTE
    ../Drivers/STM32F1xx_HAL_Driver/Src/stm32f1xx_hal.c 0x00000000   Number         0  stm32f1xx_hal.o ABSOLUTE
    ../Drivers/STM32F1xx_HAL_Driver/Src/stm32f1xx_hal_cortex.c 0x00000000   Number         0  stm32f1xx_hal_cortex.o ABSOLUTE
    ../Drivers/STM32F1xx_HAL_Driver/Src/stm32f1xx_hal_dma.c 0x00000000   Number         0  stm32f1xx_hal_dma.o ABSOLUTE
    ../Drivers/STM32F1xx_HAL_Driver/Src/stm32f1xx_hal_exti.c 0x00000000   Number         0  stm32f1xx_hal_exti.o ABSOLUTE
    ../Drivers/STM32F1xx_HAL_Driver/Src/stm32f1xx_hal_flash.c 0x00000000   Number         0  stm32f1xx_hal_flash.o ABSOLUTE
    ../Drivers/STM32F1xx_HAL_Driver/Src/stm32f1xx_hal_flash_ex.c 0x00000000   Number         0  stm32f1xx_hal_flash_ex.o ABSOLUTE
    ../Drivers/STM32F1xx_HAL_Driver/Src/stm32f1xx_hal_gpio.c 0x00000000   Number         0  stm32f1xx_hal_gpio.o ABSOLUTE
    ../Drivers/STM32F1xx_HAL_Driver/Src/stm32f1xx_hal_gpio_ex.c 0x00000000   Number         0  stm32f1xx_hal_gpio_ex.o ABSOLUTE
    ../Drivers/STM32F1xx_HAL_Driver/Src/stm32f1xx_hal_pwr.c 0x00000000   Number         0  stm32f1xx_hal_pwr.o ABSOLUTE
    ../Drivers/STM32F1xx_HAL_Driver/Src/stm32f1xx_hal_rcc.c 0x00000000   Number         0  stm32f1xx_hal_rcc.o ABSOLUTE
    ../Drivers/STM32F1xx_HAL_Driver/Src/stm32f1xx_hal_rcc_ex.c 0x00000000   Number         0  stm32f1xx_hal_rcc_ex.o ABSOLUTE
    ../Drivers/STM32F1xx_HAL_Driver/Src/stm32f1xx_hal_spi.c 0x00000000   Number         0  stm32f1xx_hal_spi.o ABSOLUTE
    ../Drivers/STM32F1xx_HAL_Driver/Src/stm32f1xx_hal_tim.c 0x00000000   Number         0  stm32f1xx_hal_tim.o ABSOLUTE
    ../Drivers/STM32F1xx_HAL_Driver/Src/stm32f1xx_hal_tim_ex.c 0x00000000   Number         0  stm32f1xx_hal_tim_ex.o ABSOLUTE
    ../Drivers/STM32F1xx_HAL_Driver/Src/stm32f1xx_hal_uart.c 0x00000000   Number         0  stm32f1xx_hal_uart.o ABSOLUTE
    ../clib/microlib/division.c              0x00000000   Number         0  uldiv.o ABSOLUTE
    ../clib/microlib/division.c              0x00000000   Number         0  uidiv.o ABSOLUTE
    ../clib/microlib/init/entry.s            0x00000000   Number         0  entry7a.o ABSOLUTE
    ../clib/microlib/init/entry.s            0x00000000   Number         0  entry5.o ABSOLUTE
    ../clib/microlib/init/entry.s            0x00000000   Number         0  entry2.o ABSOLUTE
    ../clib/microlib/init/entry.s            0x00000000   Number         0  entry8b.o ABSOLUTE
    ../clib/microlib/init/entry.s            0x00000000   Number         0  entry7b.o ABSOLUTE
    ../clib/microlib/init/entry.s            0x00000000   Number         0  entry11b.o ABSOLUTE
    ../clib/microlib/init/entry.s            0x00000000   Number         0  entry11a.o ABSOLUTE
    ../clib/microlib/init/entry.s            0x00000000   Number         0  entry10a.o ABSOLUTE
    ../clib/microlib/init/entry.s            0x00000000   Number         0  entry9b.o ABSOLUTE
    ../clib/microlib/init/entry.s            0x00000000   Number         0  entry9a.o ABSOLUTE
    ../clib/microlib/init/entry.s            0x00000000   Number         0  entry.o ABSOLUTE
    ../clib/microlib/init/entry.s            0x00000000   Number         0  entry8a.o ABSOLUTE
    ../clib/microlib/init/entry.s            0x00000000   Number         0  entry10b.o ABSOLUTE
    ../clib/microlib/longlong.c              0x00000000   Number         0  llsshr.o ABSOLUTE
    ../clib/microlib/longlong.c              0x00000000   Number         0  llshl.o ABSOLUTE
    ../clib/microlib/longlong.c              0x00000000   Number         0  llushr.o ABSOLUTE
    ../clib/microlib/printf/printf.c         0x00000000   Number         0  printf3.o ABSOLUTE
    ../clib/microlib/printf/printf.c         0x00000000   Number         0  printf4.o ABSOLUTE
    ../clib/microlib/printf/printf.c         0x00000000   Number         0  printf5.o ABSOLUTE
    ../clib/microlib/printf/printf.c         0x00000000   Number         0  printfa.o ABSOLUTE
    ../clib/microlib/printf/printf.c         0x00000000   Number         0  printf8.o ABSOLUTE
    ../clib/microlib/printf/printf.c         0x00000000   Number         0  printf7.o ABSOLUTE
    ../clib/microlib/printf/printf.c         0x00000000   Number         0  printf0.o ABSOLUTE
    ../clib/microlib/printf/printf.c         0x00000000   Number         0  printfb.o ABSOLUTE
    ../clib/microlib/printf/printf.c         0x00000000   Number         0  printf6.o ABSOLUTE
    ../clib/microlib/printf/printf.c         0x00000000   Number         0  printf1.o ABSOLUTE
    ../clib/microlib/printf/printf.c         0x00000000   Number         0  printf2.o ABSOLUTE
    ../clib/microlib/printf/stubs.s          0x00000000   Number         0  stubs.o ABSOLUTE
    ../clib/microlib/stdio/streams.c         0x00000000   Number         0  stdout.o ABSOLUTE
    ../clib/microlib/string/memcpy.c         0x00000000   Number         0  memcpya.o ABSOLUTE
    ../clib/microlib/string/memcpy.c         0x00000000   Number         0  memcpyb.o ABSOLUTE
    ../clib/microlib/string/memset.c         0x00000000   Number         0  memseta.o ABSOLUTE
    ../clib/microlib/string/strcat.c         0x00000000   Number         0  strcat.o ABSOLUTE
    ../clib/microlib/string/strcmp.c         0x00000000   Number         0  strcmp.o ABSOLUTE
    ../clib/microlib/string/strcpy.c         0x00000000   Number         0  strcpy.o ABSOLUTE
    ../clib/microlib/string/strlen.c         0x00000000   Number         0  strlen.o ABSOLUTE
    ../clib/microlib/string/strstr.c         0x00000000   Number         0  strstr.o ABSOLUTE
    ../clib/microlib/stubs.s                 0x00000000   Number         0  iusefp.o ABSOLUTE
    ../fplib/microlib/fpadd.c                0x00000000   Number         0  dadd.o ABSOLUTE
    ../fplib/microlib/fpdiv.c                0x00000000   Number         0  ddiv.o ABSOLUTE
    ../fplib/microlib/fpepilogue.c           0x00000000   Number         0  depilogue.o ABSOLUTE
    ../fplib/microlib/fpfix.c                0x00000000   Number         0  dfixul.o ABSOLUTE
    ../fplib/microlib/fpmul.c                0x00000000   Number         0  dmul.o ABSOLUTE
    ..\Core\Src\gpio.c                       0x00000000   Number         0  gpio.o ABSOLUTE
    ..\Core\Src\main.c                       0x00000000   Number         0  main.o ABSOLUTE
    ..\Core\Src\spi.c                        0x00000000   Number         0  spi.o ABSOLUTE
    ..\Core\Src\stm32f1xx_hal_msp.c          0x00000000   Number         0  stm32f1xx_hal_msp.o ABSOLUTE
    ..\Core\Src\stm32f1xx_it.c               0x00000000   Number         0  stm32f1xx_it.o ABSOLUTE
    ..\Core\Src\system_stm32f1xx.c           0x00000000   Number         0  system_stm32f1xx.o ABSOLUTE
    ..\Core\Src\tim.c                        0x00000000   Number         0  tim.o ABSOLUTE
    ..\Core\Src\usart.c                      0x00000000   Number         0  usart.o ABSOLUTE
    ..\DHT11\hal_temp_hum.c                  0x00000000   Number         0  hal_temp_hum.o ABSOLUTE
    ..\Drivers\STM32F1xx_HAL_Driver\Src\stm32f1xx_hal.c 0x00000000   Number         0  stm32f1xx_hal.o ABSOLUTE
    ..\Drivers\STM32F1xx_HAL_Driver\Src\stm32f1xx_hal_cortex.c 0x00000000   Number         0  stm32f1xx_hal_cortex.o ABSOLUTE
    ..\Drivers\STM32F1xx_HAL_Driver\Src\stm32f1xx_hal_dma.c 0x00000000   Number         0  stm32f1xx_hal_dma.o ABSOLUTE
    ..\Drivers\STM32F1xx_HAL_Driver\Src\stm32f1xx_hal_exti.c 0x00000000   Number         0  stm32f1xx_hal_exti.o ABSOLUTE
    ..\Drivers\STM32F1xx_HAL_Driver\Src\stm32f1xx_hal_flash.c 0x00000000   Number         0  stm32f1xx_hal_flash.o ABSOLUTE
    ..\Drivers\STM32F1xx_HAL_Driver\Src\stm32f1xx_hal_flash_ex.c 0x00000000   Number         0  stm32f1xx_hal_flash_ex.o ABSOLUTE
    ..\Drivers\STM32F1xx_HAL_Driver\Src\stm32f1xx_hal_gpio.c 0x00000000   Number         0  stm32f1xx_hal_gpio.o ABSOLUTE
    ..\Drivers\STM32F1xx_HAL_Driver\Src\stm32f1xx_hal_gpio_ex.c 0x00000000   Number         0  stm32f1xx_hal_gpio_ex.o ABSOLUTE
    ..\Drivers\STM32F1xx_HAL_Driver\Src\stm32f1xx_hal_pwr.c 0x00000000   Number         0  stm32f1xx_hal_pwr.o ABSOLUTE
    ..\Drivers\STM32F1xx_HAL_Driver\Src\stm32f1xx_hal_rcc.c 0x00000000   Number         0  stm32f1xx_hal_rcc.o ABSOLUTE
    ..\Drivers\STM32F1xx_HAL_Driver\Src\stm32f1xx_hal_rcc_ex.c 0x00000000   Number         0  stm32f1xx_hal_rcc_ex.o ABSOLUTE
    ..\Drivers\STM32F1xx_HAL_Driver\Src\stm32f1xx_hal_spi.c 0x00000000   Number         0  stm32f1xx_hal_spi.o ABSOLUTE
    ..\Drivers\STM32F1xx_HAL_Driver\Src\stm32f1xx_hal_tim.c 0x00000000   Number         0  stm32f1xx_hal_tim.o ABSOLUTE
    ..\Drivers\STM32F1xx_HAL_Driver\Src\stm32f1xx_hal_tim_ex.c 0x00000000   Number         0  stm32f1xx_hal_tim_ex.o ABSOLUTE
    ..\Drivers\STM32F1xx_HAL_Driver\Src\stm32f1xx_hal_uart.c 0x00000000   Number         0  stm32f1xx_hal_uart.o ABSOLUTE
    ..\ESP8266\esp8266_at.c                  0x00000000   Number         0  esp8266_at.o ABSOLUTE
    ..\MQTT\esp8266_mqtt.c                   0x00000000   Number         0  esp8266_mqtt.o ABSOLUTE
    ..\OLED\oled.c                           0x00000000   Number         0  oled.o ABSOLUTE
    ..\\DHT11\\hal_temp_hum.c                0x00000000   Number         0  hal_temp_hum.o ABSOLUTE
    ..\\ESP8266\\esp8266_at.c                0x00000000   Number         0  esp8266_at.o ABSOLUTE
    ..\\MQTT\\esp8266_mqtt.c                 0x00000000   Number         0  esp8266_mqtt.o ABSOLUTE
    ..\\OLED\\oled.c                         0x00000000   Number         0  oled.o ABSOLUTE
    ..\\xxxCould\\Link_xxCould.c             0x00000000   Number         0  link_xxcould.o ABSOLUTE
    ..\xxxCould\Link_xxCould.c               0x00000000   Number         0  link_xxcould.o ABSOLUTE
    cdrcmple.s                               0x00000000   Number         0  cdrcmple.o ABSOLUTE
    dc.s                                     0x00000000   Number         0  dc.o ABSOLUTE
    handlers.s                               0x00000000   Number         0  handlers.o ABSOLUTE
    init.s                                   0x00000000   Number         0  init.o ABSOLUTE
    startup_stm32f103xb.s                    0x00000000   Number         0  startup_stm32f103xb.o ABSOLUTE
    RESET                                    0x08000000   Section      236  startup_stm32f103xb.o(RESET)
    .ARM.Collect$$$$00000000                 0x080000ec   Section        0  entry.o(.ARM.Collect$$$$00000000)
    .ARM.Collect$$$$00000001                 0x080000ec   Section        4  entry2.o(.ARM.Collect$$$$00000001)
    .ARM.Collect$$$$00000004                 0x080000f0   Section        4  entry5.o(.ARM.Collect$$$$00000004)
    .ARM.Collect$$$$00000008                 0x080000f4   Section        0  entry7b.o(.ARM.Collect$$$$00000008)
    .ARM.Collect$$$$0000000A                 0x080000f4   Section        0  entry8b.o(.ARM.Collect$$$$0000000A)
    .ARM.Collect$$$$0000000B                 0x080000f4   Section        8  entry9a.o(.ARM.Collect$$$$0000000B)
    .ARM.Collect$$$$0000000D                 0x080000fc   Section        0  entry10a.o(.ARM.Collect$$$$0000000D)
    .ARM.Collect$$$$0000000F                 0x080000fc   Section        0  entry11a.o(.ARM.Collect$$$$0000000F)
    .ARM.Collect$$$$00002712                 0x080000fc   Section        4  entry2.o(.ARM.Collect$$$$00002712)
    __lit__00000000                          0x080000fc   Data           4  entry2.o(.ARM.Collect$$$$00002712)
    .text                                    0x08000100   Section       36  startup_stm32f103xb.o(.text)
    .text                                    0x08000124   Section        0  memcpya.o(.text)
    .text                                    0x08000148   Section        0  memseta.o(.text)
    .text                                    0x0800016c   Section        0  strcat.o(.text)
    .text                                    0x08000184   Section        0  strstr.o(.text)
    .text                                    0x080001a8   Section        0  strlen.o(.text)
    .text                                    0x080001b6   Section        0  strcmp.o(.text)
    .text                                    0x080001d2   Section        0  strcpy.o(.text)
    .text                                    0x080001e4   Section        0  uidiv.o(.text)
    .text                                    0x08000210   Section       36  init.o(.text)
    i.BusFault_Handler                       0x08000234   Section        0  stm32f1xx_it.o(i.BusFault_Handler)
    i.Change_LED_Status                      0x08000238   Section        0  link_xxcould.o(i.Change_LED_Status)
    i.DHT11_IO_IN                            0x08000248   Section        0  hal_temp_hum.o(i.DHT11_IO_IN)
    i.DHT11_IO_OUT                           0x08000268   Section        0  hal_temp_hum.o(i.DHT11_IO_OUT)
    i.DebugMon_Handler                       0x08000284   Section        0  stm32f1xx_it.o(i.DebugMon_Handler)
    i.ES8266_MQTT_Init                       0x08000288   Section        0  link_xxcould.o(i.ES8266_MQTT_Init)
    i.ESP8266_ATSendBuf                      0x080004cc   Section        0  esp8266_at.o(i.ESP8266_ATSendBuf)
    i.ESP8266_ATSendString                   0x08000500   Section        0  esp8266_at.o(i.ESP8266_ATSendString)
    i.ESP8266_Check                          0x0800053c   Section        0  esp8266_at.o(i.ESP8266_Check)
    i.ESP8266_ConnectAP                      0x08000580   Section        0  esp8266_at.o(i.ESP8266_ConnectAP)
    i.ESP8266_ConnectServer                  0x08000638   Section        0  esp8266_at.o(i.ESP8266_ConnectServer)
    i.ESP8266_ExitUnvarnishedTrans           0x08000740   Section        0  esp8266_at.o(i.ESP8266_ExitUnvarnishedTrans)
    i.ESP8266_Init                           0x08000764   Section        0  esp8266_at.o(i.ESP8266_Init)
    i.EXTI4_IRQHandler                       0x080007e0   Section        0  stm32f1xx_it.o(i.EXTI4_IRQHandler)
    i.EXTI9_5_IRQHandler                     0x080007e6   Section        0  stm32f1xx_it.o(i.EXTI9_5_IRQHandler)
    i.Enter_ErrorMode                        0x080007ec   Section        0  link_xxcould.o(i.Enter_ErrorMode)
    i.Error_Handler                          0x08000940   Section        0  main.o(i.Error_Handler)
    i.FindStr                                0x08000944   Section        0  esp8266_at.o(i.FindStr)
    i.GetSubStrPos                           0x08000974   Section        0  link_xxcould.o(i.GetSubStrPos)
    i.HAL_DMA_Abort                          0x080009b4   Section        0  stm32f1xx_hal_dma.o(i.HAL_DMA_Abort)
    i.HAL_DMA_Abort_IT                       0x080009fc   Section        0  stm32f1xx_hal_dma.o(i.HAL_DMA_Abort_IT)
    i.HAL_Delay                              0x08000a94   Section        0  stm32f1xx_hal.o(i.HAL_Delay)
    i.HAL_GPIO_EXTI_Callback                 0x08000ab8   Section        0  main.o(i.HAL_GPIO_EXTI_Callback)
    i.HAL_GPIO_EXTI_IRQHandler               0x08000acc   Section        0  stm32f1xx_hal_gpio.o(i.HAL_GPIO_EXTI_IRQHandler)
    i.HAL_GPIO_Init                          0x08000ae4   Section        0  stm32f1xx_hal_gpio.o(i.HAL_GPIO_Init)
    i.HAL_GPIO_ReadPin                       0x08000cc4   Section        0  stm32f1xx_hal_gpio.o(i.HAL_GPIO_ReadPin)
    i.HAL_GPIO_TogglePin                     0x08000cce   Section        0  stm32f1xx_hal_gpio.o(i.HAL_GPIO_TogglePin)
    i.HAL_GPIO_WritePin                      0x08000cde   Section        0  stm32f1xx_hal_gpio.o(i.HAL_GPIO_WritePin)
    i.HAL_GetTick                            0x08000ce8   Section        0  stm32f1xx_hal.o(i.HAL_GetTick)
    i.HAL_IncTick                            0x08000cf4   Section        0  stm32f1xx_hal.o(i.HAL_IncTick)
    i.HAL_Init                               0x08000d04   Section        0  stm32f1xx_hal.o(i.HAL_Init)
    i.HAL_InitTick                           0x08000d28   Section        0  stm32f1xx_hal.o(i.HAL_InitTick)
    i.HAL_MspInit                            0x08000d68   Section        0  stm32f1xx_hal_msp.o(i.HAL_MspInit)
    i.HAL_NVIC_EnableIRQ                     0x08000da4   Section        0  stm32f1xx_hal_cortex.o(i.HAL_NVIC_EnableIRQ)
    i.HAL_NVIC_SetPriority                   0x08000dc0   Section        0  stm32f1xx_hal_cortex.o(i.HAL_NVIC_SetPriority)
    i.HAL_NVIC_SetPriorityGrouping           0x08000e00   Section        0  stm32f1xx_hal_cortex.o(i.HAL_NVIC_SetPriorityGrouping)
    i.HAL_RCC_ClockConfig                    0x08000e24   Section        0  stm32f1xx_hal_rcc.o(i.HAL_RCC_ClockConfig)
    i.HAL_RCC_GetPCLK1Freq                   0x08000f50   Section        0  stm32f1xx_hal_rcc.o(i.HAL_RCC_GetPCLK1Freq)
    i.HAL_RCC_GetPCLK2Freq                   0x08000f70   Section        0  stm32f1xx_hal_rcc.o(i.HAL_RCC_GetPCLK2Freq)
    i.HAL_RCC_GetSysClockFreq                0x08000f90   Section        0  stm32f1xx_hal_rcc.o(i.HAL_RCC_GetSysClockFreq)
    i.HAL_RCC_OscConfig                      0x08000ffc   Section        0  stm32f1xx_hal_rcc.o(i.HAL_RCC_OscConfig)
    i.HAL_SPI_Init                           0x0800131c   Section        0  stm32f1xx_hal_spi.o(i.HAL_SPI_Init)
    i.HAL_SPI_MspInit                        0x080013d0   Section        0  spi.o(i.HAL_SPI_MspInit)
    i.HAL_SYSTICK_Config                     0x0800142c   Section        0  stm32f1xx_hal_cortex.o(i.HAL_SYSTICK_Config)
    i.HAL_TIMEx_MasterConfigSynchronization  0x08001454   Section        0  stm32f1xx_hal_tim_ex.o(i.HAL_TIMEx_MasterConfigSynchronization)
    i.HAL_TIM_Base_Init                      0x080014bc   Section        0  stm32f1xx_hal_tim.o(i.HAL_TIM_Base_Init)
    i.HAL_TIM_Base_MspInit                   0x08001518   Section        0  tim.o(i.HAL_TIM_Base_MspInit)
    i.HAL_TIM_ConfigClockSource              0x08001540   Section        0  stm32f1xx_hal_tim.o(i.HAL_TIM_ConfigClockSource)
    i.HAL_UARTEx_RxEventCallback             0x08001616   Section        0  stm32f1xx_hal_uart.o(i.HAL_UARTEx_RxEventCallback)
    i.HAL_UART_ErrorCallback                 0x08001618   Section        0  stm32f1xx_hal_uart.o(i.HAL_UART_ErrorCallback)
    i.HAL_UART_IRQHandler                    0x0800161c   Section        0  stm32f1xx_hal_uart.o(i.HAL_UART_IRQHandler)
    i.HAL_UART_Init                          0x08001828   Section        0  stm32f1xx_hal_uart.o(i.HAL_UART_Init)
    i.HAL_UART_MspInit                       0x0800188c   Section        0  usart.o(i.HAL_UART_MspInit)
    i.HAL_UART_Receive_IT                    0x08001964   Section        0  stm32f1xx_hal_uart.o(i.HAL_UART_Receive_IT)
    i.HAL_UART_RxCpltCallback                0x08001990   Section        0  main.o(i.HAL_UART_RxCpltCallback)
    i.HAL_UART_Transmit                      0x080019c8   Section        0  stm32f1xx_hal_uart.o(i.HAL_UART_Transmit)
    i.HAL_UART_TxCpltCallback                0x08001a7a   Section        0  stm32f1xx_hal_uart.o(i.HAL_UART_TxCpltCallback)
    i.HardFault_Handler                      0x08001a7c   Section        0  stm32f1xx_it.o(i.HardFault_Handler)
    i.KEY1_Pressed                           0x08001a80   Section        0  main.o(i.KEY1_Pressed)
    i.KEY2_Pressed                           0x08001ab0   Section        0  main.o(i.KEY2_Pressed)
    i.MQTT_Connect                           0x08001ad8   Section        0  esp8266_mqtt.o(i.MQTT_Connect)
    i.MQTT_PublishData                       0x08001cdc   Section        0  esp8266_mqtt.o(i.MQTT_PublishData)
    i.MQTT_SendBuf                           0x08001dc4   Section        0  esp8266_mqtt.o(i.MQTT_SendBuf)
    i.MQTT_SubscribeTopic                    0x08001dc8   Section        0  esp8266_mqtt.o(i.MQTT_SubscribeTopic)
    i.MQTT_response                          0x08001ef4   Section        0  link_xxcould.o(i.MQTT_response)
    i.MX_GPIO_Init                           0x08001f64   Section        0  gpio.o(i.MX_GPIO_Init)
    i.MX_SPI1_Init                           0x08002070   Section        0  spi.o(i.MX_SPI1_Init)
    i.MX_TIM1_Init                           0x080020b8   Section        0  tim.o(i.MX_TIM1_Init)
    i.MX_USART1_UART_Init                    0x08002120   Section        0  usart.o(i.MX_USART1_UART_Init)
    i.MX_USART2_UART_Init                    0x08002158   Section        0  usart.o(i.MX_USART2_UART_Init)
    i.MemManage_Handler                      0x08002190   Section        0  stm32f1xx_it.o(i.MemManage_Handler)
    i.NMI_Handler                            0x08002192   Section        0  stm32f1xx_it.o(i.NMI_Handler)
    i.PendSV_Handler                         0x08002194   Section        0  stm32f1xx_it.o(i.PendSV_Handler)
    i.ReadStrUnit                            0x08002196   Section        0  link_xxcould.o(i.ReadStrUnit)
    i.STM32_StatusReport                     0x080021b0   Section        0  link_xxcould.o(i.STM32_StatusReport)
    i.SVC_Handler                            0x08002248   Section        0  stm32f1xx_it.o(i.SVC_Handler)
    i.SysTick_Handler                        0x0800224a   Section        0  stm32f1xx_it.o(i.SysTick_Handler)
    i.SystemClock_Config                     0x0800224e   Section        0  main.o(i.SystemClock_Config)
    i.SystemInit                             0x080022ac   Section        0  system_stm32f1xx.o(i.SystemInit)
    i.TIM1_Delay_us                          0x080022b0   Section        0  tim.o(i.TIM1_Delay_us)
    i.TIM_Base_SetConfig                     0x080022f0   Section        0  stm32f1xx_hal_tim.o(i.TIM_Base_SetConfig)
    i.TIM_ETR_SetConfig                      0x0800235c   Section        0  stm32f1xx_hal_tim.o(i.TIM_ETR_SetConfig)
    i.TIM_ITRx_SetConfig                     0x08002370   Section        0  stm32f1xx_hal_tim.o(i.TIM_ITRx_SetConfig)
    TIM_ITRx_SetConfig                       0x08002371   Thumb Code    16  stm32f1xx_hal_tim.o(i.TIM_ITRx_SetConfig)
    i.TIM_TI1_ConfigInputStage               0x08002380   Section        0  stm32f1xx_hal_tim.o(i.TIM_TI1_ConfigInputStage)
    TIM_TI1_ConfigInputStage                 0x08002381   Thumb Code    34  stm32f1xx_hal_tim.o(i.TIM_TI1_ConfigInputStage)
    i.TIM_TI2_ConfigInputStage               0x080023a2   Section        0  stm32f1xx_hal_tim.o(i.TIM_TI2_ConfigInputStage)
    TIM_TI2_ConfigInputStage                 0x080023a3   Thumb Code    36  stm32f1xx_hal_tim.o(i.TIM_TI2_ConfigInputStage)
    i.UART_DMAAbortOnError                   0x080023c6   Section        0  stm32f1xx_hal_uart.o(i.UART_DMAAbortOnError)
    UART_DMAAbortOnError                     0x080023c7   Thumb Code    16  stm32f1xx_hal_uart.o(i.UART_DMAAbortOnError)
    i.UART_EndRxTransfer                     0x080023d6   Section        0  stm32f1xx_hal_uart.o(i.UART_EndRxTransfer)
    UART_EndRxTransfer                       0x080023d7   Thumb Code    48  stm32f1xx_hal_uart.o(i.UART_EndRxTransfer)
    i.UART_Receive_IT                        0x08002406   Section        0  stm32f1xx_hal_uart.o(i.UART_Receive_IT)
    UART_Receive_IT                          0x08002407   Thumb Code   182  stm32f1xx_hal_uart.o(i.UART_Receive_IT)
    i.UART_SetConfig                         0x080024bc   Section        0  stm32f1xx_hal_uart.o(i.UART_SetConfig)
    UART_SetConfig                           0x080024bd   Thumb Code   178  stm32f1xx_hal_uart.o(i.UART_SetConfig)
    i.UART_Start_Receive_IT                  0x08002574   Section        0  stm32f1xx_hal_uart.o(i.UART_Start_Receive_IT)
    i.UART_WaitOnFlagUntilTimeout            0x080025aa   Section        0  stm32f1xx_hal_uart.o(i.UART_WaitOnFlagUntilTimeout)
    UART_WaitOnFlagUntilTimeout              0x080025ab   Thumb Code   100  stm32f1xx_hal_uart.o(i.UART_WaitOnFlagUntilTimeout)
    i.USART1_IRQHandler                      0x08002610   Section        0  stm32f1xx_it.o(i.USART1_IRQHandler)
    i.USART2_IRQHandler                      0x0800261c   Section        0  stm32f1xx_it.o(i.USART2_IRQHandler)
    i.UsageFault_Handler                     0x08002628   Section        0  stm32f1xx_it.o(i.UsageFault_Handler)
    i.__0printf$3                            0x0800262c   Section        0  printf3.o(i.__0printf$3)
    i.__0sprintf$3                           0x0800264c   Section        0  printf3.o(i.__0sprintf$3)
    i.__NVIC_SetPriority                     0x08002674   Section        0  stm32f1xx_hal_cortex.o(i.__NVIC_SetPriority)
    __NVIC_SetPriority                       0x08002675   Thumb Code    32  stm32f1xx_hal_cortex.o(i.__NVIC_SetPriority)
    i.__scatterload_copy                     0x08002694   Section       14  handlers.o(i.__scatterload_copy)
    i.__scatterload_null                     0x080026a2   Section        2  handlers.o(i.__scatterload_null)
    i.__scatterload_zeroinit                 0x080026a4   Section       14  handlers.o(i.__scatterload_zeroinit)
    i._printf_core                           0x080026b4   Section        0  printf3.o(i._printf_core)
    _printf_core                             0x080026b5   Thumb Code   436  printf3.o(i._printf_core)
    i._sputc                                 0x0800286c   Section        0  printf3.o(i._sputc)
    _sputc                                   0x0800286d   Thumb Code    10  printf3.o(i._sputc)
    i.deal_MQTT_message                      0x08002878   Section        0  link_xxcould.o(i.deal_MQTT_message)
    i.delayUs                                0x08002928   Section        0  hal_temp_hum.o(i.delayUs)
    i.dht11Check                             0x08002930   Section        0  hal_temp_hum.o(i.dht11Check)
    dht11Check                               0x08002931   Thumb Code    84  hal_temp_hum.o(i.dht11Check)
    i.dht11Read                              0x08002988   Section        0  hal_temp_hum.o(i.dht11Read)
    i.dht11ReadByte                          0x08002a74   Section        0  hal_temp_hum.o(i.dht11ReadByte)
    dht11ReadByte                            0x08002a75   Thumb Code   102  hal_temp_hum.o(i.dht11ReadByte)
    i.dht11Rst                               0x08002ae0   Section        0  hal_temp_hum.o(i.dht11Rst)
    dht11Rst                                 0x08002ae1   Thumb Code    44  hal_temp_hum.o(i.dht11Rst)
    i.fputc                                  0x08002b10   Section        0  usart.o(i.fputc)
    i.main                                   0x08002b2c   Section        0  main.o(i.main)
    .constdata                               0x08002bc0   Section       16  system_stm32f1xx.o(.constdata)
    .constdata                               0x08002bd0   Section        8  system_stm32f1xx.o(.constdata)
    .data                                    0x20000000   Section       12  stm32f1xx_hal.o(.data)
    .data                                    0x2000000c   Section        4  system_stm32f1xx.o(.data)
    .data                                    0x20000010   Section        4  esp8266_mqtt.o(.data)
    id                                       0x20000010   Data           2  esp8266_mqtt.o(.data)
    .data                                    0x20000014   Section        1  esp8266_at.o(.data)
    .data                                    0x20000015   Section        1  esp8266_at.o(.data)
    .data                                    0x20000018   Section        4  stdout.o(.data)
    .bss                                     0x2000001c   Section       88  spi.o(.bss)
    .bss                                     0x20000074   Section       72  tim.o(.bss)
    .bss                                     0x200000bc   Section      136  usart.o(.bss)
    .bss                                     0x20000144   Section      330  link_xxcould.o(.bss)
    .bss                                     0x2000028e   Section      768  esp8266_at.o(.bss)
    .bss                                     0x2000058e   Section       22  hal_temp_hum.o(.bss)
    STACK                                    0x200005a8   Section     1024  startup_stm32f103xb.o(STACK)

    Global Symbols

    Symbol Name                              Value     Ov Type        Size  Object(Section)

    BuildAttributes$$THM_ISAv4$P$D$K$B$S$PE$A:L22UL41UL21$X:L11$S22US41US21$IEEE1$IW$USESV6$~STKCKD$USESV7$~SHL$OSPACE$ROPI$EBA8$MICROLIB$REQ8$PRES8$EABIv2 0x00000000   Number         0  anon$$obj.o ABSOLUTE
    __ARM_use_no_argv                        0x00000000   Number         0  main.o ABSOLUTE
    _printf_a                                0x00000000   Number         0  stubs.o ABSOLUTE
    _printf_c                                0x00000000   Number         0  stubs.o ABSOLUTE
    _printf_charcount                        0x00000000   Number         0  stubs.o ABSOLUTE
    _printf_d                                0x00000000   Number         0  stubs.o ABSOLUTE
    _printf_e                                0x00000000   Number         0  stubs.o ABSOLUTE
    _printf_f                                0x00000000   Number         0  stubs.o ABSOLUTE
    _printf_flags                            0x00000000   Number         0  stubs.o ABSOLUTE
    _printf_fp_dec                           0x00000000   Number         0  stubs.o ABSOLUTE
    _printf_fp_hex                           0x00000000   Number         0  stubs.o ABSOLUTE
    _printf_g                                0x00000000   Number         0  stubs.o ABSOLUTE
    _printf_i                                0x00000000   Number         0  stubs.o ABSOLUTE
    _printf_int_dec                          0x00000000   Number         0  stubs.o ABSOLUTE
    _printf_l                                0x00000000   Number         0  stubs.o ABSOLUTE
    _printf_lc                               0x00000000   Number         0  stubs.o ABSOLUTE
    _printf_ll                               0x00000000   Number         0  stubs.o ABSOLUTE
    _printf_lld                              0x00000000   Number         0  stubs.o ABSOLUTE
    _printf_lli                              0x00000000   Number         0  stubs.o ABSOLUTE
    _printf_llo                              0x00000000   Number         0  stubs.o ABSOLUTE
    _printf_llu                              0x00000000   Number         0  stubs.o ABSOLUTE
    _printf_llx                              0x00000000   Number         0  stubs.o ABSOLUTE
    _printf_longlong_dec                     0x00000000   Number         0  stubs.o ABSOLUTE
    _printf_longlong_hex                     0x00000000   Number         0  stubs.o ABSOLUTE
    _printf_longlong_oct                     0x00000000   Number         0  stubs.o ABSOLUTE
    _printf_ls                               0x00000000   Number         0  stubs.o ABSOLUTE
    _printf_mbtowc                           0x00000000   Number         0  stubs.o ABSOLUTE
    _printf_n                                0x00000000   Number         0  stubs.o ABSOLUTE
    _printf_o                                0x00000000   Number         0  stubs.o ABSOLUTE
    _printf_p                                0x00000000   Number         0  stubs.o ABSOLUTE
    _printf_percent                          0x00000000   Number         0  stubs.o ABSOLUTE
    _printf_pre_padding                      0x00000000   Number         0  stubs.o ABSOLUTE
    _printf_return_value                     0x00000000   Number         0  stubs.o ABSOLUTE
    _printf_s                                0x00000000   Number         0  stubs.o ABSOLUTE
    _printf_sizespec                         0x00000000   Number         0  stubs.o ABSOLUTE
    _printf_str                              0x00000000   Number         0  stubs.o ABSOLUTE
    _printf_truncate_signed                  0x00000000   Number         0  stubs.o ABSOLUTE
    _printf_truncate_unsigned                0x00000000   Number         0  stubs.o ABSOLUTE
    _printf_u                                0x00000000   Number         0  stubs.o ABSOLUTE
    _printf_wc                               0x00000000   Number         0  stubs.o ABSOLUTE
    _printf_wctomb                           0x00000000   Number         0  stubs.o ABSOLUTE
    _printf_widthprec                        0x00000000   Number         0  stubs.o ABSOLUTE
    _printf_x                                0x00000000   Number         0  stubs.o ABSOLUTE
    __cpp_initialize__aeabi_                  - Undefined Weak Reference
    __cxa_finalize                            - Undefined Weak Reference
    __decompress                              - Undefined Weak Reference
    _clock_init                               - Undefined Weak Reference
    _microlib_exit                            - Undefined Weak Reference
    __Vectors_Size                           0x000000ec   Number         0  startup_stm32f103xb.o ABSOLUTE
    __Vectors                                0x08000000   Data           4  startup_stm32f103xb.o(RESET)
    __Vectors_End                            0x080000ec   Data           0  startup_stm32f103xb.o(RESET)
    __main                                   0x080000ed   Thumb Code     0  entry.o(.ARM.Collect$$$$00000000)
    _main_stk                                0x080000ed   Thumb Code     0  entry2.o(.ARM.Collect$$$$00000001)
    _main_scatterload                        0x080000f1   Thumb Code     0  entry5.o(.ARM.Collect$$$$00000004)
    __main_after_scatterload                 0x080000f5   Thumb Code     0  entry5.o(.ARM.Collect$$$$00000004)
    _main_clock                              0x080000f5   Thumb Code     0  entry7b.o(.ARM.Collect$$$$00000008)
    _main_cpp_init                           0x080000f5   Thumb Code     0  entry8b.o(.ARM.Collect$$$$0000000A)
    _main_init                               0x080000f5   Thumb Code     0  entry9a.o(.ARM.Collect$$$$0000000B)
    __rt_final_cpp                           0x080000fd   Thumb Code     0  entry10a.o(.ARM.Collect$$$$0000000D)
    __rt_final_exit                          0x080000fd   Thumb Code     0  entry11a.o(.ARM.Collect$$$$0000000F)
    Reset_Handler                            0x08000101   Thumb Code     8  startup_stm32f103xb.o(.text)
    ADC1_2_IRQHandler                        0x0800011b   Thumb Code     0  startup_stm32f103xb.o(.text)
    CAN1_RX1_IRQHandler                      0x0800011b   Thumb Code     0  startup_stm32f103xb.o(.text)
    CAN1_SCE_IRQHandler                      0x0800011b   Thumb Code     0  startup_stm32f103xb.o(.text)
    DMA1_Channel1_IRQHandler                 0x0800011b   Thumb Code     0  startup_stm32f103xb.o(.text)
    DMA1_Channel2_IRQHandler                 0x0800011b   Thumb Code     0  startup_stm32f103xb.o(.text)
    DMA1_Channel3_IRQHandler                 0x0800011b   Thumb Code     0  startup_stm32f103xb.o(.text)
    DMA1_Channel4_IRQHandler                 0x0800011b   Thumb Code     0  startup_stm32f103xb.o(.text)
    DMA1_Channel5_IRQHandler                 0x0800011b   Thumb Code     0  startup_stm32f103xb.o(.text)
    DMA1_Channel6_IRQHandler                 0x0800011b   Thumb Code     0  startup_stm32f103xb.o(.text)
    DMA1_Channel7_IRQHandler                 0x0800011b   Thumb Code     0  startup_stm32f103xb.o(.text)
    EXTI0_IRQHandler                         0x0800011b   Thumb Code     0  startup_stm32f103xb.o(.text)
    EXTI15_10_IRQHandler                     0x0800011b   Thumb Code     0  startup_stm32f103xb.o(.text)
    EXTI1_IRQHandler                         0x0800011b   Thumb Code     0  startup_stm32f103xb.o(.text)
    EXTI2_IRQHandler                         0x0800011b   Thumb Code     0  startup_stm32f103xb.o(.text)
    EXTI3_IRQHandler                         0x0800011b   Thumb Code     0  startup_stm32f103xb.o(.text)
    FLASH_IRQHandler                         0x0800011b   Thumb Code     0  startup_stm32f103xb.o(.text)
    I2C1_ER_IRQHandler                       0x0800011b   Thumb Code     0  startup_stm32f103xb.o(.text)
    I2C1_EV_IRQHandler                       0x0800011b   Thumb Code     0  startup_stm32f103xb.o(.text)
    I2C2_ER_IRQHandler                       0x0800011b   Thumb Code     0  startup_stm32f103xb.o(.text)
    I2C2_EV_IRQHandler                       0x0800011b   Thumb Code     0  startup_stm32f103xb.o(.text)
    PVD_IRQHandler                           0x0800011b   Thumb Code     0  startup_stm32f103xb.o(.text)
    RCC_IRQHandler                           0x0800011b   Thumb Code     0  startup_stm32f103xb.o(.text)
    RTC_Alarm_IRQHandler                     0x0800011b   Thumb Code     0  startup_stm32f103xb.o(.text)
    RTC_IRQHandler                           0x0800011b   Thumb Code     0  startup_stm32f103xb.o(.text)
    SPI1_IRQHandler                          0x0800011b   Thumb Code     0  startup_stm32f103xb.o(.text)
    SPI2_IRQHandler                          0x0800011b   Thumb Code     0  startup_stm32f103xb.o(.text)
    TAMPER_IRQHandler                        0x0800011b   Thumb Code     0  startup_stm32f103xb.o(.text)
    TIM1_BRK_IRQHandler                      0x0800011b   Thumb Code     0  startup_stm32f103xb.o(.text)
    TIM1_CC_IRQHandler                       0x0800011b   Thumb Code     0  startup_stm32f103xb.o(.text)
    TIM1_TRG_COM_IRQHandler                  0x0800011b   Thumb Code     0  startup_stm32f103xb.o(.text)
    TIM1_UP_IRQHandler                       0x0800011b   Thumb Code     0  startup_stm32f103xb.o(.text)
    TIM2_IRQHandler                          0x0800011b   Thumb Code     0  startup_stm32f103xb.o(.text)
    TIM3_IRQHandler                          0x0800011b   Thumb Code     0  startup_stm32f103xb.o(.text)
    TIM4_IRQHandler                          0x0800011b   Thumb Code     0  startup_stm32f103xb.o(.text)
    USART3_IRQHandler                        0x0800011b   Thumb Code     0  startup_stm32f103xb.o(.text)
    USBWakeUp_IRQHandler                     0x0800011b   Thumb Code     0  startup_stm32f103xb.o(.text)
    USB_HP_CAN1_TX_IRQHandler                0x0800011b   Thumb Code     0  startup_stm32f103xb.o(.text)
    USB_LP_CAN1_RX0_IRQHandler               0x0800011b   Thumb Code     0  startup_stm32f103xb.o(.text)
    WWDG_IRQHandler                          0x0800011b   Thumb Code     0  startup_stm32f103xb.o(.text)
    __aeabi_memcpy                           0x08000125   Thumb Code    36  memcpya.o(.text)
    __aeabi_memcpy4                          0x08000125   Thumb Code     0  memcpya.o(.text)
    __aeabi_memcpy8                          0x08000125   Thumb Code     0  memcpya.o(.text)
    __aeabi_memset                           0x08000149   Thumb Code    14  memseta.o(.text)
    __aeabi_memset4                          0x08000149   Thumb Code     0  memseta.o(.text)
    __aeabi_memset8                          0x08000149   Thumb Code     0  memseta.o(.text)
    __aeabi_memclr                           0x08000157   Thumb Code     4  memseta.o(.text)
    __aeabi_memclr4                          0x08000157   Thumb Code     0  memseta.o(.text)
    __aeabi_memclr8                          0x08000157   Thumb Code     0  memseta.o(.text)
    _memset$wrapper                          0x0800015b   Thumb Code    18  memseta.o(.text)
    strcat                                   0x0800016d   Thumb Code    24  strcat.o(.text)
    strstr                                   0x08000185   Thumb Code    36  strstr.o(.text)
    strlen                                   0x080001a9   Thumb Code    14  strlen.o(.text)
    strcmp                                   0x080001b7   Thumb Code    28  strcmp.o(.text)
    strcpy                                   0x080001d3   Thumb Code    18  strcpy.o(.text)
    __aeabi_uidiv                            0x080001e5   Thumb Code     0  uidiv.o(.text)
    __aeabi_uidivmod                         0x080001e5   Thumb Code    44  uidiv.o(.text)
    __scatterload                            0x08000211   Thumb Code    28  init.o(.text)
    __scatterload_rt2                        0x08000211   Thumb Code     0  init.o(.text)
    BusFault_Handler                         0x08000235   Thumb Code     2  stm32f1xx_it.o(i.BusFault_Handler)
    Change_LED_Status                        0x08000239   Thumb Code    10  link_xxcould.o(i.Change_LED_Status)
    DHT11_IO_IN                              0x08000249   Thumb Code    28  hal_temp_hum.o(i.DHT11_IO_IN)
    DHT11_IO_OUT                             0x08000269   Thumb Code    24  hal_temp_hum.o(i.DHT11_IO_OUT)
    DebugMon_Handler                         0x08000285   Thumb Code     2  stm32f1xx_it.o(i.DebugMon_Handler)
    ES8266_MQTT_Init                         0x08000289   Thumb Code   116  link_xxcould.o(i.ES8266_MQTT_Init)
    ESP8266_ATSendBuf                        0x080004cd   Thumb Code    40  esp8266_at.o(i.ESP8266_ATSendBuf)
    ESP8266_ATSendString                     0x08000501   Thumb Code    46  esp8266_at.o(i.ESP8266_ATSendString)
    ESP8266_Check                            0x0800053d   Thumb Code    50  esp8266_at.o(i.ESP8266_Check)
    ESP8266_ConnectAP                        0x08000581   Thumb Code   124  esp8266_at.o(i.ESP8266_ConnectAP)
    ESP8266_ConnectServer                    0x08000639   Thumb Code   178  esp8266_at.o(i.ESP8266_ConnectServer)
    ESP8266_ExitUnvarnishedTrans             0x08000741   Thumb Code    30  esp8266_at.o(i.ESP8266_ExitUnvarnishedTrans)
    ESP8266_Init                             0x08000765   Thumb Code    92  esp8266_at.o(i.ESP8266_Init)
    EXTI4_IRQHandler                         0x080007e1   Thumb Code     6  stm32f1xx_it.o(i.EXTI4_IRQHandler)
    EXTI9_5_IRQHandler                       0x080007e7   Thumb Code     6  stm32f1xx_it.o(i.EXTI9_5_IRQHandler)
    Enter_ErrorMode                          0x080007ed   Thumb Code    56  link_xxcould.o(i.Enter_ErrorMode)
    Error_Handler                            0x08000941   Thumb Code     4  main.o(i.Error_Handler)
    FindStr                                  0x08000945   Thumb Code    46  esp8266_at.o(i.FindStr)
    GetSubStrPos                             0x08000975   Thumb Code    58  link_xxcould.o(i.GetSubStrPos)
    HAL_DMA_Abort                            0x080009b5   Thumb Code    70  stm32f1xx_hal_dma.o(i.HAL_DMA_Abort)
    HAL_DMA_Abort_IT                         0x080009fd   Thumb Code   148  stm32f1xx_hal_dma.o(i.HAL_DMA_Abort_IT)
    HAL_Delay                                0x08000a95   Thumb Code    32  stm32f1xx_hal.o(i.HAL_Delay)
    HAL_GPIO_EXTI_Callback                   0x08000ab9   Thumb Code    18  main.o(i.HAL_GPIO_EXTI_Callback)
    HAL_GPIO_EXTI_IRQHandler                 0x08000acd   Thumb Code    18  stm32f1xx_hal_gpio.o(i.HAL_GPIO_EXTI_IRQHandler)
    HAL_GPIO_Init                            0x08000ae5   Thumb Code   446  stm32f1xx_hal_gpio.o(i.HAL_GPIO_Init)
    HAL_GPIO_ReadPin                         0x08000cc5   Thumb Code    10  stm32f1xx_hal_gpio.o(i.HAL_GPIO_ReadPin)
    HAL_GPIO_TogglePin                       0x08000ccf   Thumb Code    16  stm32f1xx_hal_gpio.o(i.HAL_GPIO_TogglePin)
    HAL_GPIO_WritePin                        0x08000cdf   Thumb Code    10  stm32f1xx_hal_gpio.o(i.HAL_GPIO_WritePin)
    HAL_GetTick                              0x08000ce9   Thumb Code     6  stm32f1xx_hal.o(i.HAL_GetTick)
    HAL_IncTick                              0x08000cf5   Thumb Code    12  stm32f1xx_hal.o(i.HAL_IncTick)
    HAL_Init                                 0x08000d05   Thumb Code    32  stm32f1xx_hal.o(i.HAL_Init)
    HAL_InitTick                             0x08000d29   Thumb Code    54  stm32f1xx_hal.o(i.HAL_InitTick)
    HAL_MspInit                              0x08000d69   Thumb Code    52  stm32f1xx_hal_msp.o(i.HAL_MspInit)
    HAL_NVIC_EnableIRQ                       0x08000da5   Thumb Code    26  stm32f1xx_hal_cortex.o(i.HAL_NVIC_EnableIRQ)
    HAL_NVIC_SetPriority                     0x08000dc1   Thumb Code    60  stm32f1xx_hal_cortex.o(i.HAL_NVIC_SetPriority)
    HAL_NVIC_SetPriorityGrouping             0x08000e01   Thumb Code    26  stm32f1xx_hal_cortex.o(i.HAL_NVIC_SetPriorityGrouping)
    HAL_RCC_ClockConfig                      0x08000e25   Thumb Code   280  stm32f1xx_hal_rcc.o(i.HAL_RCC_ClockConfig)
    HAL_RCC_GetPCLK1Freq                     0x08000f51   Thumb Code    20  stm32f1xx_hal_rcc.o(i.HAL_RCC_GetPCLK1Freq)
    HAL_RCC_GetPCLK2Freq                     0x08000f71   Thumb Code    20  stm32f1xx_hal_rcc.o(i.HAL_RCC_GetPCLK2Freq)
    HAL_RCC_GetSysClockFreq                  0x08000f91   Thumb Code    74  stm32f1xx_hal_rcc.o(i.HAL_RCC_GetSysClockFreq)
    HAL_RCC_OscConfig                        0x08000ffd   Thumb Code   778  stm32f1xx_hal_rcc.o(i.HAL_RCC_OscConfig)
    HAL_SPI_Init                             0x0800131d   Thumb Code   178  stm32f1xx_hal_spi.o(i.HAL_SPI_Init)
    HAL_SPI_MspInit                          0x080013d1   Thumb Code    80  spi.o(i.HAL_SPI_MspInit)
    HAL_SYSTICK_Config                       0x0800142d   Thumb Code    40  stm32f1xx_hal_cortex.o(i.HAL_SYSTICK_Config)
    HAL_TIMEx_MasterConfigSynchronization    0x08001455   Thumb Code    92  stm32f1xx_hal_tim_ex.o(i.HAL_TIMEx_MasterConfigSynchronization)
    HAL_TIM_Base_Init                        0x080014bd   Thumb Code    90  stm32f1xx_hal_tim.o(i.HAL_TIM_Base_Init)
    HAL_TIM_Base_MspInit                     0x08001519   Thumb Code    30  tim.o(i.HAL_TIM_Base_MspInit)
    HAL_TIM_ConfigClockSource                0x08001541   Thumb Code   214  stm32f1xx_hal_tim.o(i.HAL_TIM_ConfigClockSource)
    HAL_UARTEx_RxEventCallback               0x08001617   Thumb Code     2  stm32f1xx_hal_uart.o(i.HAL_UARTEx_RxEventCallback)
    HAL_UART_ErrorCallback                   0x08001619   Thumb Code     2  stm32f1xx_hal_uart.o(i.HAL_UART_ErrorCallback)
    HAL_UART_IRQHandler                      0x0800161d   Thumb Code   520  stm32f1xx_hal_uart.o(i.HAL_UART_IRQHandler)
    HAL_UART_Init                            0x08001829   Thumb Code    98  stm32f1xx_hal_uart.o(i.HAL_UART_Init)
    HAL_UART_MspInit                         0x0800188d   Thumb Code   198  usart.o(i.HAL_UART_MspInit)
    HAL_UART_Receive_IT                      0x08001965   Thumb Code    42  stm32f1xx_hal_uart.o(i.HAL_UART_Receive_IT)
    HAL_UART_RxCpltCallback                  0x08001991   Thumb Code    36  main.o(i.HAL_UART_RxCpltCallback)
    HAL_UART_Transmit                        0x080019c9   Thumb Code   178  stm32f1xx_hal_uart.o(i.HAL_UART_Transmit)
    HAL_UART_TxCpltCallback                  0x08001a7b   Thumb Code     2  stm32f1xx_hal_uart.o(i.HAL_UART_TxCpltCallback)
    HardFault_Handler                        0x08001a7d   Thumb Code     2  stm32f1xx_it.o(i.HardFault_Handler)
    KEY1_Pressed                             0x08001a81   Thumb Code    16  main.o(i.KEY1_Pressed)
    KEY2_Pressed                             0x08001ab1   Thumb Code     6  main.o(i.KEY2_Pressed)
    MQTT_Connect                             0x08001ad9   Thumb Code   502  esp8266_mqtt.o(i.MQTT_Connect)
    MQTT_PublishData                         0x08001cdd   Thumb Code   222  esp8266_mqtt.o(i.MQTT_PublishData)
    MQTT_SendBuf                             0x08001dc5   Thumb Code     4  esp8266_mqtt.o(i.MQTT_SendBuf)
    MQTT_SubscribeTopic                      0x08001dc9   Thumb Code   288  esp8266_mqtt.o(i.MQTT_SubscribeTopic)
    MQTT_response                            0x08001ef5   Thumb Code    70  link_xxcould.o(i.MQTT_response)
    MX_GPIO_Init                             0x08001f65   Thumb Code   246  gpio.o(i.MX_GPIO_Init)
    MX_SPI1_Init                             0x08002071   Thumb Code    62  spi.o(i.MX_SPI1_Init)
    MX_TIM1_Init                             0x080020b9   Thumb Code    96  tim.o(i.MX_TIM1_Init)
    MX_USART1_UART_Init                      0x08002121   Thumb Code    48  usart.o(i.MX_USART1_UART_Init)
    MX_USART2_UART_Init                      0x08002159   Thumb Code    48  usart.o(i.MX_USART2_UART_Init)
    MemManage_Handler                        0x08002191   Thumb Code     2  stm32f1xx_it.o(i.MemManage_Handler)
    NMI_Handler                              0x08002193   Thumb Code     2  stm32f1xx_it.o(i.NMI_Handler)
    PendSV_Handler                           0x08002195   Thumb Code     2  stm32f1xx_it.o(i.PendSV_Handler)
    ReadStrUnit                              0x08002197   Thumb Code    24  link_xxcould.o(i.ReadStrUnit)
    STM32_StatusReport                       0x080021b1   Thumb Code    50  link_xxcould.o(i.STM32_StatusReport)
    SVC_Handler                              0x08002249   Thumb Code     2  stm32f1xx_it.o(i.SVC_Handler)
    SysTick_Handler                          0x0800224b   Thumb Code     4  stm32f1xx_it.o(i.SysTick_Handler)
    SystemClock_Config                       0x0800224f   Thumb Code    94  main.o(i.SystemClock_Config)
    SystemInit                               0x080022ad   Thumb Code     2  system_stm32f1xx.o(i.SystemInit)
    TIM1_Delay_us                            0x080022b1   Thumb Code    60  tim.o(i.TIM1_Delay_us)
    TIM_Base_SetConfig                       0x080022f1   Thumb Code    94  stm32f1xx_hal_tim.o(i.TIM_Base_SetConfig)
    TIM_ETR_SetConfig                        0x0800235d   Thumb Code    20  stm32f1xx_hal_tim.o(i.TIM_ETR_SetConfig)
    UART_Start_Receive_IT                    0x08002575   Thumb Code    54  stm32f1xx_hal_uart.o(i.UART_Start_Receive_IT)
    USART1_IRQHandler                        0x08002611   Thumb Code     6  stm32f1xx_it.o(i.USART1_IRQHandler)
    USART2_IRQHandler                        0x0800261d   Thumb Code     6  stm32f1xx_it.o(i.USART2_IRQHandler)
    UsageFault_Handler                       0x08002629   Thumb Code     2  stm32f1xx_it.o(i.UsageFault_Handler)
    __0printf$3                              0x0800262d   Thumb Code    22  printf3.o(i.__0printf$3)
    __1printf$3                              0x0800262d   Thumb Code     0  printf3.o(i.__0printf$3)
    __2printf                                0x0800262d   Thumb Code     0  printf3.o(i.__0printf$3)
    __0sprintf$3                             0x0800264d   Thumb Code    34  printf3.o(i.__0sprintf$3)
    __1sprintf$3                             0x0800264d   Thumb Code     0  printf3.o(i.__0sprintf$3)
    __2sprintf                               0x0800264d   Thumb Code     0  printf3.o(i.__0sprintf$3)
    __scatterload_copy                       0x08002695   Thumb Code    14  handlers.o(i.__scatterload_copy)
    __scatterload_null                       0x080026a3   Thumb Code     2  handlers.o(i.__scatterload_null)
    __scatterload_zeroinit                   0x080026a5   Thumb Code    14  handlers.o(i.__scatterload_zeroinit)
    deal_MQTT_message                        0x08002879   Thumb Code   106  link_xxcould.o(i.deal_MQTT_message)
    delayUs                                  0x08002929   Thumb Code     6  hal_temp_hum.o(i.delayUs)
    dht11Read                                0x08002989   Thumb Code   232  hal_temp_hum.o(i.dht11Read)
    fputc                                    0x08002b11   Thumb Code    22  usart.o(i.fputc)
    main                                     0x08002b2d   Thumb Code   100  main.o(i.main)
    AHBPrescTable                            0x08002bc0   Data          16  system_stm32f1xx.o(.constdata)
    APBPrescTable                            0x08002bd0   Data           8  system_stm32f1xx.o(.constdata)
    Region$$Table$$Base                      0x08002bd8   Number         0  anon$$obj.o(Region$$Table)
    Region$$Table$$Limit                     0x08002bf8   Number         0  anon$$obj.o(Region$$Table)
    uwTickFreq                               0x20000000   Data           1  stm32f1xx_hal.o(.data)
    uwTickPrio                               0x20000004   Data           4  stm32f1xx_hal.o(.data)
    uwTick                                   0x20000008   Data           4  stm32f1xx_hal.o(.data)
    SystemCoreClock                          0x2000000c   Data           4  system_stm32f1xx.o(.data)
    MQTT_TxLen                               0x20000012   Data           2  esp8266_mqtt.o(.data)
    usart1_rxone                             0x20000014   Data           1  esp8266_at.o(.data)
    usart1_rxcounter                         0x20000015   Data           1  esp8266_at.o(.data)
    __stdout                                 0x20000018   Data           4  stdout.o(.data)
    hspi1                                    0x2000001c   Data          88  spi.o(.bss)
    htim1                                    0x20000074   Data          72  tim.o(.bss)
    huart1                                   0x200000bc   Data          68  usart.o(.bss)
    huart2                                   0x20000100   Data          68  usart.o(.bss)
    mqtt_message                             0x20000144   Data         300  link_xxcould.o(.bss)
    temp_str                                 0x20000270   Data          30  link_xxcould.o(.bss)
    usart1_txbuf                             0x2000028e   Data         256  esp8266_at.o(.bss)
    usart1_rxbuf                             0x2000038e   Data         512  esp8266_at.o(.bss)
    temphumTypedef                           0x2000058e   Data          22  hal_temp_hum.o(.bss)
    __initial_sp                             0x200009a8   Data           0  startup_stm32f103xb.o(STACK)



==============================================================================

Memory Map of the image

  Image Entry point : 0x080000ed

  Load Region LR_IROM1 (Base: 0x08000000, Size: 0x00002c14, Max: 0x00010000, ABSOLUTE)

    Execution Region ER_IROM1 (Base: 0x08000000, Size: 0x00002bf8, Max: 0x00010000, ABSOLUTE)

    Base Addr    Size         Type   Attr      Idx    E Section Name        Object

    0x08000000   0x000000ec   Data   RO            3    RESET               startup_stm32f103xb.o
    0x080000ec   0x00000000   Code   RO         3686  * .ARM.Collect$$$$00000000  mc_w.l(entry.o)
    0x080000ec   0x00000004   Code   RO         3968    .ARM.Collect$$$$00000001  mc_w.l(entry2.o)
    0x080000f0   0x00000004   Code   RO         3971    .ARM.Collect$$$$00000004  mc_w.l(entry5.o)
    0x080000f4   0x00000000   Code   RO         3973    .ARM.Collect$$$$00000008  mc_w.l(entry7b.o)
    0x080000f4   0x00000000   Code   RO         3975    .ARM.Collect$$$$0000000A  mc_w.l(entry8b.o)
    0x080000f4   0x00000008   Code   RO         3976    .ARM.Collect$$$$0000000B  mc_w.l(entry9a.o)
    0x080000fc   0x00000000   Code   RO         3978    .ARM.Collect$$$$0000000D  mc_w.l(entry10a.o)
    0x080000fc   0x00000000   Code   RO         3980    .ARM.Collect$$$$0000000F  mc_w.l(entry11a.o)
    0x080000fc   0x00000004   Code   RO         3969    .ARM.Collect$$$$00002712  mc_w.l(entry2.o)
    0x08000100   0x00000024   Code   RO            4    .text               startup_stm32f103xb.o
    0x08000124   0x00000024   Code   RO         3691    .text               mc_w.l(memcpya.o)
    0x08000148   0x00000024   Code   RO         3693    .text               mc_w.l(memseta.o)
    0x0800016c   0x00000018   Code   RO         3695    .text               mc_w.l(strcat.o)
    0x08000184   0x00000024   Code   RO         3697    .text               mc_w.l(strstr.o)
    0x080001a8   0x0000000e   Code   RO         3699    .text               mc_w.l(strlen.o)
    0x080001b6   0x0000001c   Code   RO         3701    .text               mc_w.l(strcmp.o)
    0x080001d2   0x00000012   Code   RO         3703    .text               mc_w.l(strcpy.o)
    0x080001e4   0x0000002c   Code   RO         3983    .text               mc_w.l(uidiv.o)
    0x08000210   0x00000024   Code   RO         3998    .text               mc_w.l(init.o)
    0x08000234   0x00000002   Code   RO          371    i.BusFault_Handler  stm32f1xx_it.o
    0x08000236   0x00000002   PAD
    0x08000238   0x00000010   Code   RO         3196    i.Change_LED_Status  link_xxcould.o
    0x08000248   0x00000020   Code   RO         3615    i.DHT11_IO_IN       hal_temp_hum.o
    0x08000268   0x0000001c   Code   RO         3616    i.DHT11_IO_OUT      hal_temp_hum.o
    0x08000284   0x00000002   Code   RO          372    i.DebugMon_Handler  stm32f1xx_it.o
    0x08000286   0x00000002   PAD
    0x08000288   0x00000244   Code   RO         3197    i.ES8266_MQTT_Init  link_xxcould.o
    0x080004cc   0x00000034   Code   RO         3530    i.ESP8266_ATSendBuf  esp8266_at.o
    0x08000500   0x0000003c   Code   RO         3531    i.ESP8266_ATSendString  esp8266_at.o
    0x0800053c   0x00000044   Code   RO         3532    i.ESP8266_Check     esp8266_at.o
    0x08000580   0x000000b8   Code   RO         3533    i.ESP8266_ConnectAP  esp8266_at.o
    0x08000638   0x00000108   Code   RO         3534    i.ESP8266_ConnectServer  esp8266_at.o
    0x08000740   0x00000024   Code   RO         3535    i.ESP8266_ExitUnvarnishedTrans  esp8266_at.o
    0x08000764   0x0000007c   Code   RO         3536    i.ESP8266_Init      esp8266_at.o
    0x080007e0   0x00000006   Code   RO          373    i.EXTI4_IRQHandler  stm32f1xx_it.o
    0x080007e6   0x00000006   Code   RO          374    i.EXTI9_5_IRQHandler  stm32f1xx_it.o
    0x080007ec   0x00000154   Code   RO         3198    i.Enter_ErrorMode   link_xxcould.o
    0x08000940   0x00000004   Code   RO           13    i.Error_Handler     main.o
    0x08000944   0x0000002e   Code   RO         3538    i.FindStr           esp8266_at.o
    0x08000972   0x00000002   PAD
    0x08000974   0x00000040   Code   RO         3199    i.GetSubStrPos      link_xxcould.o
    0x080009b4   0x00000046   Code   RO         1232    i.HAL_DMA_Abort     stm32f1xx_hal_dma.o
    0x080009fa   0x00000002   PAD
    0x080009fc   0x00000098   Code   RO         1233    i.HAL_DMA_Abort_IT  stm32f1xx_hal_dma.o
    0x08000a94   0x00000024   Code   RO          860    i.HAL_Delay         stm32f1xx_hal.o
    0x08000ab8   0x00000012   Code   RO           14    i.HAL_GPIO_EXTI_Callback  main.o
    0x08000aca   0x00000002   PAD
    0x08000acc   0x00000018   Code   RO         1167    i.HAL_GPIO_EXTI_IRQHandler  stm32f1xx_hal_gpio.o
    0x08000ae4   0x000001e0   Code   RO         1168    i.HAL_GPIO_Init     stm32f1xx_hal_gpio.o
    0x08000cc4   0x0000000a   Code   RO         1170    i.HAL_GPIO_ReadPin  stm32f1xx_hal_gpio.o
    0x08000cce   0x00000010   Code   RO         1171    i.HAL_GPIO_TogglePin  stm32f1xx_hal_gpio.o
    0x08000cde   0x0000000a   Code   RO         1172    i.HAL_GPIO_WritePin  stm32f1xx_hal_gpio.o
    0x08000ce8   0x0000000c   Code   RO          864    i.HAL_GetTick       stm32f1xx_hal.o
    0x08000cf4   0x00000010   Code   RO          870    i.HAL_IncTick       stm32f1xx_hal.o
    0x08000d04   0x00000024   Code   RO          871    i.HAL_Init          stm32f1xx_hal.o
    0x08000d28   0x00000040   Code   RO          872    i.HAL_InitTick      stm32f1xx_hal.o
    0x08000d68   0x0000003c   Code   RO          471    i.HAL_MspInit       stm32f1xx_hal_msp.o
    0x08000da4   0x0000001a   Code   RO         1328    i.HAL_NVIC_EnableIRQ  stm32f1xx_hal_cortex.o
    0x08000dbe   0x00000002   PAD
    0x08000dc0   0x00000040   Code   RO         1334    i.HAL_NVIC_SetPriority  stm32f1xx_hal_cortex.o
    0x08000e00   0x00000024   Code   RO         1335    i.HAL_NVIC_SetPriorityGrouping  stm32f1xx_hal_cortex.o
    0x08000e24   0x0000012c   Code   RO         1028    i.HAL_RCC_ClockConfig  stm32f1xx_hal_rcc.o
    0x08000f50   0x00000020   Code   RO         1035    i.HAL_RCC_GetPCLK1Freq  stm32f1xx_hal_rcc.o
    0x08000f70   0x00000020   Code   RO         1036    i.HAL_RCC_GetPCLK2Freq  stm32f1xx_hal_rcc.o
    0x08000f90   0x0000006c   Code   RO         1037    i.HAL_RCC_GetSysClockFreq  stm32f1xx_hal_rcc.o
    0x08000ffc   0x00000320   Code   RO         1040    i.HAL_RCC_OscConfig  stm32f1xx_hal_rcc.o
    0x0800131c   0x000000b2   Code   RO          542    i.HAL_SPI_Init      stm32f1xx_hal_spi.o
    0x080013ce   0x00000002   PAD
    0x080013d0   0x0000005c   Code   RO          228    i.HAL_SPI_MspInit   spi.o
    0x0800142c   0x00000028   Code   RO         1339    i.HAL_SYSTICK_Config  stm32f1xx_hal_cortex.o
    0x08001454   0x00000068   Code   RO         2553    i.HAL_TIMEx_MasterConfigSynchronization  stm32f1xx_hal_tim_ex.o
    0x080014bc   0x0000005a   Code   RO         1830    i.HAL_TIM_Base_Init  stm32f1xx_hal_tim.o
    0x08001516   0x00000002   PAD
    0x08001518   0x00000028   Code   RO          270    i.HAL_TIM_Base_MspInit  tim.o
    0x08001540   0x000000d6   Code   RO         1839    i.HAL_TIM_ConfigClockSource  stm32f1xx_hal_tim.o
    0x08001616   0x00000002   Code   RO         2812    i.HAL_UARTEx_RxEventCallback  stm32f1xx_hal_uart.o
    0x08001618   0x00000002   Code   RO         2826    i.HAL_UART_ErrorCallback  stm32f1xx_hal_uart.o
    0x0800161a   0x00000002   PAD
    0x0800161c   0x0000020c   Code   RO         2829    i.HAL_UART_IRQHandler  stm32f1xx_hal_uart.o
    0x08001828   0x00000062   Code   RO         2830    i.HAL_UART_Init     stm32f1xx_hal_uart.o
    0x0800188a   0x00000002   PAD
    0x0800188c   0x000000d8   Code   RO          318    i.HAL_UART_MspInit  usart.o
    0x08001964   0x0000002a   Code   RO         2835    i.HAL_UART_Receive_IT  stm32f1xx_hal_uart.o
    0x0800198e   0x00000002   PAD
    0x08001990   0x00000038   Code   RO           15    i.HAL_UART_RxCpltCallback  main.o
    0x080019c8   0x000000b2   Code   RO         2838    i.HAL_UART_Transmit  stm32f1xx_hal_uart.o
    0x08001a7a   0x00000002   Code   RO         2841    i.HAL_UART_TxCpltCallback  stm32f1xx_hal_uart.o
    0x08001a7c   0x00000002   Code   RO          375    i.HardFault_Handler  stm32f1xx_it.o
    0x08001a7e   0x00000002   PAD
    0x08001a80   0x00000030   Code   RO           16    i.KEY1_Pressed      main.o
    0x08001ab0   0x00000028   Code   RO           17    i.KEY2_Pressed      main.o
    0x08001ad8   0x00000204   Code   RO         3463    i.MQTT_Connect      esp8266_mqtt.o
    0x08001cdc   0x000000e8   Code   RO         3466    i.MQTT_PublishData  esp8266_mqtt.o
    0x08001dc4   0x00000004   Code   RO         3467    i.MQTT_SendBuf      esp8266_mqtt.o
    0x08001dc8   0x0000012c   Code   RO         3469    i.MQTT_SubscribeTopic  esp8266_mqtt.o
    0x08001ef4   0x00000070   Code   RO         3200    i.MQTT_response     link_xxcould.o
    0x08001f64   0x0000010c   Code   RO          203    i.MX_GPIO_Init      gpio.o
    0x08002070   0x00000048   Code   RO          229    i.MX_SPI1_Init      spi.o
    0x080020b8   0x00000068   Code   RO          271    i.MX_TIM1_Init      tim.o
    0x08002120   0x00000038   Code   RO          319    i.MX_USART1_UART_Init  usart.o
    0x08002158   0x00000038   Code   RO          320    i.MX_USART2_UART_Init  usart.o
    0x08002190   0x00000002   Code   RO          376    i.MemManage_Handler  stm32f1xx_it.o
    0x08002192   0x00000002   Code   RO          377    i.NMI_Handler       stm32f1xx_it.o
    0x08002194   0x00000002   Code   RO          378    i.PendSV_Handler    stm32f1xx_it.o
    0x08002196   0x00000018   Code   RO         3201    i.ReadStrUnit       link_xxcould.o
    0x080021ae   0x00000002   PAD
    0x080021b0   0x00000098   Code   RO         3202    i.STM32_StatusReport  link_xxcould.o
    0x08002248   0x00000002   Code   RO          379    i.SVC_Handler       stm32f1xx_it.o
    0x0800224a   0x00000004   Code   RO          380    i.SysTick_Handler   stm32f1xx_it.o
    0x0800224e   0x0000005e   Code   RO           18    i.SystemClock_Config  main.o
    0x080022ac   0x00000002   Code   RO         3159    i.SystemInit        system_stm32f1xx.o
    0x080022ae   0x00000002   PAD
    0x080022b0   0x00000040   Code   RO          272    i.TIM1_Delay_us     tim.o
    0x080022f0   0x0000006c   Code   RO         1923    i.TIM_Base_SetConfig  stm32f1xx_hal_tim.o
    0x0800235c   0x00000014   Code   RO         1934    i.TIM_ETR_SetConfig  stm32f1xx_hal_tim.o
    0x08002370   0x00000010   Code   RO         1935    i.TIM_ITRx_SetConfig  stm32f1xx_hal_tim.o
    0x08002380   0x00000022   Code   RO         1941    i.TIM_TI1_ConfigInputStage  stm32f1xx_hal_tim.o
    0x080023a2   0x00000024   Code   RO         1943    i.TIM_TI2_ConfigInputStage  stm32f1xx_hal_tim.o
    0x080023c6   0x00000010   Code   RO         2843    i.UART_DMAAbortOnError  stm32f1xx_hal_uart.o
    0x080023d6   0x00000030   Code   RO         2853    i.UART_EndRxTransfer  stm32f1xx_hal_uart.o
    0x08002406   0x000000b6   Code   RO         2855    i.UART_Receive_IT   stm32f1xx_hal_uart.o
    0x080024bc   0x000000b8   Code   RO         2856    i.UART_SetConfig    stm32f1xx_hal_uart.o
    0x08002574   0x00000036   Code   RO         2858    i.UART_Start_Receive_IT  stm32f1xx_hal_uart.o
    0x080025aa   0x00000064   Code   RO         2859    i.UART_WaitOnFlagUntilTimeout  stm32f1xx_hal_uart.o
    0x0800260e   0x00000002   PAD
    0x08002610   0x0000000c   Code   RO          381    i.USART1_IRQHandler  stm32f1xx_it.o
    0x0800261c   0x0000000c   Code   RO          382    i.USART2_IRQHandler  stm32f1xx_it.o
    0x08002628   0x00000002   Code   RO          383    i.UsageFault_Handler  stm32f1xx_it.o
    0x0800262a   0x00000002   PAD
    0x0800262c   0x00000020   Code   RO         3796    i.__0printf$3       mc_w.l(printf3.o)
    0x0800264c   0x00000028   Code   RO         3798    i.__0sprintf$3      mc_w.l(printf3.o)
    0x08002674   0x00000020   Code   RO         1341    i.__NVIC_SetPriority  stm32f1xx_hal_cortex.o
    0x08002694   0x0000000e   Code   RO         4008    i.__scatterload_copy  mc_w.l(handlers.o)
    0x080026a2   0x00000002   Code   RO         4009    i.__scatterload_null  mc_w.l(handlers.o)
    0x080026a4   0x0000000e   Code   RO         4010    i.__scatterload_zeroinit  mc_w.l(handlers.o)
    0x080026b2   0x00000002   PAD
    0x080026b4   0x000001b8   Code   RO         3803    i._printf_core      mc_w.l(printf3.o)
    0x0800286c   0x0000000a   Code   RO         3805    i._sputc            mc_w.l(printf3.o)
    0x08002876   0x00000002   PAD
    0x08002878   0x000000b0   Code   RO         3208    i.deal_MQTT_message  link_xxcould.o
    0x08002928   0x00000006   Code   RO         3617    i.delayUs           hal_temp_hum.o
    0x0800292e   0x00000002   PAD
    0x08002930   0x00000058   Code   RO         3618    i.dht11Check        hal_temp_hum.o
    0x08002988   0x000000ec   Code   RO         3620    i.dht11Read         hal_temp_hum.o
    0x08002a74   0x0000006c   Code   RO         3621    i.dht11ReadByte     hal_temp_hum.o
    0x08002ae0   0x00000030   Code   RO         3622    i.dht11Rst          hal_temp_hum.o
    0x08002b10   0x0000001c   Code   RO          321    i.fputc             usart.o
    0x08002b2c   0x00000094   Code   RO           19    i.main              main.o
    0x08002bc0   0x00000010   Data   RO         3160    .constdata          system_stm32f1xx.o
    0x08002bd0   0x00000008   Data   RO         3161    .constdata          system_stm32f1xx.o
    0x08002bd8   0x00000020   Data   RO         4006    Region$$Table       anon$$obj.o


    Execution Region RW_IRAM1 (Base: 0x20000000, Size: 0x000009a8, Max: 0x00005000, ABSOLUTE)

    Base Addr    Size         Type   Attr      Idx    E Section Name        Object

    0x20000000   0x0000000c   Data   RW          878    .data               stm32f1xx_hal.o
    0x2000000c   0x00000004   Data   RW         3162    .data               system_stm32f1xx.o
    0x20000010   0x00000004   Data   RW         3474    .data               esp8266_mqtt.o
    0x20000014   0x00000001   Data   RW         3540    .data               esp8266_at.o
    0x20000015   0x00000001   Data   RW         3541    .data               esp8266_at.o
    0x20000016   0x00000002   PAD
    0x20000018   0x00000004   Data   RW         3982    .data               mc_w.l(stdout.o)
    0x2000001c   0x00000058   Zero   RW          230    .bss                spi.o
    0x20000074   0x00000048   Zero   RW          273    .bss                tim.o
    0x200000bc   0x00000088   Zero   RW          322    .bss                usart.o
    0x20000144   0x0000014a   Zero   RW         3209    .bss                link_xxcould.o
    0x2000028e   0x00000300   Zero   RW         3539    .bss                esp8266_at.o
    0x2000058e   0x00000016   Zero   RW         3623    .bss                hal_temp_hum.o
    0x200005a4   0x00000004   PAD
    0x200005a8   0x00000400   Zero   RW            1    STACK               startup_stm32f103xb.o


==============================================================================

Image component sizes


      Code (inc. data)   RO Data    RW Data    ZI Data      Debug   Object Name

       834        228          0          2        768       5249   esp8266_at.o
      1052         36          0          4          0       3836   esp8266_mqtt.o
       268         22          0          0          0        959   gpio.o
       546         26          0          0         22       4508   hal_temp_hum.o
      1464        980          0          0        330       5259   link_xxcould.o
       408        134          0          0          0     437069   main.o
       164         22          0          0         88       1497   spi.o
        36          8        236          0       1024        772   startup_stm32f103xb.o
       164         28          0         12          0       5597   stm32f1xx_hal.o
       198         14          0          0          0      28411   stm32f1xx_hal_cortex.o
       222          4          0          0          0       1591   stm32f1xx_hal_dma.o
       540         40          0          0          0       4075   stm32f1xx_hal_gpio.o
        60          8          0          0          0        810   stm32f1xx_hal_msp.o
      1272        100          0          0          0       4768   stm32f1xx_hal_rcc.o
       178          0          0          0          0       1143   stm32f1xx_hal_spi.o
       518         14          0          0          0       5279   stm32f1xx_hal_tim.o
       104         12          0          0          0       1216   stm32f1xx_hal_tim_ex.o
      1432         10          0          0          0       8988   stm32f1xx_hal_uart.o
        56         12          0          0          0       5234   stm32f1xx_it.o
         2          0         24          4          0       1031   system_stm32f1xx.o
       208         22          0          0         72       1902   tim.o
       356         40          0          0        136       2731   usart.o

    ----------------------------------------------------------------------
     10116       1760        292         24       2444     531925   Object Totals
         0          0         32          0          0          0   (incl. Generated)
        34          0          0          2          4          0   (incl. Padding)

    ----------------------------------------------------------------------

      Code (inc. data)   RO Data    RW Data    ZI Data      Debug   Library Member Name

         0          0          0          0          0          0   entry.o
         0          0          0          0          0          0   entry10a.o
         0          0          0          0          0          0   entry11a.o
         8          4          0          0          0          0   entry2.o
         4          0          0          0          0          0   entry5.o
         0          0          0          0          0          0   entry7b.o
         0          0          0          0          0          0   entry8b.o
         8          4          0          0          0          0   entry9a.o
        30          0          0          0          0          0   handlers.o
        36          8          0          0          0         68   init.o
        36          0          0          0          0         68   memcpya.o
        36          0          0          0          0        108   memseta.o
       522         20          0          0          0        336   printf3.o
         0          0          0          4          0          0   stdout.o
        24          0          0          0          0         68   strcat.o
        28          0          0          0          0         76   strcmp.o
        18          0          0          0          0         68   strcpy.o
        14          0          0          0          0         68   strlen.o
        36          0          0          0          0         80   strstr.o
        44          0          0          0          0         80   uidiv.o

    ----------------------------------------------------------------------
       848         36          0          4          0       1020   Library Totals
         4          0          0          0          0          0   (incl. Padding)

    ----------------------------------------------------------------------

      Code (inc. data)   RO Data    RW Data    ZI Data      Debug   Library Name

       844         36          0          4          0       1020   mc_w.l

    ----------------------------------------------------------------------
       848         36          0          4          0       1020   Library Totals

    ----------------------------------------------------------------------

==============================================================================


      Code (inc. data)   RO Data    RW Data    ZI Data      Debug   

     10964       1796        292         28       2444     527429   Grand Totals
     10964       1796        292         28       2444     527429   ELF Image Totals
     10964       1796        292         28          0          0   ROM Totals

==============================================================================

    Total RO  Size (Code + RO Data)                11256 (  10.99kB)
    Total RW  Size (RW Data + ZI Data)              2472 (   2.41kB)
    Total ROM Size (Code + RO Data + RW Data)      11284 (  11.02kB)

==============================================================================

