Component: ARM Compiler 5.06 update 7 (build 960) Tool: armlink [4d3601]

==============================================================================

Section Cross References

    startup_stm32f103xb.o(RESET) refers to startup_stm32f103xb.o(STACK) for __initial_sp
    startup_stm32f103xb.o(RESET) refers to startup_stm32f103xb.o(.text) for Reset_Handler
    startup_stm32f103xb.o(RESET) refers to stm32f1xx_it.o(i.NMI_Handler) for NMI_Handler
    startup_stm32f103xb.o(RESET) refers to stm32f1xx_it.o(i.HardFault_Handler) for HardFault_Handler
    startup_stm32f103xb.o(RESET) refers to stm32f1xx_it.o(i.MemManage_Handler) for MemManage_Handler
    startup_stm32f103xb.o(RESET) refers to stm32f1xx_it.o(i.BusFault_Handler) for BusFault_Handler
    startup_stm32f103xb.o(RESET) refers to stm32f1xx_it.o(i.UsageFault_Handler) for UsageFault_Handler
    startup_stm32f103xb.o(RESET) refers to stm32f1xx_it.o(i.SVC_Handler) for SVC_Handler
    startup_stm32f103xb.o(RESET) refers to stm32f1xx_it.o(i.DebugMon_Handler) for DebugMon_Handler
    startup_stm32f103xb.o(RESET) refers to stm32f1xx_it.o(i.PendSV_Handler) for PendSV_Handler
    startup_stm32f103xb.o(RESET) refers to stm32f1xx_it.o(i.SysTick_Handler) for SysTick_Handler
    startup_stm32f103xb.o(RESET) refers to stm32f1xx_it.o(i.USART1_IRQHandler) for USART1_IRQHandler
    startup_stm32f103xb.o(RESET) refers to stm32f1xx_it.o(i.USART2_IRQHandler) for USART2_IRQHandler
    startup_stm32f103xb.o(RESET) refers to stm32f1xx_it.o(i.USART3_IRQHandler) for USART3_IRQHandler
    startup_stm32f103xb.o(.text) refers to system_stm32f1xx.o(i.SystemInit) for SystemInit
    startup_stm32f103xb.o(.text) refers to entry.o(.ARM.Collect$$$$00000000) for __main
    main.o(i.GetSubStrPos) refers to main.o(i.ReadStrUnit) for ReadStrUnit
    main.o(i.GetSubStrPos) refers to strcmp.o(.text) for strcmp
    main.o(i.GetSubStrPos) refers to main.o(.bss) for temp_str
    main.o(i.HAL_GPIO_EXTI_Callback) refers to main.o(i.KEY1_Pressed) for KEY1_Pressed
    main.o(i.HAL_GPIO_EXTI_Callback) refers to main.o(i.KEY2_Pressed) for KEY2_Pressed
    main.o(i.HAL_UART_RxCpltCallback) refers to stm32f1xx_hal_uart.o(i.HAL_UART_Receive_IT) for HAL_UART_Receive_IT
    main.o(i.HAL_UART_RxCpltCallback) refers to esp8266_at.o(.data) for usart1_rxone
    main.o(i.HAL_UART_RxCpltCallback) refers to esp8266_at.o(.bss) for usart1_rxbuf
    main.o(i.HAL_UART_RxCpltCallback) refers to usart.o(.bss) for huart1
    main.o(i.HAL_UART_RxCpltCallback) refers to main.o(.data) for aRxBuffer
    main.o(i.HAL_UART_RxCpltCallback) refers to main.o(.bss) for Rx2Buff
    main.o(i.KEY1_Pressed) refers to stm32f1xx_hal_uart.o(i.HAL_UART_Transmit) for HAL_UART_Transmit
    main.o(i.KEY1_Pressed) refers to usart.o(.bss) for huart3
    main.o(i.KEY2_Pressed) refers to stm32f1xx_hal_uart.o(i.HAL_UART_Transmit) for HAL_UART_Transmit
    main.o(i.KEY2_Pressed) refers to usart.o(.bss) for huart3
    main.o(i.STM32_StatusReport) refers to f2d.o(.text) for __aeabi_f2d
    main.o(i.STM32_StatusReport) refers to printfa.o(i.__0sprintf) for __2sprintf
    main.o(i.STM32_StatusReport) refers to esp8266_mqtt.o(i.MQTT_PublishData) for MQTT_PublishData
    main.o(i.STM32_StatusReport) refers to main.o(.bss) for ADAM4017SensorData
    main.o(i.STM32_StatusReport) refers to main.o(.conststring) for .conststring
    main.o(i.STM32_StatusReport) refers to main.o(.data) for ADAM4150DIData
    main.o(i.SystemClock_Config) refers to memseta.o(.text) for __aeabi_memclr4
    main.o(i.SystemClock_Config) refers to stm32f1xx_hal_rcc.o(i.HAL_RCC_OscConfig) for HAL_RCC_OscConfig
    main.o(i.SystemClock_Config) refers to main.o(i.Error_Handler) for Error_Handler
    main.o(i.SystemClock_Config) refers to stm32f1xx_hal_rcc.o(i.HAL_RCC_ClockConfig) for HAL_RCC_ClockConfig
    main.o(i.deal_MQTT_message) refers to printfa.o(i.__0sprintf) for __2sprintf
    main.o(i.deal_MQTT_message) refers to stm32f1xx_hal_uart.o(i.HAL_UART_Transmit) for HAL_UART_Transmit
    main.o(i.deal_MQTT_message) refers to main.o(i.GetSubStrPos) for GetSubStrPos
    main.o(i.deal_MQTT_message) refers to stm32f1xx_hal_iwdg.o(i.HAL_IWDG_Refresh) for HAL_IWDG_Refresh
    main.o(i.deal_MQTT_message) refers to memseta.o(.text) for __aeabi_memclr
    main.o(i.deal_MQTT_message) refers to usart.o(.bss) for huart3
    main.o(i.deal_MQTT_message) refers to iwdg.o(.bss) for hiwdg
    main.o(i.deal_MQTT_message) refers to esp8266_at.o(.bss) for usart1_rxbuf
    main.o(i.deal_MQTT_message) refers to esp8266_at.o(.data) for usart1_rxcounter
    main.o(i.getADAM4017Data) refers to memseta.o(.text) for __aeabi_memclr4
    main.o(i.getADAM4017Data) refers to stm32f1xx_hal_uart.o(i.HAL_UART_Transmit) for HAL_UART_Transmit
    main.o(i.getADAM4017Data) refers to stm32f1xx_hal.o(i.HAL_Delay) for HAL_Delay
    main.o(i.getADAM4017Data) refers to dflti.o(.text) for __aeabi_i2d
    main.o(i.getADAM4017Data) refers to dmul.o(.text) for __aeabi_dmul
[...]
    Removing stm32f1xx_hal_tim.o(i.HAL_TIM_IC_ConfigChannel), (212 bytes).
    Removing stm32f1xx_hal_tim.o(i.HAL_TIM_IC_DeInit), (120 bytes).
    Removing stm32f1xx_hal_tim.o(i.HAL_TIM_IC_GetState), (8 bytes).
    Removing stm32f1xx_hal_tim.o(i.HAL_TIM_IC_Init), (102 bytes).
    Removing stm32f1xx_hal_tim.o(i.HAL_TIM_IC_MspDeInit), (2 bytes).
    Removing stm32f1xx_hal_tim.o(i.HAL_TIM_IC_MspInit), (2 bytes).
    Removing stm32f1xx_hal_tim.o(i.HAL_TIM_IC_Start), (268 bytes).
    Removing stm32f1xx_hal_tim.o(i.HAL_TIM_IC_Start_DMA), (552 bytes).
    Removing stm32f1xx_hal_tim.o(i.HAL_TIM_IC_Start_IT), (344 bytes).
    Removing stm32f1xx_hal_tim.o(i.HAL_TIM_IC_Stop), (138 bytes).
    Removing stm32f1xx_hal_tim.o(i.HAL_TIM_IC_Stop_DMA), (238 bytes).
    Removing stm32f1xx_hal_tim.o(i.HAL_TIM_IC_Stop_IT), (214 bytes).
    Removing stm32f1xx_hal_tim.o(i.HAL_TIM_IRQHandler), (406 bytes).
    Removing stm32f1xx_hal_tim.o(i.HAL_TIM_OC_ConfigChannel), (104 bytes).
    Removing stm32f1xx_hal_tim.o(i.HAL_TIM_OC_DeInit), (120 bytes).
    Removing stm32f1xx_hal_tim.o(i.HAL_TIM_OC_DelayElapsedCallback), (2 bytes).
    Removing stm32f1xx_hal_tim.o(i.HAL_TIM_OC_GetState), (8 bytes).
    Removing stm32f1xx_hal_tim.o(i.HAL_TIM_OC_Init), (102 bytes).
    Removing stm32f1xx_hal_tim.o(i.HAL_TIM_OC_MspDeInit), (2 bytes).
    Removing stm32f1xx_hal_tim.o(i.HAL_TIM_OC_MspInit), (2 bytes).
    Removing stm32f1xx_hal_tim.o(i.HAL_TIM_OC_Start), (212 bytes).
    Removing stm32f1xx_hal_tim.o(i.HAL_TIM_OC_Start_DMA), (516 bytes).
    Removing stm32f1xx_hal_tim.o(i.HAL_TIM_OC_Start_IT), (288 bytes).
    Removing stm32f1xx_hal_tim.o(i.HAL_TIM_OC_Stop), (156 bytes).
    Removing stm32f1xx_hal_tim.o(i.HAL_TIM_OC_Stop_DMA), (256 bytes).
    Removing stm32f1xx_hal_tim.o(i.HAL_TIM_OC_Stop_IT), (232 bytes).
    Removing stm32f1xx_hal_tim.o(i.HAL_TIM_OnePulse_ConfigChannel), (286 bytes).
    Removing stm32f1xx_hal_tim.o(i.HAL_TIM_OnePulse_DeInit), (96 bytes).
    Removing stm32f1xx_hal_tim.o(i.HAL_TIM_OnePulse_GetState), (8 bytes).
    Removing stm32f1xx_hal_tim.o(i.HAL_TIM_OnePulse_Init), (102 bytes).
    Removing stm32f1xx_hal_tim.o(i.HAL_TIM_OnePulse_MspDeInit), (2 bytes).
    Removing stm32f1xx_hal_tim.o(i.HAL_TIM_OnePulse_MspInit), (2 bytes).
    Removing stm32f1xx_hal_tim.o(i.HAL_TIM_OnePulse_Start), (128 bytes).
    Removing stm32f1xx_hal_tim.o(i.HAL_TIM_OnePulse_Start_IT), (152 bytes).
    Removing stm32f1xx_hal_tim.o(i.HAL_TIM_OnePulse_Stop), (148 bytes).
    Removing stm32f1xx_hal_tim.o(i.HAL_TIM_OnePulse_Stop_IT), (172 bytes).
    Removing stm32f1xx_hal_tim.o(i.HAL_TIM_PWM_ConfigChannel), (252 bytes).
    Removing stm32f1xx_hal_tim.o(i.HAL_TIM_PWM_DeInit), (120 bytes).
    Removing stm32f1xx_hal_tim.o(i.HAL_TIM_PWM_GetState), (8 bytes).
    Removing stm32f1xx_hal_tim.o(i.HAL_TIM_PWM_Init), (102 bytes).
    Removing stm32f1xx_hal_tim.o(i.HAL_TIM_PWM_MspDeInit), (2 bytes).
    Removing stm32f1xx_hal_tim.o(i.HAL_TIM_PWM_MspInit), (2 bytes).
    Removing stm32f1xx_hal_tim.o(i.HAL_TIM_PWM_PulseFinishedCallback), (2 bytes).
    Removing stm32f1xx_hal_tim.o(i.HAL_TIM_PWM_PulseFinishedHalfCpltCallback), (2 bytes).
    Removing stm32f1xx_hal_tim.o(i.HAL_TIM_PWM_Start), (212 bytes).
    Removing stm32f1xx_hal_tim.o(i.HAL_TIM_PWM_Start_DMA), (516 bytes).
    Removing stm32f1xx_hal_tim.o(i.HAL_TIM_PWM_Start_IT), (288 bytes).
    Removing stm32f1xx_hal_tim.o(i.HAL_TIM_PWM_Stop), (156 bytes).
    Removing stm32f1xx_hal_tim.o(i.HAL_TIM_PWM_Stop_DMA), (256 bytes).
    Removing stm32f1xx_hal_tim.o(i.HAL_TIM_PWM_Stop_IT), (232 bytes).
    Removing stm32f1xx_hal_tim.o(i.HAL_TIM_PeriodElapsedCallback), (2 bytes).
    Removing stm32f1xx_hal_tim.o(i.HAL_TIM_PeriodElapsedHalfCpltCallback), (2 bytes).
    Removing stm32f1xx_hal_tim.o(i.HAL_TIM_ReadCapturedValue), (50 bytes).
    Removing stm32f1xx_hal_tim.o(i.HAL_TIM_SlaveConfigSynchro), (108 bytes).
    Removing stm32f1xx_hal_tim.o(i.HAL_TIM_SlaveConfigSynchro_IT), (108 bytes).
    Removing stm32f1xx_hal_tim.o(i.HAL_TIM_TriggerCallback), (2 bytes).
    Removing stm32f1xx_hal_tim.o(i.HAL_TIM_TriggerHalfCpltCallback), (2 bytes).
    Removing stm32f1xx_hal_tim.o(i.TIM_CCxChannelCmd), (34 bytes).
    Removing stm32f1xx_hal_tim.o(i.TIM_DMACaptureCplt), (122 bytes).
    Removing stm32f1xx_hal_tim.o(i.TIM_DMACaptureHalfCplt), (64 bytes).
    Removing stm32f1xx_hal_tim.o(i.TIM_DMADelayPulseCplt), (104 bytes).
    Removing stm32f1xx_hal_tim.o(i.TIM_DMADelayPulseHalfCplt), (64 bytes).
    Removing stm32f1xx_hal_tim.o(i.TIM_DMAError), (94 bytes).
    Removing stm32f1xx_hal_tim.o(i.TIM_DMAPeriodElapsedCplt), (26 bytes).
    Removing stm32f1xx_hal_tim.o(i.TIM_DMAPeriodElapsedHalfCplt), (14 bytes).
    Removing stm32f1xx_hal_tim.o(i.TIM_DMATriggerCplt), (26 bytes).
    Removing stm32f1xx_hal_tim.o(i.TIM_DMATriggerHalfCplt), (14 bytes).
    Removing stm32f1xx_hal_tim.o(i.TIM_OC1_SetConfig), (96 bytes).
    Removing stm32f1xx_hal_tim.o(i.TIM_OC2_SetConfig), (104 bytes).
    Removing stm32f1xx_hal_tim.o(i.TIM_OC3_SetConfig), (104 bytes).
    Removing stm32f1xx_hal_tim.o(i.TIM_OC4_SetConfig), (72 bytes).
    Removing stm32f1xx_hal_tim.o(i.TIM_SlaveTimer_SetConfig), (170 bytes).
    Removing stm32f1xx_hal_tim.o(i.TIM_TI1_SetConfig), (104 bytes).
    Removing stm32f1xx_hal_tim.o(i.TIM_TI2_SetConfig), (58 bytes).
    Removing stm32f1xx_hal_tim.o(i.TIM_TI3_SetConfig), (56 bytes).
    Removing stm32f1xx_hal_tim.o(i.TIM_TI4_SetConfig), (60 bytes).
    Removing stm32f1xx_hal_tim_ex.o(.rev16_text), (4 bytes).
    Removing stm32f1xx_hal_tim_ex.o(.revsh_text), (4 bytes).
    Removing stm32f1xx_hal_tim_ex.o(.rrx_text), (6 bytes).
    Removing stm32f1xx_hal_tim_ex.o(i.HAL_TIMEx_BreakCallback), (2 bytes).
    Removing stm32f1xx_hal_tim_ex.o(i.HAL_TIMEx_CommutCallback), (2 bytes).
    Removing stm32f1xx_hal_tim_ex.o(i.HAL_TIMEx_CommutHalfCpltCallback), (2 bytes).
    Removing stm32f1xx_hal_tim_ex.o(i.HAL_TIMEx_ConfigBreakDeadTime), (116 bytes).
    Removing stm32f1xx_hal_tim_ex.o(i.HAL_TIMEx_ConfigCommutEvent), (134 bytes).
    Removing stm32f1xx_hal_tim_ex.o(i.HAL_TIMEx_ConfigCommutEvent_DMA), (164 bytes).
    Removing stm32f1xx_hal_tim_ex.o(i.HAL_TIMEx_ConfigCommutEvent_IT), (134 bytes).
    Removing stm32f1xx_hal_tim_ex.o(i.HAL_TIMEx_GetChannelNState), (38 bytes).
    Removing stm32f1xx_hal_tim_ex.o(i.HAL_TIMEx_HallSensor_DeInit), (96 bytes).
    Removing stm32f1xx_hal_tim_ex.o(i.HAL_TIMEx_HallSensor_GetState), (8 bytes).
    Removing stm32f1xx_hal_tim_ex.o(i.HAL_TIMEx_HallSensor_Init), (234 bytes).
    Removing stm32f1xx_hal_tim_ex.o(i.HAL_TIMEx_HallSensor_MspDeInit), (2 bytes).
    Removing stm32f1xx_hal_tim_ex.o(i.HAL_TIMEx_HallSensor_MspInit), (2 bytes).
    Removing stm32f1xx_hal_tim_ex.o(i.HAL_TIMEx_HallSensor_Start), (168 bytes).
    Removing stm32f1xx_hal_tim_ex.o(i.HAL_TIMEx_HallSensor_Start_DMA), (232 bytes).
    Removing stm32f1xx_hal_tim_ex.o(i.HAL_TIMEx_HallSensor_Start_IT), (180 bytes).
    Removing stm32f1xx_hal_tim_ex.o(i.HAL_TIMEx_HallSensor_Stop), (78 bytes).
    Removing stm32f1xx_hal_tim_ex.o(i.HAL_TIMEx_HallSensor_Stop_DMA), (84 bytes).
    Removing stm32f1xx_hal_tim_ex.o(i.HAL_TIMEx_HallSensor_Stop_IT), (90 bytes).
    Removing stm32f1xx_hal_tim_ex.o(i.HAL_TIMEx_OCN_Start), (196 bytes).
    Removing stm32f1xx_hal_tim_ex.o(i.HAL_TIMEx_OCN_Start_DMA), (440 bytes).
    Removing stm32f1xx_hal_tim_ex.o(i.HAL_TIMEx_OCN_Start_IT), (264 bytes).
    Removing stm32f1xx_hal_tim_ex.o(i.HAL_TIMEx_OCN_Stop), (136 bytes).
    Removing stm32f1xx_hal_tim_ex.o(i.HAL_TIMEx_OCN_Stop_DMA), (212 bytes).
    Removing stm32f1xx_hal_tim_ex.o(i.HAL_TIMEx_OCN_Stop_IT), (218 bytes).
    Removing stm32f1xx_hal_tim_ex.o(i.HAL_TIMEx_OnePulseN_Start), (118 bytes).
    Removing stm32f1xx_hal_tim_ex.o(i.HAL_TIMEx_OnePulseN_Start_IT), (142 bytes).
    Removing stm32f1xx_hal_tim_ex.o(i.HAL_TIMEx_OnePulseN_Stop), (138 bytes).
    Removing stm32f1xx_hal_tim_ex.o(i.HAL_TIMEx_OnePulseN_Stop_IT), (162 bytes).
    Removing stm32f1xx_hal_tim_ex.o(i.HAL_TIMEx_PWMN_Start), (196 bytes).
    Removing stm32f1xx_hal_tim_ex.o(i.HAL_TIMEx_PWMN_Start_DMA), (440 bytes).
    Removing stm32f1xx_hal_tim_ex.o(i.HAL_TIMEx_PWMN_Start_IT), (264 bytes).
    Removing stm32f1xx_hal_tim_ex.o(i.HAL_TIMEx_PWMN_Stop), (136 bytes).
    Removing stm32f1xx_hal_tim_ex.o(i.HAL_TIMEx_PWMN_Stop_DMA), (212 bytes).
    Removing stm32f1xx_hal_tim_ex.o(i.HAL_TIMEx_PWMN_Stop_IT), (218 bytes).
    Removing stm32f1xx_hal_tim_ex.o(i.HAL_TIMEx_RemapConfig), (6 bytes).
    Removing stm32f1xx_hal_tim_ex.o(i.TIMEx_DMACommutationCplt), (20 bytes).
    Removing stm32f1xx_hal_tim_ex.o(i.TIMEx_DMACommutationHalfCplt), (20 bytes).
    Removing stm32f1xx_hal_tim_ex.o(i.TIM_CCxNChannelCmd), (34 bytes).
    Removing stm32f1xx_hal_tim_ex.o(i.TIM_DMADelayPulseNCplt), (104 bytes).
    Removing stm32f1xx_hal_tim_ex.o(i.TIM_DMAErrorCCxN), (68 bytes).
    Removing stm32f1xx_hal_uart.o(.rev16_text), (4 bytes).
    Removing stm32f1xx_hal_uart.o(.revsh_text), (4 bytes).
    Removing stm32f1xx_hal_uart.o(.rrx_text), (6 bytes).
    Removing stm32f1xx_hal_uart.o(i.HAL_HalfDuplex_EnableReceiver), (68 bytes).
    Removing stm32f1xx_hal_uart.o(i.HAL_HalfDuplex_EnableTransmitter), (68 bytes).
    Removing stm32f1xx_hal_uart.o(i.HAL_HalfDuplex_Init), (118 bytes).
    Removing stm32f1xx_hal_uart.o(i.HAL_LIN_Init), (142 bytes).
    Removing stm32f1xx_hal_uart.o(i.HAL_LIN_SendBreak), (62 bytes).
    Removing stm32f1xx_hal_uart.o(i.HAL_MultiProcessor_EnterMuteMode), (62 bytes).
    Removing stm32f1xx_hal_uart.o(i.HAL_MultiProcessor_ExitMuteMode), (62 bytes).
    Removing stm32f1xx_hal_uart.o(i.HAL_MultiProcessor_Init), (154 bytes).
    Removing stm32f1xx_hal_uart.o(i.HAL_UARTEx_ReceiveToIdle), (320 bytes).
    Removing stm32f1xx_hal_uart.o(i.HAL_UARTEx_ReceiveToIdle_DMA), (114 bytes).
    Removing stm32f1xx_hal_uart.o(i.HAL_UARTEx_ReceiveToIdle_IT), (114 bytes).
    Removing stm32f1xx_hal_uart.o(i.HAL_UART_Abort), (188 bytes).
    Removing stm32f1xx_hal_uart.o(i.HAL_UART_AbortCpltCallback), (2 bytes).
    Removing stm32f1xx_hal_uart.o(i.HAL_UART_AbortReceive), (122 bytes).
    Removing stm32f1xx_hal_uart.o(i.HAL_UART_AbortReceiveCpltCallback), (2 bytes).
    Removing stm32f1xx_hal_uart.o(i.HAL_UART_AbortReceive_IT), (144 bytes).
    Removing stm32f1xx_hal_uart.o(i.HAL_UART_AbortTransmit), (88 bytes).
    Removing stm32f1xx_hal_uart.o(i.HAL_UART_AbortTransmitCpltCallback), (2 bytes).
    Removing stm32f1xx_hal_uart.o(i.HAL_UART_AbortTransmit_IT), (108 bytes).
    Removing stm32f1xx_hal_uart.o(i.HAL_UART_Abort_IT), (240 bytes).
    Removing stm32f1xx_hal_uart.o(i.HAL_UART_DMAPause), (124 bytes).
    Removing stm32f1xx_hal_uart.o(i.HAL_UART_DMAResume), (126 bytes).
    Removing stm32f1xx_hal_uart.o(i.HAL_UART_DMAStop), (102 bytes).
    Removing stm32f1xx_hal_uart.o(i.HAL_UART_DeInit), (60 bytes).
    Removing stm32f1xx_hal_uart.o(i.HAL_UART_GetError), (6 bytes).
    Removing stm32f1xx_hal_uart.o(i.HAL_UART_GetState), (20 bytes).
    Removing stm32f1xx_hal_uart.o(i.HAL_UART_MspDeInit), (2 bytes).
    Removing stm32f1xx_hal_uart.o(i.HAL_UART_MspInit), (2 bytes).
    Removing stm32f1xx_hal_uart.o(i.HAL_UART_Receive), (220 bytes).
    Removing stm32f1xx_hal_uart.o(i.HAL_UART_Receive_DMA), (66 bytes).
    Removing stm32f1xx_hal_uart.o(i.HAL_UART_RxCpltCallback), (2 bytes).
    Removing stm32f1xx_hal_uart.o(i.HAL_UART_RxHalfCpltCallback), (2 bytes).
    Removing stm32f1xx_hal_uart.o(i.HAL_UART_Transmit_DMA), (156 bytes).
    Removing stm32f1xx_hal_uart.o(i.HAL_UART_Transmit_IT), (88 bytes).
    Removing stm32f1xx_hal_uart.o(i.HAL_UART_TxHalfCpltCallback), (2 bytes).
    Removing stm32f1xx_hal_uart.o(i.UART_DMAError), (80 bytes).
    Removing stm32f1xx_hal_uart.o(i.UART_DMAReceiveCplt), (104 bytes).
    Removing stm32f1xx_hal_uart.o(i.UART_DMARxAbortCallback), (56 bytes).
    Removing stm32f1xx_hal_uart.o(i.UART_DMARxHalfCplt), (32 bytes).
    Removing stm32f1xx_hal_uart.o(i.UART_DMARxOnlyAbortCallback), (28 bytes).
    Removing stm32f1xx_hal_uart.o(i.UART_DMATransmitCplt), (54 bytes).
    Removing stm32f1xx_hal_uart.o(i.UART_DMATxAbortCallback), (56 bytes).
    Removing stm32f1xx_hal_uart.o(i.UART_DMATxHalfCplt), (14 bytes).
    Removing stm32f1xx_hal_uart.o(i.UART_DMATxOnlyAbortCallback), (24 bytes).
    Removing stm32f1xx_hal_uart.o(i.UART_EndTxTransfer), (20 bytes).
    Removing stm32f1xx_hal_uart.o(i.UART_Start_Receive_DMA), (152 bytes).
    Removing system_stm32f1xx.o(.rev16_text), (4 bytes).
    Removing system_stm32f1xx.o(.revsh_text), (4 bytes).
    Removing system_stm32f1xx.o(.rrx_text), (6 bytes).
    Removing system_stm32f1xx.o(i.SystemCoreClockUpdate), (164 bytes).
    Removing esp8266_mqtt.o(.rev16_text), (4 bytes).
    Removing esp8266_mqtt.o(.revsh_text), (4 bytes).
    Removing esp8266_mqtt.o(.rrx_text), (6 bytes).
    Removing esp8266_mqtt.o(i.MQTT_Disconnect), (16 bytes).
    Removing esp8266_mqtt.o(i.MQTT_Init), (64 bytes).
    Removing esp8266_at.o(.rev16_text), (4 bytes).
    Removing esp8266_at.o(.revsh_text), (4 bytes).
    Removing esp8266_at.o(.rrx_text), (6 bytes).
    Removing esp8266_at.o(i.DisconnectServer), (96 bytes).
    Removing esp8266_at.o(i.ESP8266_Restore), (40 bytes).

406 unused section(s) (total 33380 bytes) removed from the image.

==============================================================================

Image Symbol Table

    Local Symbols

    Symbol Name                              Value     Ov Type        Size  Object(Section)

    ../Core/Src/gpio.c                       0x00000000   Number         0  gpio.o ABSOLUTE
    ../Core/Src/iwdg.c                       0x00000000   Number         0  iwdg.o ABSOLUTE
    ../Core/Src/main.c                       0x00000000   Number         0  main.o ABSOLUTE
    ../Core/Src/stm32f1xx_hal_msp.c          0x00000000   Number         0  stm32f1xx_hal_msp.o ABSOLUTE
    ../Core/Src/stm32f1xx_it.c               0x00000000   Number         0  stm32f1xx_it.o ABSOLUTE
    ../Core/Src/system_stm32f1xx.c           0x00000000   Number         0  system_stm32f1xx.o ABSOLUTE
    ../Core/Src/tim.c                        0x00000000   Number         0  tim.o ABSOLUTE
    ../Core/Src/usart.c                      0x00000000   Number         0  usart.o ABSOLUTE
    ../Drivers/STM32F1xx_HAL_Driver/Src/stm32f1xx_hal.c 0x00000000   Number         0  stm32f1xx_hal.o ABSOLUTE
    ../Drivers/STM32F1xx_HAL_Driver/Src/stm32f1xx_hal_cortex.c 0x00000000   Number         0  stm32f1xx_hal_cortex.o ABSOLUTE
    ../Drivers/STM32F1xx_HAL_Driver/Src/stm32f1xx_hal_dma.c 0x00000000   Number         0  stm32f1xx_hal_dma.o ABSOLUTE
    ../Drivers/STM32F1xx_HAL_Driver/Src/stm32f1xx_hal_exti.c 0x00000000   Number         0  stm32f1xx_hal_exti.o ABSOLUTE
    ../Drivers/STM32F1xx_HAL_Driver/Src/stm32f1xx_hal_flash.c 0x00000000   Number         0  stm32f1xx_hal_flash.o ABSOLUTE
    ../Drivers/STM32F1xx_HAL_Driver/Src/stm32f1xx_hal_flash_ex.c 0x00000000   Number         0  stm32f1xx_hal_flash_ex.o ABSOLUTE
    ../Drivers/STM32F1xx_HAL_Driver/Src/stm32f1xx_hal_gpio.c 0x00000000   Number         0  stm32f1xx_hal_gpio.o ABSOLUTE
    ../Drivers/STM32F1xx_HAL_Driver/Src/stm32f1xx_hal_gpio_ex.c 0x00000000   Number         0  stm32f1xx_hal_gpio_ex.o ABSOLUTE
    ../Drivers/STM32F1xx_HAL_Driver/Src/stm32f1xx_hal_iwdg.c 0x00000000   Number         0  stm32f1xx_hal_iwdg.o ABSOLUTE
    ../Drivers/STM32F1xx_HAL_Driver/Src/stm32f1xx_hal_pwr.c 0x00000000   Number         0  stm32f1xx_hal_pwr.o ABSOLUTE
    ../Drivers/STM32F1xx_HAL_Driver/Src/stm32f1xx_hal_rcc.c 0x00000000   Number         0  stm32f1xx_hal_rcc.o ABSOLUTE
    ../Drivers/STM32F1xx_HAL_Driver/Src/stm32f1xx_hal_rcc_ex.c 0x00000000   Number         0  stm32f1xx_hal_rcc_ex.o ABSOLUTE
    ../Drivers/STM32F1xx_HAL_Driver/Src/stm32f1xx_hal_tim.c 0x00000000   Number         0  stm32f1xx_hal_tim.o ABSOLUTE
    ../Drivers/STM32F1xx_HAL_Driver/Src/stm32f1xx_hal_tim_ex.c 0x00000000   Number         0  stm32f1xx_hal_tim_ex.o ABSOLUTE
    ../Drivers/STM32F1xx_HAL_Driver/Src/stm32f1xx_hal_uart.c 0x00000000   Number         0  stm32f1xx_hal_uart.o ABSOLUTE
    ../clib/microlib/division.c              0x00000000   Number         0  uldiv.o ABSOLUTE
    ../clib/microlib/division.c              0x00000000   Number         0  uidiv.o ABSOLUTE
    ../clib/microlib/init/entry.s            0x00000000   Number         0  entry2.o ABSOLUTE
    ../clib/microlib/init/entry.s            0x00000000   Number         0  entry11b.o ABSOLUTE
    ../clib/microlib/init/entry.s            0x00000000   Number         0  entry12b.o ABSOLUTE
    ../clib/microlib/init/entry.s            0x00000000   Number         0  entry12a.o ABSOLUTE
    ../clib/microlib/init/entry.s            0x00000000   Number         0  entry11a.o ABSOLUTE
    ../clib/microlib/init/entry.s            0x00000000   Number         0  entry10b.o ABSOLUTE
    ../clib/microlib/init/entry.s            0x00000000   Number         0  entry.o ABSOLUTE
    ../clib/microlib/init/entry.s            0x00000000   Number         0  entry8a.o ABSOLUTE
    ../clib/microlib/init/entry.s            0x00000000   Number         0  entry10a.o ABSOLUTE
    ../clib/microlib/init/entry.s            0x00000000   Number         0  entry9b.o ABSOLUTE
    ../clib/microlib/init/entry.s            0x00000000   Number         0  entry9a.o ABSOLUTE
    ../clib/microlib/init/entry.s            0x00000000   Number         0  entry8b.o ABSOLUTE
    ../clib/microlib/init/entry.s            0x00000000   Number         0  entry5.o ABSOLUTE
    ../clib/microlib/init/entry.s            0x00000000   Number         0  entry7b.o ABSOLUTE
    ../clib/microlib/init/entry.s            0x00000000   Number         0  entry7a.o ABSOLUTE
    ../clib/microlib/longlong.c              0x00000000   Number         0  llsshr.o ABSOLUTE
    ../clib/microlib/longlong.c              0x00000000   Number         0  llshl.o ABSOLUTE
    ../clib/microlib/longlong.c              0x00000000   Number         0  llushr.o ABSOLUTE
    ../clib/microlib/printf/printf.c         0x00000000   Number         0  printfa.o ABSOLUTE
    ../clib/microlib/printf/printf.c         0x00000000   Number         0  printf8.o ABSOLUTE
    ../clib/microlib/printf/printf.c         0x00000000   Number         0  printf5.o ABSOLUTE
    ../clib/microlib/printf/printf.c         0x00000000   Number         0  printf1.o ABSOLUTE
    ../clib/microlib/printf/printf.c         0x00000000   Number         0  printf7.o ABSOLUTE
    ../clib/microlib/printf/printf.c         0x00000000   Number         0  printf2.o ABSOLUTE
    ../clib/microlib/printf/printf.c         0x00000000   Number         0  printf3.o ABSOLUTE
    ../clib/microlib/printf/printf.c         0x00000000   Number         0  printfb.o ABSOLUTE
    ../clib/microlib/printf/printf.c         0x00000000   Number         0  printf6.o ABSOLUTE
    ../clib/microlib/printf/printf.c         0x00000000   Number         0  printf4.o ABSOLUTE
    ../clib/microlib/printf/printf.c         0x00000000   Number         0  printf0.o ABSOLUTE
    ../clib/microlib/printf/stubs.s          0x00000000   Number         0  stubs.o ABSOLUTE
    ../clib/microlib/stdio/streams.c         0x00000000   Number         0  stdout.o ABSOLUTE
    ../clib/microlib/string/memcpy.c         0x00000000   Number         0  memcpya.o ABSOLUTE
    ../clib/microlib/string/memcpy.c         0x00000000   Number         0  memcpyb.o ABSOLUTE
    ../clib/microlib/string/memset.c         0x00000000   Number         0  memseta.o ABSOLUTE
    ../clib/microlib/string/strcmp.c         0x00000000   Number         0  strcmp.o ABSOLUTE
    ../clib/microlib/string/strlen.c         0x00000000   Number         0  strlen.o ABSOLUTE
    ../clib/microlib/string/strstr.c         0x00000000   Number         0  strstr.o ABSOLUTE
    ../clib/microlib/stubs.s                 0x00000000   Number         0  iusefp.o ABSOLUTE
    ../fplib/microlib/d2f.c                  0x00000000   Number         0  d2f.o ABSOLUTE
    ../fplib/microlib/f2d.c                  0x00000000   Number         0  f2d.o ABSOLUTE
    ../fplib/microlib/fpadd.c                0x00000000   Number         0  dadd.o ABSOLUTE
    ../fplib/microlib/fpdiv.c                0x00000000   Number         0  ddiv.o ABSOLUTE
    ../fplib/microlib/fpepilogue.c           0x00000000   Number         0  depilogue.o ABSOLUTE
    ../fplib/microlib/fpepilogue.c           0x00000000   Number         0  fepilogue.o ABSOLUTE
    ../fplib/microlib/fpfix.c                0x00000000   Number         0  dfixul.o ABSOLUTE
    ../fplib/microlib/fpflt.c                0x00000000   Number         0  dflti.o ABSOLUTE
    ../fplib/microlib/fpmul.c                0x00000000   Number         0  dmul.o ABSOLUTE
    ..\BSP\ESP8266\esp8266_at.c              0x00000000   Number         0  esp8266_at.o ABSOLUTE
    ..\BSP\MQTT\esp8266_mqtt.c               0x00000000   Number         0  esp8266_mqtt.o ABSOLUTE
    ..\Core\Src\gpio.c                       0x00000000   Number         0  gpio.o ABSOLUTE
    ..\Core\Src\iwdg.c                       0x00000000   Number         0  iwdg.o ABSOLUTE
    ..\Core\Src\main.c                       0x00000000   Number         0  main.o ABSOLUTE
    ..\Core\Src\stm32f1xx_hal_msp.c          0x00000000   Number         0  stm32f1xx_hal_msp.o ABSOLUTE
    ..\Core\Src\stm32f1xx_it.c               0x00000000   Number         0  stm32f1xx_it.o ABSOLUTE
    ..\Core\Src\system_stm32f1xx.c           0x00000000   Number         0  system_stm32f1xx.o ABSOLUTE
    ..\Core\Src\tim.c                        0x00000000   Number         0  tim.o ABSOLUTE
    ..\Core\Src\usart.c                      0x00000000   Number         0  usart.o ABSOLUTE
    ..\Drivers\STM32F1xx_HAL_Driver\Src\stm32f1xx_hal.c 0x00000000   Number         0  stm32f1xx_hal.o ABSOLUTE
    ..\Drivers\STM32F1xx_HAL_Driver\Src\stm32f1xx_hal_cortex.c 0x00000000   Number         0  stm32f1xx_hal_cortex.o ABSOLUTE
    ..\Drivers\STM32F1xx_HAL_Driver\Src\stm32f1xx_hal_dma.c 0x00000000   Number         0  stm32f1xx_hal_dma.o ABSOLUTE
    ..\Drivers\STM32F1xx_HAL_Driver\Src\stm32f1xx_hal_exti.c 0x00000000   Number         0  stm32f1xx_hal_exti.o ABSOLUTE
    ..\Drivers\STM32F1xx_HAL_Driver\Src\stm32f1xx_hal_flash.c 0x00000000   Number         0  stm32f1xx_hal_flash.o ABSOLUTE
    ..\Drivers\STM32F1xx_HAL_Driver\Src\stm32f1xx_hal_flash_ex.c 0x00000000   Number         0  stm32f1xx_hal_flash_ex.o ABSOLUTE
    ..\Drivers\STM32F1xx_HAL_Driver\Src\stm32f1xx_hal_gpio.c 0x00000000   Number         0  stm32f1xx_hal_gpio.o ABSOLUTE
    ..\Drivers\STM32F1xx_HAL_Driver\Src\stm32f1xx_hal_gpio_ex.c 0x00000000   Number         0  stm32f1xx_hal_gpio_ex.o ABSOLUTE
    ..\Drivers\STM32F1xx_HAL_Driver\Src\stm32f1xx_hal_iwdg.c 0x00000000   Number         0  stm32f1xx_hal_iwdg.o ABSOLUTE
    ..\Drivers\STM32F1xx_HAL_Driver\Src\stm32f1xx_hal_pwr.c 0x00000000   Number         0  stm32f1xx_hal_pwr.o ABSOLUTE
    ..\Drivers\STM32F1xx_HAL_Driver\Src\stm32f1xx_hal_rcc.c 0x00000000   Number         0  stm32f1xx_hal_rcc.o ABSOLUTE
    ..\Drivers\STM32F1xx_HAL_Driver\Src\stm32f1xx_hal_rcc_ex.c 0x00000000   Number         0  stm32f1xx_hal_rcc_ex.o ABSOLUTE
    ..\Drivers\STM32F1xx_HAL_Driver\Src\stm32f1xx_hal_tim.c 0x00000000   Number         0  stm32f1xx_hal_tim.o ABSOLUTE
    ..\Drivers\STM32F1xx_HAL_Driver\Src\stm32f1xx_hal_tim_ex.c 0x00000000   Number         0  stm32f1xx_hal_tim_ex.o ABSOLUTE
    ..\Drivers\STM32F1xx_HAL_Driver\Src\stm32f1xx_hal_uart.c 0x00000000   Number         0  stm32f1xx_hal_uart.o ABSOLUTE
    ..\\BSP\\ESP8266\\esp8266_at.c           0x00000000   Number         0  esp8266_at.o ABSOLUTE
    ..\\BSP\\MQTT\\esp8266_mqtt.c            0x00000000   Number         0  esp8266_mqtt.o ABSOLUTE
    cdrcmple.s                               0x00000000   Number         0  cdrcmple.o ABSOLUTE
    dc.s                                     0x00000000   Number         0  dc.o ABSOLUTE
    handlers.s                               0x00000000   Number         0  handlers.o ABSOLUTE
    init.s                                   0x00000000   Number         0  init.o ABSOLUTE
    startup_stm32f103xb.s                    0x00000000   Number         0  startup_stm32f103xb.o ABSOLUTE
    RESET                                    0x08000000   Section      236  startup_stm32f103xb.o(RESET)
    .ARM.Collect$$$$00000000                 0x080000ec   Section        0  entry.o(.ARM.Collect$$$$00000000)
    .ARM.Collect$$$$00000001                 0x080000ec   Section        4  entry2.o(.ARM.Collect$$$$00000001)
    .ARM.Collect$$$$00000004                 0x080000f0   Section        4  entry5.o(.ARM.Collect$$$$00000004)
    .ARM.Collect$$$$00000008                 0x080000f4   Section        0  entry7b.o(.ARM.Collect$$$$00000008)
    .ARM.Collect$$$$0000000A                 0x080000f4   Section        0  entry8b.o(.ARM.Collect$$$$0000000A)
    .ARM.Collect$$$$0000000B                 0x080000f4   Section        8  entry9a.o(.ARM.Collect$$$$0000000B)
    .ARM.Collect$$$$0000000E                 0x080000fc   Section        4  entry12b.o(.ARM.Collect$$$$0000000E)
    .ARM.Collect$$$$0000000F                 0x08000100   Section        0  entry10a.o(.ARM.Collect$$$$0000000F)
    .ARM.Collect$$$$00000011                 0x08000100   Section        0  entry11a.o(.ARM.Collect$$$$00000011)
    .ARM.Collect$$$$00002712                 0x08000100   Section        4  entry2.o(.ARM.Collect$$$$00002712)
    __lit__00000000                          0x08000100   Data           4  entry2.o(.ARM.Collect$$$$00002712)
    .text                                    0x08000104   Section       36  startup_stm32f103xb.o(.text)
    .text                                    0x08000128   Section        0  llushr.o(.text)
    .text                                    0x08000148   Section        0  memcpya.o(.text)
    .text                                    0x0800016c   Section        0  memseta.o(.text)
    .text                                    0x08000190   Section        0  strstr.o(.text)
    .text                                    0x080001b4   Section        0  strlen.o(.text)
    .text                                    0x080001c2   Section        0  strcmp.o(.text)
    .text                                    0x080001de   Section        0  dadd.o(.text)
    .text                                    0x0800032c   Section        0  dmul.o(.text)
    .text                                    0x08000410   Section        0  ddiv.o(.text)
    .text                                    0x080004ee   Section        0  dflti.o(.text)
    .text                                    0x08000510   Section        0  f2d.o(.text)
    .text                                    0x08000536   Section        0  d2f.o(.text)
    .text                                    0x0800056e   Section        0  uidiv.o(.text)
    .text                                    0x0800059a   Section        0  uldiv.o(.text)
    .text                                    0x080005fc   Section        0  llshl.o(.text)
    .text                                    0x0800061a   Section        0  llsshr.o(.text)
    .text                                    0x0800063e   Section        0  iusefp.o(.text)
    .text                                    0x0800063e   Section        0  fepilogue.o(.text)
    .text                                    0x080006ac   Section        0  depilogue.o(.text)
    .text                                    0x08000766   Section        0  dfixul.o(.text)
    .text                                    0x08000798   Section       48  cdrcmple.o(.text)
    .text                                    0x080007c8   Section       36  init.o(.text)
    i.BusFault_Handler                       0x080007ec   Section        0  stm32f1xx_it.o(i.BusFault_Handler)
    i.DebugMon_Handler                       0x080007f0   Section        0  stm32f1xx_it.o(i.DebugMon_Handler)
    i.ES8266_MQTT_Init                       0x080007f4   Section        0  esp8266_at.o(i.ES8266_MQTT_Init)
    i.ESP8266_ATSendBuf                      0x080009fc   Section        0  esp8266_at.o(i.ESP8266_ATSendBuf)
    i.ESP8266_ATSendString                   0x08000a30   Section        0  esp8266_at.o(i.ESP8266_ATSendString)
    i.ESP8266_Check                          0x08000a60   Section        0  esp8266_at.o(i.ESP8266_Check)
    i.ESP8266_ConnectAP                      0x08000aa4   Section        0  esp8266_at.o(i.ESP8266_ConnectAP)
    i.ESP8266_ConnectServer                  0x08000b64   Section        0  esp8266_at.o(i.ESP8266_ConnectServer)
    i.ESP8266_ExitUnvarnishedTrans           0x08000c44   Section        0  esp8266_at.o(i.ESP8266_ExitUnvarnishedTrans)
    i.ESP8266_Init                           0x08000c64   Section        0  esp8266_at.o(i.ESP8266_Init)
    i.ESP8266_OpenTransmission               0x08000ce4   Section        0  esp8266_at.o(i.ESP8266_OpenTransmission)
    ESP8266_OpenTransmission                 0x08000ce5   Thumb Code    52  esp8266_at.o(i.ESP8266_OpenTransmission)
    i.Enter_ErrorMode                        0x08000d30   Section        0  esp8266_at.o(i.Enter_ErrorMode)
    i.Error_Handler                          0x08000e7c   Section        0  main.o(i.Error_Handler)
    i.FindStr                                0x08000e82   Section        0  esp8266_at.o(i.FindStr)
    i.GetSubStrPos                           0x08000eb8   Section        0  main.o(i.GetSubStrPos)
    i.HAL_DMA_Abort                          0x08000f04   Section        0  stm32f1xx_hal_dma.o(i.HAL_DMA_Abort)
    i.HAL_DMA_Abort_IT                       0x08000f5c   Section        0  stm32f1xx_hal_dma.o(i.HAL_DMA_Abort_IT)
    i.HAL_Delay                              0x0800100c   Section        0  stm32f1xx_hal.o(i.HAL_Delay)
    i.HAL_GPIO_Init                          0x08001034   Section        0  stm32f1xx_hal_gpio.o(i.HAL_GPIO_Init)
    i.HAL_GPIO_TogglePin                     0x08001354   Section        0  stm32f1xx_hal_gpio.o(i.HAL_GPIO_TogglePin)
    i.HAL_GPIO_WritePin                      0x08001368   Section        0  stm32f1xx_hal_gpio.o(i.HAL_GPIO_WritePin)
    i.HAL_GetTick                            0x08001374   Section        0  stm32f1xx_hal.o(i.HAL_GetTick)
    i.HAL_IWDG_Init                          0x08001380   Section        0  stm32f1xx_hal_iwdg.o(i.HAL_IWDG_Init)
    i.HAL_IWDG_Refresh                       0x080013de   Section        0  stm32f1xx_hal_iwdg.o(i.HAL_IWDG_Refresh)
    i.HAL_IncTick                            0x080013ec   Section        0  stm32f1xx_hal.o(i.HAL_IncTick)
    i.HAL_Init                               0x08001404   Section        0  stm32f1xx_hal.o(i.HAL_Init)
    i.HAL_InitTick                           0x0800142c   Section        0  stm32f1xx_hal.o(i.HAL_InitTick)
    i.HAL_MspInit                            0x08001478   Section        0  stm32f1xx_hal_msp.o(i.HAL_MspInit)
    i.HAL_NVIC_EnableIRQ                     0x080014cc   Section        0  stm32f1xx_hal_cortex.o(i.HAL_NVIC_EnableIRQ)
    i.HAL_NVIC_SetPriority                   0x080014ec   Section        0  stm32f1xx_hal_cortex.o(i.HAL_NVIC_SetPriority)
    i.HAL_NVIC_SetPriorityGrouping           0x08001568   Section        0  stm32f1xx_hal_cortex.o(i.HAL_NVIC_SetPriorityGrouping)
    i.HAL_RCC_ClockConfig                    0x08001590   Section        0  stm32f1xx_hal_rcc.o(i.HAL_RCC_ClockConfig)
    i.HAL_RCC_GetHCLKFreq                    0x0800171c   Section        0  stm32f1xx_hal_rcc.o(i.HAL_RCC_GetHCLKFreq)
    i.HAL_RCC_GetPCLK1Freq                   0x08001728   Section        0  stm32f1xx_hal_rcc.o(i.HAL_RCC_GetPCLK1Freq)
    i.HAL_RCC_GetPCLK2Freq                   0x08001748   Section        0  stm32f1xx_hal_rcc.o(i.HAL_RCC_GetPCLK2Freq)
    i.HAL_RCC_GetSysClockFreq                0x08001768   Section        0  stm32f1xx_hal_rcc.o(i.HAL_RCC_GetSysClockFreq)
    i.HAL_RCC_OscConfig                      0x080017fc   Section        0  stm32f1xx_hal_rcc.o(i.HAL_RCC_OscConfig)
    i.HAL_SYSTICK_Config                     0x08001c60   Section        0  stm32f1xx_hal_cortex.o(i.HAL_SYSTICK_Config)
    i.HAL_TIMEx_MasterConfigSynchronization  0x08001c94   Section        0  stm32f1xx_hal_tim_ex.o(i.HAL_TIMEx_MasterConfigSynchronization)
    i.HAL_TIM_Base_Init                      0x08001d18   Section        0  stm32f1xx_hal_tim.o(i.HAL_TIM_Base_Init)
    i.HAL_TIM_Base_MspInit                   0x08001d80   Section        0  tim.o(i.HAL_TIM_Base_MspInit)
    i.HAL_TIM_ConfigClockSource              0x08001db0   Section        0  stm32f1xx_hal_tim.o(i.HAL_TIM_ConfigClockSource)
    i.HAL_UARTEx_RxEventCallback             0x08001eb8   Section        0  stm32f1xx_hal_uart.o(i.HAL_UARTEx_RxEventCallback)
    i.HAL_UART_ErrorCallback                 0x08001eba   Section        0  stm32f1xx_hal_uart.o(i.HAL_UART_ErrorCallback)
    i.HAL_UART_IRQHandler                    0x08001ebc   Section        0  stm32f1xx_hal_uart.o(i.HAL_UART_IRQHandler)
    i.HAL_UART_Init                          0x08002108   Section        0  stm32f1xx_hal_uart.o(i.HAL_UART_Init)
    i.HAL_UART_MspInit                       0x0800217c   Section        0  usart.o(i.HAL_UART_MspInit)
    i.HAL_UART_Receive_IT                    0x0800230c   Section        0  stm32f1xx_hal_uart.o(i.HAL_UART_Receive_IT)
    i.HAL_UART_RxCpltCallback                0x08002350   Section        0  main.o(i.HAL_UART_RxCpltCallback)
    i.HAL_UART_Transmit                      0x080023d0   Section        0  stm32f1xx_hal_uart.o(i.HAL_UART_Transmit)
    i.HAL_UART_TxCpltCallback                0x080024a2   Section        0  stm32f1xx_hal_uart.o(i.HAL_UART_TxCpltCallback)
    i.HardFault_Handler                      0x080024a4   Section        0  stm32f1xx_it.o(i.HardFault_Handler)
    i.MQTT_Connect                           0x080024a8   Section        0  esp8266_mqtt.o(i.MQTT_Connect)
    i.MQTT_PublishData                       0x080026e0   Section        0  esp8266_mqtt.o(i.MQTT_PublishData)
    i.MQTT_SendBuf                           0x080027f8   Section        0  esp8266_mqtt.o(i.MQTT_SendBuf)
    i.MQTT_SentHeart                         0x08002808   Section        0  esp8266_mqtt.o(i.MQTT_SentHeart)
    i.MQTT_SubscribeTopic                    0x08002818   Section        0  esp8266_mqtt.o(i.MQTT_SubscribeTopic)
    i.MX_GPIO_Init                           0x08002970   Section        0  gpio.o(i.MX_GPIO_Init)
    i.MX_IWDG_Init                           0x08002a58   Section        0  iwdg.o(i.MX_IWDG_Init)
    i.MX_TIM1_Init                           0x08002a80   Section        0  tim.o(i.MX_TIM1_Init)
    i.MX_USART1_UART_Init                    0x08002af0   Section        0  usart.o(i.MX_USART1_UART_Init)
    i.MX_USART2_UART_Init                    0x08002b28   Section        0  usart.o(i.MX_USART2_UART_Init)
    i.MX_USART3_UART_Init                    0x08002b60   Section        0  usart.o(i.MX_USART3_UART_Init)
    i.MemManage_Handler                      0x08002b98   Section        0  stm32f1xx_it.o(i.MemManage_Handler)
    i.NMI_Handler                            0x08002b9c   Section        0  stm32f1xx_it.o(i.NMI_Handler)
    i.PendSV_Handler                         0x08002ba0   Section        0  stm32f1xx_it.o(i.PendSV_Handler)
    i.RCC_Delay                              0x08002ba4   Section        0  stm32f1xx_hal_rcc.o(i.RCC_Delay)
    RCC_Delay                                0x08002ba5   Thumb Code    36  stm32f1xx_hal_rcc.o(i.RCC_Delay)
    i.ReadStrUnit                            0x08002bcc   Section        0  main.o(i.ReadStrUnit)
    i.STM32_StatusReport                     0x08002be8   Section        0  main.o(i.STM32_StatusReport)
    i.SVC_Handler                            0x08002d54   Section        0  stm32f1xx_it.o(i.SVC_Handler)
    i.SysTick_Handler                        0x08002d56   Section        0  stm32f1xx_it.o(i.SysTick_Handler)
    i.SystemClock_Config                     0x08002d5e   Section        0  main.o(i.SystemClock_Config)
    i.SystemInit                             0x08002dc8   Section        0  system_stm32f1xx.o(i.SystemInit)
    i.TIM_Base_SetConfig                     0x08002dcc   Section        0  stm32f1xx_hal_tim.o(i.TIM_Base_SetConfig)
    i.TIM_ETR_SetConfig                      0x08002e40   Section        0  stm32f1xx_hal_tim.o(i.TIM_ETR_SetConfig)
    i.TIM_ITRx_SetConfig                     0x08002e56   Section        0  stm32f1xx_hal_tim.o(i.TIM_ITRx_SetConfig)
    TIM_ITRx_SetConfig                       0x08002e57   Thumb Code    18  stm32f1xx_hal_tim.o(i.TIM_ITRx_SetConfig)
    i.TIM_TI1_ConfigInputStage               0x08002e68   Section        0  stm32f1xx_hal_tim.o(i.TIM_TI1_ConfigInputStage)
    TIM_TI1_ConfigInputStage                 0x08002e69   Thumb Code    38  stm32f1xx_hal_tim.o(i.TIM_TI1_ConfigInputStage)
    i.TIM_TI2_ConfigInputStage               0x08002e8e   Section        0  stm32f1xx_hal_tim.o(i.TIM_TI2_ConfigInputStage)
    TIM_TI2_ConfigInputStage                 0x08002e8f   Thumb Code    40  stm32f1xx_hal_tim.o(i.TIM_TI2_ConfigInputStage)
    i.UART_DMAAbortOnError                   0x08002eb6   Section        0  stm32f1xx_hal_uart.o(i.UART_DMAAbortOnError)
    UART_DMAAbortOnError                     0x08002eb7   Thumb Code    20  stm32f1xx_hal_uart.o(i.UART_DMAAbortOnError)
    i.UART_EndRxTransfer                     0x08002eca   Section        0  stm32f1xx_hal_uart.o(i.UART_EndRxTransfer)
    UART_EndRxTransfer                       0x08002ecb   Thumb Code    54  stm32f1xx_hal_uart.o(i.UART_EndRxTransfer)
    i.UART_EndTransmit_IT                    0x08002f00   Section        0  stm32f1xx_hal_uart.o(i.UART_EndTransmit_IT)
    UART_EndTransmit_IT                      0x08002f01   Thumb Code    32  stm32f1xx_hal_uart.o(i.UART_EndTransmit_IT)
    i.UART_Receive_IT                        0x08002f20   Section        0  stm32f1xx_hal_uart.o(i.UART_Receive_IT)
    UART_Receive_IT                          0x08002f21   Thumb Code   228  stm32f1xx_hal_uart.o(i.UART_Receive_IT)
    i.UART_SetConfig                         0x08003004   Section        0  stm32f1xx_hal_uart.o(i.UART_SetConfig)
    UART_SetConfig                           0x08003005   Thumb Code   248  stm32f1xx_hal_uart.o(i.UART_SetConfig)
    i.UART_Start_Receive_IT                  0x08003100   Section        0  stm32f1xx_hal_uart.o(i.UART_Start_Receive_IT)
    i.UART_Transmit_IT                       0x08003146   Section        0  stm32f1xx_hal_uart.o(i.UART_Transmit_IT)
    UART_Transmit_IT                         0x08003147   Thumb Code    96  stm32f1xx_hal_uart.o(i.UART_Transmit_IT)
    i.UART_WaitOnFlagUntilTimeout            0x080031a6   Section        0  stm32f1xx_hal_uart.o(i.UART_WaitOnFlagUntilTimeout)
    UART_WaitOnFlagUntilTimeout              0x080031a7   Thumb Code   108  stm32f1xx_hal_uart.o(i.UART_WaitOnFlagUntilTimeout)
    i.USART1_IRQHandler                      0x08003214   Section        0  stm32f1xx_it.o(i.USART1_IRQHandler)
    i.USART1_SendOneByte                     0x08003224   Section        0  esp8266_at.o(i.USART1_SendOneByte)
    USART1_SendOneByte                       0x08003225   Thumb Code    28  esp8266_at.o(i.USART1_SendOneByte)
    i.USART2_IRQHandler                      0x08003244   Section        0  stm32f1xx_it.o(i.USART2_IRQHandler)
    i.USART3_IRQHandler                      0x08003254   Section        0  stm32f1xx_it.o(i.USART3_IRQHandler)
    i.UsageFault_Handler                     0x08003264   Section        0  stm32f1xx_it.o(i.UsageFault_Handler)
    i.__0sprintf                             0x08003268   Section        0  printfa.o(i.__0sprintf)
    i.__NVIC_GetPriorityGrouping             0x08003290   Section        0  stm32f1xx_hal_cortex.o(i.__NVIC_GetPriorityGrouping)
    __NVIC_GetPriorityGrouping               0x08003291   Thumb Code    10  stm32f1xx_hal_cortex.o(i.__NVIC_GetPriorityGrouping)
    i.__NVIC_SetPriority                     0x080032a0   Section        0  stm32f1xx_hal_cortex.o(i.__NVIC_SetPriority)
    __NVIC_SetPriority                       0x080032a1   Thumb Code    32  stm32f1xx_hal_cortex.o(i.__NVIC_SetPriority)
    i.__scatterload_copy                     0x080032c8   Section       14  handlers.o(i.__scatterload_copy)
    i.__scatterload_null                     0x080032d6   Section        2  handlers.o(i.__scatterload_null)
    i.__scatterload_zeroinit                 0x080032d8   Section       14  handlers.o(i.__scatterload_zeroinit)
    i._fp_digits                             0x080032e8   Section        0  printfa.o(i._fp_digits)
    _fp_digits                               0x080032e9   Thumb Code   366  printfa.o(i._fp_digits)
    i._printf_core                           0x0800346c   Section        0  printfa.o(i._printf_core)
    _printf_core                             0x0800346d   Thumb Code  1704  printfa.o(i._printf_core)
    i._printf_post_padding                   0x08003b20   Section        0  printfa.o(i._printf_post_padding)
    _printf_post_padding                     0x08003b21   Thumb Code    36  printfa.o(i._printf_post_padding)
    i._printf_pre_padding                    0x08003b44   Section        0  printfa.o(i._printf_pre_padding)
    _printf_pre_padding                      0x08003b45   Thumb Code    46  printfa.o(i._printf_pre_padding)
    i._sputc                                 0x08003b72   Section        0  printfa.o(i._sputc)
    _sputc                                   0x08003b73   Thumb Code    10  printfa.o(i._sputc)
    i.deal_MQTT_message                      0x08003b7c   Section        0  main.o(i.deal_MQTT_message)
    i.getADAM4017Data                        0x08003f80   Section        0  main.o(i.getADAM4017Data)
    i.getADAM4150Data                        0x080040b8   Section        0  main.o(i.getADAM4150Data)
    i.main                                   0x080041e0   Section        0  main.o(i.main)
    .constdata                               0x080042dc   Section       24  system_stm32f1xx.o(.constdata)
    .constdata                               0x080042f4   Section       12  esp8266_mqtt.o(.constdata)
    .conststring                             0x08004300   Section      702  main.o(.conststring)
    .data                                    0x20000000   Section       41  main.o(.data)
    .data                                    0x2000002c   Section        9  stm32f1xx_hal.o(.data)
    .data                                    0x20000038   Section        4  system_stm32f1xx.o(.data)
    .data                                    0x2000003c   Section        4  esp8266_mqtt.o(.data)
    id                                       0x2000003e   Data           2  esp8266_mqtt.o(.data)
    .data                                    0x20000040   Section        2  esp8266_at.o(.data)
    .bss                                     0x20000044   Section       90  main.o(.bss)
    .bss                                     0x200000a0   Section       12  iwdg.o(.bss)
    .bss                                     0x200000ac   Section       72  tim.o(.bss)
    .bss                                     0x200000f4   Section      204  usart.o(.bss)
    .bss                                     0x200001c0   Section      768  esp8266_at.o(.bss)
    STACK                                    0x200004c0   Section     1024  startup_stm32f103xb.o(STACK)

    Global Symbols

    Symbol Name                              Value     Ov Type        Size  Object(Section)

    BuildAttributes$$THM_ISAv4$P$D$K$B$S$PE$A:L22UL41UL21$X:L11$S22US41US21$IEEE1$IW$USESV6$~STKCKD$USESV7$~SHL$OTIME$ROPI$EBA8$MICROLIB$REQ8$PRES8$EABIv2 0x00000000   Number         0  anon$$obj.o ABSOLUTE
    __ARM_use_no_argv                        0x00000000   Number         0  main.o ABSOLUTE
    _printf_a                                0x00000000   Number         0  stubs.o ABSOLUTE
    _printf_c                                0x00000000   Number         0  stubs.o ABSOLUTE
    _printf_charcount                        0x00000000   Number         0  stubs.o ABSOLUTE
    _printf_d                                0x00000000   Number         0  stubs.o ABSOLUTE
    _printf_e                                0x00000000   Number         0  stubs.o ABSOLUTE
    _printf_f                                0x00000000   Number         0  stubs.o ABSOLUTE
    _printf_flags                            0x00000000   Number         0  stubs.o ABSOLUTE
    _printf_fp_dec                           0x00000000   Number         0  stubs.o ABSOLUTE
    _printf_fp_hex                           0x00000000   Number         0  stubs.o ABSOLUTE
    _printf_g                                0x00000000   Number         0  stubs.o ABSOLUTE
    _printf_i                                0x00000000   Number         0  stubs.o ABSOLUTE
    _printf_int_dec                          0x00000000   Number         0  stubs.o ABSOLUTE
    _printf_l                                0x00000000   Number         0  stubs.o ABSOLUTE
    _printf_lc                               0x00000000   Number         0  stubs.o ABSOLUTE
    _printf_ll                               0x00000000   Number         0  stubs.o ABSOLUTE
    _printf_lld                              0x00000000   Number         0  stubs.o ABSOLUTE
    _printf_lli                              0x00000000   Number         0  stubs.o ABSOLUTE
    _printf_llo                              0x00000000   Number         0  stubs.o ABSOLUTE
    _printf_llu                              0x00000000   Number         0  stubs.o ABSOLUTE
    _printf_llx                              0x00000000   Number         0  stubs.o ABSOLUTE
    _printf_longlong_dec                     0x00000000   Number         0  stubs.o ABSOLUTE
    _printf_longlong_hex                     0x00000000   Number         0  stubs.o ABSOLUTE
    _printf_longlong_oct                     0x00000000   Number         0  stubs.o ABSOLUTE
    _printf_ls                               0x00000000   Number         0  stubs.o ABSOLUTE
    _printf_mbtowc                           0x00000000   Number         0  stubs.o ABSOLUTE
    _printf_n                                0x00000000   Number         0  stubs.o ABSOLUTE
    _printf_o                                0x00000000   Number         0  stubs.o ABSOLUTE
    _printf_p                                0x00000000   Number         0  stubs.o ABSOLUTE
    _printf_percent                          0x00000000   Number         0  stubs.o ABSOLUTE
    _printf_pre_padding                      0x00000000   Number         0  stubs.o ABSOLUTE
    _printf_return_value                     0x00000000   Number         0  stubs.o ABSOLUTE
    _printf_s                                0x00000000   Number         0  stubs.o ABSOLUTE
    _printf_sizespec                         0x00000000   Number         0  stubs.o ABSOLUTE
    _printf_str                              0x00000000   Number         0  stubs.o ABSOLUTE
    _printf_truncate_signed                  0x00000000   Number         0  stubs.o ABSOLUTE
    _printf_truncate_unsigned                0x00000000   Number         0  stubs.o ABSOLUTE
    _printf_u                                0x00000000   Number         0  stubs.o ABSOLUTE
    _printf_wc                               0x00000000   Number         0  stubs.o ABSOLUTE
    _printf_wctomb                           0x00000000   Number         0  stubs.o ABSOLUTE
    _printf_widthprec                        0x00000000   Number         0  stubs.o ABSOLUTE
    _printf_x                                0x00000000   Number         0  stubs.o ABSOLUTE
    __arm_fini_                               - Undefined Weak Reference
    __cpp_initialize__aeabi_                  - Undefined Weak Reference
    __cxa_finalize                            - Undefined Weak Reference
    __decompress                              - Undefined Weak Reference
    _clock_init                               - Undefined Weak Reference
    _microlib_exit                            - Undefined Weak Reference
    __Vectors_Size                           0x000000ec   Number         0  startup_stm32f103xb.o ABSOLUTE
    __Vectors                                0x08000000   Data           4  startup_stm32f103xb.o(RESET)
    __Vectors_End                            0x080000ec   Data           0  startup_stm32f103xb.o(RESET)
    __main                                   0x080000ed   Thumb Code     0  entry.o(.ARM.Collect$$$$00000000)
    _main_stk                                0x080000ed   Thumb Code     0  entry2.o(.ARM.Collect$$$$00000001)
    _main_scatterload                        0x080000f1   Thumb Code     0  entry5.o(.ARM.Collect$$$$00000004)
    __main_after_scatterload                 0x080000f5   Thumb Code     0  entry5.o(.ARM.Collect$$$$00000004)
    _main_clock                              0x080000f5   Thumb Code     0  entry7b.o(.ARM.Collect$$$$00000008)
    _main_cpp_init                           0x080000f5   Thumb Code     0  entry8b.o(.ARM.Collect$$$$0000000A)
    _main_init                               0x080000f5   Thumb Code     0  entry9a.o(.ARM.Collect$$$$0000000B)
    __rt_lib_shutdown_fini                   0x080000fd   Thumb Code     0  entry12b.o(.ARM.Collect$$$$0000000E)
    __rt_final_cpp                           0x08000101   Thumb Code     0  entry10a.o(.ARM.Collect$$$$0000000F)
    __rt_final_exit                          0x08000101   Thumb Code     0  entry11a.o(.ARM.Collect$$$$00000011)
    Reset_Handler                            0x08000105   Thumb Code     8  startup_stm32f103xb.o(.text)
    ADC1_2_IRQHandler                        0x0800011f   Thumb Code     0  startup_stm32f103xb.o(.text)
    CAN1_RX1_IRQHandler                      0x0800011f   Thumb Code     0  startup_stm32f103xb.o(.text)
    CAN1_SCE_IRQHandler                      0x0800011f   Thumb Code     0  startup_stm32f103xb.o(.text)
    DMA1_Channel1_IRQHandler                 0x0800011f   Thumb Code     0  startup_stm32f103xb.o(.text)
    DMA1_Channel2_IRQHandler                 0x0800011f   Thumb Code     0  startup_stm32f103xb.o(.text)
    DMA1_Channel3_IRQHandler                 0x0800011f   Thumb Code     0  startup_stm32f103xb.o(.text)
    DMA1_Channel4_IRQHandler                 0x0800011f   Thumb Code     0  startup_stm32f103xb.o(.text)
    DMA1_Channel5_IRQHandler                 0x0800011f   Thumb Code     0  startup_stm32f103xb.o(.text)
    DMA1_Channel6_IRQHandler                 0x0800011f   Thumb Code     0  startup_stm32f103xb.o(.text)
    DMA1_Channel7_IRQHandler                 0x0800011f   Thumb Code     0  startup_stm32f103xb.o(.text)
    EXTI0_IRQHandler                         0x0800011f   Thumb Code     0  startup_stm32f103xb.o(.text)
    EXTI15_10_IRQHandler                     0x0800011f   Thumb Code     0  startup_stm32f103xb.o(.text)
    EXTI1_IRQHandler                         0x0800011f   Thumb Code     0  startup_stm32f103xb.o(.text)
    EXTI2_IRQHandler                         0x0800011f   Thumb Code     0  startup_stm32f103xb.o(.text)
    EXTI3_IRQHandler                         0x0800011f   Thumb Code     0  startup_stm32f103xb.o(.text)
    EXTI4_IRQHandler                         0x0800011f   Thumb Code     0  startup_stm32f103xb.o(.text)
    EXTI9_5_IRQHandler                       0x0800011f   Thumb Code     0  startup_stm32f103xb.o(.text)
    FLASH_IRQHandler                         0x0800011f   Thumb Code     0  startup_stm32f103xb.o(.text)
    I2C1_ER_IRQHandler                       0x0800011f   Thumb Code     0  startup_stm32f103xb.o(.text)
    I2C1_EV_IRQHandler                       0x0800011f   Thumb Code     0  startup_stm32f103xb.o(.text)
    I2C2_ER_IRQHandler                       0x0800011f   Thumb Code     0  startup_stm32f103xb.o(.text)
    I2C2_EV_IRQHandler                       0x0800011f   Thumb Code     0  startup_stm32f103xb.o(.text)
    PVD_IRQHandler                           0x0800011f   Thumb Code     0  startup_stm32f103xb.o(.text)
    RCC_IRQHandler                           0x0800011f   Thumb Code     0  startup_stm32f103xb.o(.text)
    RTC_Alarm_IRQHandler                     0x0800011f   Thumb Code     0  startup_stm32f103xb.o(.text)
    RTC_IRQHandler                           0x0800011f   Thumb Code     0  startup_stm32f103xb.o(.text)
    SPI1_IRQHandler                          0x0800011f   Thumb Code     0  startup_stm32f103xb.o(.text)
    SPI2_IRQHandler                          0x0800011f   Thumb Code     0  startup_stm32f103xb.o(.text)
    TAMPER_IRQHandler                        0x0800011f   Thumb Code     0  startup_stm32f103xb.o(.text)
    TIM1_BRK_IRQHandler                      0x0800011f   Thumb Code     0  startup_stm32f103xb.o(.text)
    TIM1_CC_IRQHandler                       0x0800011f   Thumb Code     0  startup_stm32f103xb.o(.text)
    TIM1_TRG_COM_IRQHandler                  0x0800011f   Thumb Code     0  startup_stm32f103xb.o(.text)
    TIM1_UP_IRQHandler                       0x0800011f   Thumb Code     0  startup_stm32f103xb.o(.text)
    TIM2_IRQHandler                          0x0800011f   Thumb Code     0  startup_stm32f103xb.o(.text)
    TIM3_IRQHandler                          0x0800011f   Thumb Code     0  startup_stm32f103xb.o(.text)
    TIM4_IRQHandler                          0x0800011f   Thumb Code     0  startup_stm32f103xb.o(.text)
    USBWakeUp_IRQHandler                     0x0800011f   Thumb Code     0  startup_stm32f103xb.o(.text)
    USB_HP_CAN1_TX_IRQHandler                0x0800011f   Thumb Code     0  startup_stm32f103xb.o(.text)
    USB_LP_CAN1_RX0_IRQHandler               0x0800011f   Thumb Code     0  startup_stm32f103xb.o(.text)
    WWDG_IRQHandler                          0x0800011f   Thumb Code     0  startup_stm32f103xb.o(.text)
    __aeabi_llsr                             0x08000129   Thumb Code    32  llushr.o(.text)
    _ll_ushift_r                             0x08000129   Thumb Code     0  llushr.o(.text)
    __aeabi_memcpy                           0x08000149   Thumb Code    36  memcpya.o(.text)
    __aeabi_memcpy4                          0x08000149   Thumb Code     0  memcpya.o(.text)
    __aeabi_memcpy8                          0x08000149   Thumb Code     0  memcpya.o(.text)
    __aeabi_memset                           0x0800016d   Thumb Code    14  memseta.o(.text)
    __aeabi_memset4                          0x0800016d   Thumb Code     0  memseta.o(.text)
    __aeabi_memset8                          0x0800016d   Thumb Code     0  memseta.o(.text)
    __aeabi_memclr                           0x0800017b   Thumb Code     4  memseta.o(.text)
    __aeabi_memclr4                          0x0800017b   Thumb Code     0  memseta.o(.text)
    __aeabi_memclr8                          0x0800017b   Thumb Code     0  memseta.o(.text)
    _memset$wrapper                          0x0800017f   Thumb Code    18  memseta.o(.text)
    strstr                                   0x08000191   Thumb Code    36  strstr.o(.text)
    strlen                                   0x080001b5   Thumb Code    14  strlen.o(.text)
    strcmp                                   0x080001c3   Thumb Code    28  strcmp.o(.text)
    __aeabi_dadd                             0x080001df   Thumb Code   322  dadd.o(.text)
    __aeabi_dsub                             0x08000321   Thumb Code     6  dadd.o(.text)
    __aeabi_drsub                            0x08000327   Thumb Code     6  dadd.o(.text)
    __aeabi_dmul                             0x0800032d   Thumb Code   228  dmul.o(.text)
    __aeabi_ddiv                             0x08000411   Thumb Code   222  ddiv.o(.text)
    __aeabi_i2d                              0x080004ef   Thumb Code    34  dflti.o(.text)
    __aeabi_f2d                              0x08000511   Thumb Code    38  f2d.o(.text)
    __aeabi_d2f                              0x08000537   Thumb Code    56  d2f.o(.text)
    __aeabi_uidiv                            0x0800056f   Thumb Code     0  uidiv.o(.text)
    __aeabi_uidivmod                         0x0800056f   Thumb Code    44  uidiv.o(.text)
    __aeabi_uldivmod                         0x0800059b   Thumb Code    98  uldiv.o(.text)
    __aeabi_llsl                             0x080005fd   Thumb Code    30  llshl.o(.text)
    _ll_shift_l                              0x080005fd   Thumb Code     0  llshl.o(.text)
    __aeabi_lasr                             0x0800061b   Thumb Code    36  llsshr.o(.text)
    _ll_sshift_r                             0x0800061b   Thumb Code     0  llsshr.o(.text)
    __I$use$fp                               0x0800063f   Thumb Code     0  iusefp.o(.text)
    _float_round                             0x0800063f   Thumb Code    18  fepilogue.o(.text)
    _float_epilogue                          0x08000651   Thumb Code    92  fepilogue.o(.text)
    _double_round                            0x080006ad   Thumb Code    30  depilogue.o(.text)
    _double_epilogue                         0x080006cb   Thumb Code   156  depilogue.o(.text)
    __aeabi_d2ulz                            0x08000767   Thumb Code    48  dfixul.o(.text)
    __aeabi_cdrcmple                         0x08000799   Thumb Code    48  cdrcmple.o(.text)
    __scatterload                            0x080007c9   Thumb Code    28  init.o(.text)
    __scatterload_rt2                        0x080007c9   Thumb Code     0  init.o(.text)
    BusFault_Handler                         0x080007ed   Thumb Code     4  stm32f1xx_it.o(i.BusFault_Handler)
    DebugMon_Handler                         0x080007f1   Thumb Code     2  stm32f1xx_it.o(i.DebugMon_Handler)
    ES8266_MQTT_Init                         0x080007f5   Thumb Code   202  esp8266_at.o(i.ES8266_MQTT_Init)
    ESP8266_ATSendBuf                        0x080009fd   Thumb Code    38  esp8266_at.o(i.ESP8266_ATSendBuf)
    ESP8266_ATSendString                     0x08000a31   Thumb Code    38  esp8266_at.o(i.ESP8266_ATSendString)
    ESP8266_Check                            0x08000a61   Thumb Code    52  esp8266_at.o(i.ESP8266_Check)
    ESP8266_ConnectAP                        0x08000aa5   Thumb Code   132  esp8266_at.o(i.ESP8266_ConnectAP)
    ESP8266_ConnectServer                    0x08000b65   Thumb Code   158  esp8266_at.o(i.ESP8266_ConnectServer)
    ESP8266_ExitUnvarnishedTrans             0x08000c45   Thumb Code    28  esp8266_at.o(i.ESP8266_ExitUnvarnishedTrans)
    ESP8266_Init                             0x08000c65   Thumb Code    96  esp8266_at.o(i.ESP8266_Init)
    Enter_ErrorMode                          0x08000d31   Thumb Code   146  esp8266_at.o(i.Enter_ErrorMode)
    Error_Handler                            0x08000e7d   Thumb Code     6  main.o(i.Error_Handler)
    FindStr                                  0x08000e83   Thumb Code    54  esp8266_at.o(i.FindStr)
    GetSubStrPos                             0x08000eb9   Thumb Code    70  main.o(i.GetSubStrPos)
    HAL_DMA_Abort                            0x08000f05   Thumb Code    86  stm32f1xx_hal_dma.o(i.HAL_DMA_Abort)
    HAL_DMA_Abort_IT                         0x08000f5d   Thumb Code   172  stm32f1xx_hal_dma.o(i.HAL_DMA_Abort_IT)
    HAL_Delay                                0x0800100d   Thumb Code    36  stm32f1xx_hal.o(i.HAL_Delay)
    HAL_GPIO_Init                            0x08001035   Thumb Code   766  stm32f1xx_hal_gpio.o(i.HAL_GPIO_Init)
    HAL_GPIO_TogglePin                       0x08001355   Thumb Code    20  stm32f1xx_hal_gpio.o(i.HAL_GPIO_TogglePin)
    HAL_GPIO_WritePin                        0x08001369   Thumb Code    12  stm32f1xx_hal_gpio.o(i.HAL_GPIO_WritePin)
    HAL_GetTick                              0x08001375   Thumb Code     6  stm32f1xx_hal.o(i.HAL_GetTick)
    HAL_IWDG_Init                            0x08001381   Thumb Code    94  stm32f1xx_hal_iwdg.o(i.HAL_IWDG_Init)
    HAL_IWDG_Refresh                         0x080013df   Thumb Code    14  stm32f1xx_hal_iwdg.o(i.HAL_IWDG_Refresh)
    HAL_IncTick                              0x080013ed   Thumb Code    16  stm32f1xx_hal.o(i.HAL_IncTick)
    HAL_Init                                 0x08001405   Thumb Code    34  stm32f1xx_hal.o(i.HAL_Init)
    HAL_InitTick                             0x0800142d   Thumb Code    64  stm32f1xx_hal.o(i.HAL_InitTick)
    HAL_MspInit                              0x08001479   Thumb Code    76  stm32f1xx_hal_msp.o(i.HAL_MspInit)
    HAL_NVIC_EnableIRQ                       0x080014cd   Thumb Code    32  stm32f1xx_hal_cortex.o(i.HAL_NVIC_EnableIRQ)
    HAL_NVIC_SetPriority                     0x080014ed   Thumb Code   124  stm32f1xx_hal_cortex.o(i.HAL_NVIC_SetPriority)
    HAL_NVIC_SetPriorityGrouping             0x08001569   Thumb Code    32  stm32f1xx_hal_cortex.o(i.HAL_NVIC_SetPriorityGrouping)
    HAL_RCC_ClockConfig                      0x08001591   Thumb Code   376  stm32f1xx_hal_rcc.o(i.HAL_RCC_ClockConfig)
    HAL_RCC_GetHCLKFreq                      0x0800171d   Thumb Code     6  stm32f1xx_hal_rcc.o(i.HAL_RCC_GetHCLKFreq)
    HAL_RCC_GetPCLK1Freq                     0x08001729   Thumb Code    22  stm32f1xx_hal_rcc.o(i.HAL_RCC_GetPCLK1Freq)
    HAL_RCC_GetPCLK2Freq                     0x08001749   Thumb Code    22  stm32f1xx_hal_rcc.o(i.HAL_RCC_GetPCLK2Freq)
    HAL_RCC_GetSysClockFreq                  0x08001769   Thumb Code   116  stm32f1xx_hal_rcc.o(i.HAL_RCC_GetSysClockFreq)
    HAL_RCC_OscConfig                        0x080017fd   Thumb Code  1114  stm32f1xx_hal_rcc.o(i.HAL_RCC_OscConfig)
    HAL_SYSTICK_Config                       0x08001c61   Thumb Code    52  stm32f1xx_hal_cortex.o(i.HAL_SYSTICK_Config)
    HAL_TIMEx_MasterConfigSynchronization    0x08001c95   Thumb Code   118  stm32f1xx_hal_tim_ex.o(i.HAL_TIMEx_MasterConfigSynchronization)
    HAL_TIM_Base_Init                        0x08001d19   Thumb Code   102  stm32f1xx_hal_tim.o(i.HAL_TIM_Base_Init)
    HAL_TIM_Base_MspInit                     0x08001d81   Thumb Code    40  tim.o(i.HAL_TIM_Base_MspInit)
    HAL_TIM_ConfigClockSource                0x08001db1   Thumb Code   264  stm32f1xx_hal_tim.o(i.HAL_TIM_ConfigClockSource)
    HAL_UARTEx_RxEventCallback               0x08001eb9   Thumb Code     2  stm32f1xx_hal_uart.o(i.HAL_UARTEx_RxEventCallback)
    HAL_UART_ErrorCallback                   0x08001ebb   Thumb Code     2  stm32f1xx_hal_uart.o(i.HAL_UART_ErrorCallback)
    HAL_UART_IRQHandler                      0x08001ebd   Thumb Code   582  stm32f1xx_hal_uart.o(i.HAL_UART_IRQHandler)
    HAL_UART_Init                            0x08002109   Thumb Code   114  stm32f1xx_hal_uart.o(i.HAL_UART_Init)
    HAL_UART_MspInit                         0x0800217d   Thumb Code   376  usart.o(i.HAL_UART_MspInit)
    HAL_UART_Receive_IT                      0x0800230d   Thumb Code    66  stm32f1xx_hal_uart.o(i.HAL_UART_Receive_IT)
    HAL_UART_RxCpltCallback                  0x08002351   Thumb Code    88  main.o(i.HAL_UART_RxCpltCallback)
    HAL_UART_Transmit                        0x080023d1   Thumb Code   210  stm32f1xx_hal_uart.o(i.HAL_UART_Transmit)
    HAL_UART_TxCpltCallback                  0x080024a3   Thumb Code     2  stm32f1xx_hal_uart.o(i.HAL_UART_TxCpltCallback)
    HardFault_Handler                        0x080024a5   Thumb Code     4  stm32f1xx_it.o(i.HardFault_Handler)
    MQTT_Connect                             0x080024a9   Thumb Code   550  esp8266_mqtt.o(i.MQTT_Connect)
    MQTT_PublishData                         0x080026e1   Thumb Code   266  esp8266_mqtt.o(i.MQTT_PublishData)
    MQTT_SendBuf                             0x080027f9   Thumb Code    16  esp8266_mqtt.o(i.MQTT_SendBuf)
    MQTT_SentHeart                           0x08002809   Thumb Code    12  esp8266_mqtt.o(i.MQTT_SentHeart)
    MQTT_SubscribeTopic                      0x08002819   Thumb Code   328  esp8266_mqtt.o(i.MQTT_SubscribeTopic)
    MX_GPIO_Init                             0x08002971   Thumb Code   214  gpio.o(i.MX_GPIO_Init)
    MX_IWDG_Init                             0x08002a59   Thumb Code    32  iwdg.o(i.MX_IWDG_Init)
    MX_TIM1_Init                             0x08002a81   Thumb Code   102  tim.o(i.MX_TIM1_Init)
    MX_USART1_UART_Init                      0x08002af1   Thumb Code    46  usart.o(i.MX_USART1_UART_Init)
    MX_USART2_UART_Init                      0x08002b29   Thumb Code    46  usart.o(i.MX_USART2_UART_Init)
    MX_USART3_UART_Init                      0x08002b61   Thumb Code    46  usart.o(i.MX_USART3_UART_Init)
    MemManage_Handler                        0x08002b99   Thumb Code     4  stm32f1xx_it.o(i.MemManage_Handler)
    NMI_Handler                              0x08002b9d   Thumb Code     4  stm32f1xx_it.o(i.NMI_Handler)
    PendSV_Handler                           0x08002ba1   Thumb Code     2  stm32f1xx_it.o(i.PendSV_Handler)
    ReadStrUnit                              0x08002bcd   Thumb Code    26  main.o(i.ReadStrUnit)
    STM32_StatusReport                       0x08002be9   Thumb Code   282  main.o(i.STM32_StatusReport)
    SVC_Handler                              0x08002d55   Thumb Code     2  stm32f1xx_it.o(i.SVC_Handler)
    SysTick_Handler                          0x08002d57   Thumb Code     8  stm32f1xx_it.o(i.SysTick_Handler)
    SystemClock_Config                       0x08002d5f   Thumb Code   106  main.o(i.SystemClock_Config)
    SystemInit                               0x08002dc9   Thumb Code     2  system_stm32f1xx.o(i.SystemInit)
    TIM_Base_SetConfig                       0x08002dcd   Thumb Code   104  stm32f1xx_hal_tim.o(i.TIM_Base_SetConfig)
    TIM_ETR_SetConfig                        0x08002e41   Thumb Code    22  stm32f1xx_hal_tim.o(i.TIM_ETR_SetConfig)
    UART_Start_Receive_IT                    0x08003101   Thumb Code    70  stm32f1xx_hal_uart.o(i.UART_Start_Receive_IT)
    USART1_IRQHandler                        0x08003215   Thumb Code    10  stm32f1xx_it.o(i.USART1_IRQHandler)
    USART2_IRQHandler                        0x08003245   Thumb Code    10  stm32f1xx_it.o(i.USART2_IRQHandler)
    USART3_IRQHandler                        0x08003255   Thumb Code    10  stm32f1xx_it.o(i.USART3_IRQHandler)
    UsageFault_Handler                       0x08003265   Thumb Code     4  stm32f1xx_it.o(i.UsageFault_Handler)
    __0sprintf                               0x08003269   Thumb Code    34  printfa.o(i.__0sprintf)
    __1sprintf                               0x08003269   Thumb Code     0  printfa.o(i.__0sprintf)
    __2sprintf                               0x08003269   Thumb Code     0  printfa.o(i.__0sprintf)
    __c89sprintf                             0x08003269   Thumb Code     0  printfa.o(i.__0sprintf)
    sprintf                                  0x08003269   Thumb Code     0  printfa.o(i.__0sprintf)
    __scatterload_copy                       0x080032c9   Thumb Code    14  handlers.o(i.__scatterload_copy)
    __scatterload_null                       0x080032d7   Thumb Code     2  handlers.o(i.__scatterload_null)
    __scatterload_zeroinit                   0x080032d9   Thumb Code    14  handlers.o(i.__scatterload_zeroinit)
    deal_MQTT_message                        0x08003b7d   Thumb Code   784  main.o(i.deal_MQTT_message)
    getADAM4017Data                          0x08003f81   Thumb Code   284  main.o(i.getADAM4017Data)
    getADAM4150Data                          0x080040b9   Thumb Code   266  main.o(i.getADAM4150Data)
    main                                     0x080041e1   Thumb Code   200  main.o(i.main)
    AHBPrescTable                            0x080042dc   Data          16  system_stm32f1xx.o(.constdata)
    APBPrescTable                            0x080042ec   Data           8  system_stm32f1xx.o(.constdata)
    parket_connetAck                         0x080042f4   Data           4  esp8266_mqtt.o(.constdata)
    parket_disconnet                         0x080042f8   Data           2  esp8266_mqtt.o(.constdata)
    parket_heart                             0x080042fa   Data           2  esp8266_mqtt.o(.constdata)
    parket_heart_reply                       0x080042fc   Data           2  esp8266_mqtt.o(.constdata)
    parket_subAck                            0x080042fe   Data           2  esp8266_mqtt.o(.constdata)
    Region$$Table$$Base                      0x080045c0   Number         0  anon$$obj.o(Region$$Table)
    Region$$Table$$Limit                     0x080045e0   Number         0  anon$$obj.o(Region$$Table)
    ADAM4017RequastData                      0x20000000   Data           8  main.o(.data)
    ADAM4150DIRequastData                    0x20000008   Data           8  main.o(.data)
    ADAM4150DORequastData                    0x20000010   Data           8  main.o(.data)
    Rx2Count                                 0x20000018   Data           1  main.o(.data)
    aRxBuffer                                0x20000019   Data           1  main.o(.data)
    ADAM4150DOData                           0x2000001a   Data           8  main.o(.data)
    ADAM4150DIData                           0x20000022   Data           7  main.o(.data)
    uwTick                                   0x2000002c   Data           4  stm32f1xx_hal.o(.data)
    uwTickPrio                               0x20000030   Data           4  stm32f1xx_hal.o(.data)
    uwTickFreq                               0x20000034   Data           1  stm32f1xx_hal.o(.data)
    SystemCoreClock                          0x20000038   Data           4  system_stm32f1xx.o(.data)
    MQTT_TxLen                               0x2000003c   Data           2  esp8266_mqtt.o(.data)
    usart1_rxone                             0x20000040   Data           1  esp8266_at.o(.data)
    usart1_rxcounter                         0x20000041   Data           1  esp8266_at.o(.data)
    Rx2Buff                                  0x20000044   Data          30  main.o(.bss)
    ADAM4017SensorData                       0x20000064   Data          28  main.o(.bss)
    temp_str                                 0x20000080   Data          30  main.o(.bss)
    hiwdg                                    0x200000a0   Data          12  iwdg.o(.bss)
    htim1                                    0x200000ac   Data          72  tim.o(.bss)
    huart1                                   0x200000f4   Data          68  usart.o(.bss)
    huart2                                   0x20000138   Data          68  usart.o(.bss)
    huart3                                   0x2000017c   Data          68  usart.o(.bss)
    usart1_txbuf                             0x200001c0   Data         256  esp8266_at.o(.bss)
    usart1_rxbuf                             0x200002c0   Data         512  esp8266_at.o(.bss)
    __initial_sp                             0x200008c0   Data           0  startup_stm32f103xb.o(STACK)



==============================================================================

Memory Map of the image

  Image Entry point : 0x080000ed

  Load Region LR_IROM1 (Base: 0x08000000, Size: 0x00004624, Max: 0x00010000, ABSOLUTE)

    Execution Region ER_IROM1 (Exec base: 0x08000000, Load base: 0x08000000, Size: 0x000045e0, Max: 0x00010000, ABSOLUTE)

    Exec Addr    Load Addr    Size         Type   Attr      Idx    E Section Name        Object

    0x08000000   0x08000000   0x000000ec   Data   RO            3    RESET               startup_stm32f103xb.o
    0x080000ec   0x080000ec   0x00000000   Code   RO         3232  * .ARM.Collect$$$$00000000  mc_w.l(entry.o)
    0x080000ec   0x080000ec   0x00000004   Code   RO         3522    .ARM.Collect$$$$00000001  mc_w.l(entry2.o)
    0x080000f0   0x080000f0   0x00000004   Code   RO         3525    .ARM.Collect$$$$00000004  mc_w.l(entry5.o)
    0x080000f4   0x080000f4   0x00000000   Code   RO         3527    .ARM.Collect$$$$00000008  mc_w.l(entry7b.o)
    0x080000f4   0x080000f4   0x00000000   Code   RO         3529    .ARM.Collect$$$$0000000A  mc_w.l(entry8b.o)
    0x080000f4   0x080000f4   0x00000008   Code   RO         3530    .ARM.Collect$$$$0000000B  mc_w.l(entry9a.o)
    0x080000fc   0x080000fc   0x00000004   Code   RO         3537    .ARM.Collect$$$$0000000E  mc_w.l(entry12b.o)
    0x08000100   0x08000100   0x00000000   Code   RO         3532    .ARM.Collect$$$$0000000F  mc_w.l(entry10a.o)
    0x08000100   0x08000100   0x00000000   Code   RO         3534    .ARM.Collect$$$$00000011  mc_w.l(entry11a.o)
    0x08000100   0x08000100   0x00000004   Code   RO         3523    .ARM.Collect$$$$00002712  mc_w.l(entry2.o)
    0x08000104   0x08000104   0x00000024   Code   RO            4    .text               startup_stm32f103xb.o
    0x08000128   0x08000128   0x00000020   Code   RO         3235    .text               mc_w.l(llushr.o)
    0x08000148   0x08000148   0x00000024   Code   RO         3237    .text               mc_w.l(memcpya.o)
    0x0800016c   0x0800016c   0x00000024   Code   RO         3239    .text               mc_w.l(memseta.o)
    0x08000190   0x08000190   0x00000024   Code   RO         3241    .text               mc_w.l(strstr.o)
    0x080001b4   0x080001b4   0x0000000e   Code   RO         3243    .text               mc_w.l(strlen.o)
    0x080001c2   0x080001c2   0x0000001c   Code   RO         3245    .text               mc_w.l(strcmp.o)
    0x080001de   0x080001de   0x0000014e   Code   RO         3510    .text               mf_w.l(dadd.o)
    0x0800032c   0x0800032c   0x000000e4   Code   RO         3512    .text               mf_w.l(dmul.o)
    0x08000410   0x08000410   0x000000de   Code   RO         3514    .text               mf_w.l(ddiv.o)
    0x080004ee   0x080004ee   0x00000022   Code   RO         3516    .text               mf_w.l(dflti.o)
    0x08000510   0x08000510   0x00000026   Code   RO         3518    .text               mf_w.l(f2d.o)
    0x08000536   0x08000536   0x00000038   Code   RO         3520    .text               mf_w.l(d2f.o)
    0x0800056e   0x0800056e   0x0000002c   Code   RO         3539    .text               mc_w.l(uidiv.o)
    0x0800059a   0x0800059a   0x00000062   Code   RO         3541    .text               mc_w.l(uldiv.o)
    0x080005fc   0x080005fc   0x0000001e   Code   RO         3543    .text               mc_w.l(llshl.o)
    0x0800061a   0x0800061a   0x00000024   Code   RO         3545    .text               mc_w.l(llsshr.o)
    0x0800063e   0x0800063e   0x00000000   Code   RO         3547    .text               mc_w.l(iusefp.o)
    0x0800063e   0x0800063e   0x0000006e   Code   RO         3548    .text               mf_w.l(fepilogue.o)
    0x080006ac   0x080006ac   0x000000ba   Code   RO         3550    .text               mf_w.l(depilogue.o)
    0x08000766   0x08000766   0x00000030   Code   RO         3552    .text               mf_w.l(dfixul.o)
    0x08000796   0x08000796   0x00000002   PAD
    0x08000798   0x08000798   0x00000030   Code   RO         3554    .text               mf_w.l(cdrcmple.o)
    0x080007c8   0x080007c8   0x00000024   Code   RO         3556    .text               mc_w.l(init.o)
    0x080007ec   0x080007ec   0x00000004   Code   RO          483    i.BusFault_Handler  stm32f1xx_it.o
    0x080007f0   0x080007f0   0x00000002   Code   RO          484    i.DebugMon_Handler  stm32f1xx_it.o
    0x080007f2   0x080007f2   0x00000002   PAD
    0x080007f4   0x080007f4   0x00000208   Code   RO         3129    i.ES8266_MQTT_Init  esp8266_at.o
    0x080009fc   0x080009fc   0x00000034   Code   RO         3130    i.ESP8266_ATSendBuf  esp8266_at.o
    0x08000a30   0x08000a30   0x00000030   Code   RO         3131    i.ESP8266_ATSendString  esp8266_at.o
    0x08000a60   0x08000a60   0x00000044   Code   RO         3132    i.ESP8266_Check     esp8266_at.o
    0x08000aa4   0x08000aa4   0x000000c0   Code   RO         3133    i.ESP8266_ConnectAP  esp8266_at.o
    0x08000b64   0x08000b64   0x000000e0   Code   RO         3134    i.ESP8266_ConnectServer  esp8266_at.o
    0x08000c44   0x08000c44   0x00000020   Code   RO         3135    i.ESP8266_ExitUnvarnishedTrans  esp8266_at.o
    0x08000c64   0x08000c64   0x00000080   Code   RO         3136    i.ESP8266_Init      esp8266_at.o
    0x08000ce4   0x08000ce4   0x0000004c   Code   RO         3137    i.ESP8266_OpenTransmission  esp8266_at.o
    0x08000d30   0x08000d30   0x0000014c   Code   RO         3139    i.Enter_ErrorMode   esp8266_at.o
    0x08000e7c   0x08000e7c   0x00000006   Code   RO           13    i.Error_Handler     main.o
    0x08000e82   0x08000e82   0x00000036   Code   RO         3140    i.FindStr           esp8266_at.o
    0x08000eb8   0x08000eb8   0x0000004c   Code   RO           14    i.GetSubStrPos      main.o
    0x08000f04   0x08000f04   0x00000056   Code   RO         1051    i.HAL_DMA_Abort     stm32f1xx_hal_dma.o
    0x08000f5a   0x08000f5a   0x00000002   PAD
    0x08000f5c   0x08000f5c   0x000000b0   Code   RO         1052    i.HAL_DMA_Abort_IT  stm32f1xx_hal_dma.o
    0x0800100c   0x0800100c   0x00000028   Code   RO          674    i.HAL_Delay         stm32f1xx_hal.o
    0x08001034   0x08001034   0x00000320   Code   RO          987    i.HAL_GPIO_Init     stm32f1xx_hal_gpio.o
    0x08001354   0x08001354   0x00000014   Code   RO          990    i.HAL_GPIO_TogglePin  stm32f1xx_hal_gpio.o
    0x08001368   0x08001368   0x0000000c   Code   RO          991    i.HAL_GPIO_WritePin  stm32f1xx_hal_gpio.o
    0x08001374   0x08001374   0x0000000c   Code   RO          678    i.HAL_GetTick       stm32f1xx_hal.o
    0x08001380   0x08001380   0x0000005e   Code   RO          637    i.HAL_IWDG_Init     stm32f1xx_hal_iwdg.o
    0x080013de   0x080013de   0x0000000e   Code   RO          638    i.HAL_IWDG_Refresh  stm32f1xx_hal_iwdg.o
    0x080013ec   0x080013ec   0x00000018   Code   RO          684    i.HAL_IncTick       stm32f1xx_hal.o
    0x08001404   0x08001404   0x00000028   Code   RO          685    i.HAL_Init          stm32f1xx_hal.o
    0x0800142c   0x0800142c   0x0000004c   Code   RO          686    i.HAL_InitTick      stm32f1xx_hal.o
    0x08001478   0x08001478   0x00000054   Code   RO          577    i.HAL_MspInit       stm32f1xx_hal_msp.o
    0x080014cc   0x080014cc   0x00000020   Code   RO         1147    i.HAL_NVIC_EnableIRQ  stm32f1xx_hal_cortex.o
    0x080014ec   0x080014ec   0x0000007c   Code   RO         1153    i.HAL_NVIC_SetPriority  stm32f1xx_hal_cortex.o
    0x08001568   0x08001568   0x00000028   Code   RO         1154    i.HAL_NVIC_SetPriorityGrouping  stm32f1xx_hal_cortex.o
    0x08001590   0x08001590   0x0000018c   Code   RO          842    i.HAL_RCC_ClockConfig  stm32f1xx_hal_rcc.o
    0x0800171c   0x0800171c   0x0000000c   Code   RO          847    i.HAL_RCC_GetHCLKFreq  stm32f1xx_hal_rcc.o
    0x08001728   0x08001728   0x00000020   Code   RO          849    i.HAL_RCC_GetPCLK1Freq  stm32f1xx_hal_rcc.o
    0x08001748   0x08001748   0x00000020   Code   RO          850    i.HAL_RCC_GetPCLK2Freq  stm32f1xx_hal_rcc.o
    0x08001768   0x08001768   0x00000094   Code   RO          851    i.HAL_RCC_GetSysClockFreq  stm32f1xx_hal_rcc.o
    0x080017fc   0x080017fc   0x00000464   Code   RO          854    i.HAL_RCC_OscConfig  stm32f1xx_hal_rcc.o
    0x08001c60   0x08001c60   0x00000034   Code   RO         1158    i.HAL_SYSTICK_Config  stm32f1xx_hal_cortex.o
    0x08001c94   0x08001c94   0x00000084   Code   RO         2409    i.HAL_TIMEx_MasterConfigSynchronization  stm32f1xx_hal_tim_ex.o
    0x08001d18   0x08001d18   0x00000066   Code   RO         1675    i.HAL_TIM_Base_Init  stm32f1xx_hal_tim.o
    0x08001d7e   0x08001d7e   0x00000002   PAD
    0x08001d80   0x08001d80   0x00000030   Code   RO          376    i.HAL_TIM_Base_MspInit  tim.o
    0x08001db0   0x08001db0   0x00000108   Code   RO         1684    i.HAL_TIM_ConfigClockSource  stm32f1xx_hal_tim.o
    0x08001eb8   0x08001eb8   0x00000002   Code   RO         2668    i.HAL_UARTEx_RxEventCallback  stm32f1xx_hal_uart.o
    0x08001eba   0x08001eba   0x00000002   Code   RO         2682    i.HAL_UART_ErrorCallback  stm32f1xx_hal_uart.o
    0x08001ebc   0x08001ebc   0x0000024c   Code   RO         2685    i.HAL_UART_IRQHandler  stm32f1xx_hal_uart.o
    0x08002108   0x08002108   0x00000072   Code   RO         2686    i.HAL_UART_Init     stm32f1xx_hal_uart.o
    0x0800217a   0x0800217a   0x00000002   PAD
    0x0800217c   0x0800217c   0x00000190   Code   RO          424    i.HAL_UART_MspInit  usart.o
    0x0800230c   0x0800230c   0x00000042   Code   RO         2691    i.HAL_UART_Receive_IT  stm32f1xx_hal_uart.o
    0x0800234e   0x0800234e   0x00000002   PAD
    0x08002350   0x08002350   0x00000080   Code   RO           16    i.HAL_UART_RxCpltCallback  main.o
    0x080023d0   0x080023d0   0x000000d2   Code   RO         2694    i.HAL_UART_Transmit  stm32f1xx_hal_uart.o
    0x080024a2   0x080024a2   0x00000002   Code   RO         2697    i.HAL_UART_TxCpltCallback  stm32f1xx_hal_uart.o
    0x080024a4   0x080024a4   0x00000004   Code   RO          485    i.HardFault_Handler  stm32f1xx_it.o
    0x080024a8   0x080024a8   0x00000238   Code   RO         3061    i.MQTT_Connect      esp8266_mqtt.o
    0x080026e0   0x080026e0   0x00000118   Code   RO         3064    i.MQTT_PublishData  esp8266_mqtt.o
    0x080027f8   0x080027f8   0x00000010   Code   RO         3065    i.MQTT_SendBuf      esp8266_mqtt.o
    0x08002808   0x08002808   0x00000010   Code   RO         3066    i.MQTT_SentHeart    esp8266_mqtt.o
    0x08002818   0x08002818   0x00000158   Code   RO         3067    i.MQTT_SubscribeTopic  esp8266_mqtt.o
    0x08002970   0x08002970   0x000000e8   Code   RO          234    i.MX_GPIO_Init      gpio.o
    0x08002a58   0x08002a58   0x00000028   Code   RO          345    i.MX_IWDG_Init      iwdg.o
    0x08002a80   0x08002a80   0x00000070   Code   RO          377    i.MX_TIM1_Init      tim.o
    0x08002af0   0x08002af0   0x00000038   Code   RO          425    i.MX_USART1_UART_Init  usart.o
    0x08002b28   0x08002b28   0x00000038   Code   RO          426    i.MX_USART2_UART_Init  usart.o
    0x08002b60   0x08002b60   0x00000038   Code   RO          427    i.MX_USART3_UART_Init  usart.o
    0x08002b98   0x08002b98   0x00000004   Code   RO          486    i.MemManage_Handler  stm32f1xx_it.o
    0x08002b9c   0x08002b9c   0x00000004   Code   RO          487    i.NMI_Handler       stm32f1xx_it.o
    0x08002ba0   0x08002ba0   0x00000002   Code   RO          488    i.PendSV_Handler    stm32f1xx_it.o
    0x08002ba2   0x08002ba2   0x00000002   PAD
    0x08002ba4   0x08002ba4   0x00000028   Code   RO          855    i.RCC_Delay         stm32f1xx_hal_rcc.o
    0x08002bcc   0x08002bcc   0x0000001a   Code   RO           19    i.ReadStrUnit       main.o
    0x08002be6   0x08002be6   0x00000002   PAD
    0x08002be8   0x08002be8   0x0000016c   Code   RO           20    i.STM32_StatusReport  main.o
    0x08002d54   0x08002d54   0x00000002   Code   RO          489    i.SVC_Handler       stm32f1xx_it.o
    0x08002d56   0x08002d56   0x00000008   Code   RO          490    i.SysTick_Handler   stm32f1xx_it.o
    0x08002d5e   0x08002d5e   0x0000006a   Code   RO           21    i.SystemClock_Config  main.o
    0x08002dc8   0x08002dc8   0x00000002   Code   RO         3025    i.SystemInit        system_stm32f1xx.o
    0x08002dca   0x08002dca   0x00000002   PAD
    0x08002dcc   0x08002dcc   0x00000074   Code   RO         1768    i.TIM_Base_SetConfig  stm32f1xx_hal_tim.o
    0x08002e40   0x08002e40   0x00000016   Code   RO         1779    i.TIM_ETR_SetConfig  stm32f1xx_hal_tim.o
    0x08002e56   0x08002e56   0x00000012   Code   RO         1780    i.TIM_ITRx_SetConfig  stm32f1xx_hal_tim.o
    0x08002e68   0x08002e68   0x00000026   Code   RO         1786    i.TIM_TI1_ConfigInputStage  stm32f1xx_hal_tim.o
    0x08002e8e   0x08002e8e   0x00000028   Code   RO         1788    i.TIM_TI2_ConfigInputStage  stm32f1xx_hal_tim.o
    0x08002eb6   0x08002eb6   0x00000014   Code   RO         2699    i.UART_DMAAbortOnError  stm32f1xx_hal_uart.o
    0x08002eca   0x08002eca   0x00000036   Code   RO         2709    i.UART_EndRxTransfer  stm32f1xx_hal_uart.o
    0x08002f00   0x08002f00   0x00000020   Code   RO         2710    i.UART_EndTransmit_IT  stm32f1xx_hal_uart.o
    0x08002f20   0x08002f20   0x000000e4   Code   RO         2712    i.UART_Receive_IT   stm32f1xx_hal_uart.o
    0x08003004   0x08003004   0x000000fc   Code   RO         2713    i.UART_SetConfig    stm32f1xx_hal_uart.o
    0x08003100   0x08003100   0x00000046   Code   RO         2715    i.UART_Start_Receive_IT  stm32f1xx_hal_uart.o
    0x08003146   0x08003146   0x00000060   Code   RO         2716    i.UART_Transmit_IT  stm32f1xx_hal_uart.o
    0x080031a6   0x080031a6   0x0000006c   Code   RO         2717    i.UART_WaitOnFlagUntilTimeout  stm32f1xx_hal_uart.o
    0x08003212   0x08003212   0x00000002   PAD
    0x08003214   0x08003214   0x00000010   Code   RO          491    i.USART1_IRQHandler  stm32f1xx_it.o
    0x08003224   0x08003224   0x00000020   Code   RO         3141    i.USART1_SendOneByte  esp8266_at.o
    0x08003244   0x08003244   0x00000010   Code   RO          492    i.USART2_IRQHandler  stm32f1xx_it.o
    0x08003254   0x08003254   0x00000010   Code   RO          493    i.USART3_IRQHandler  stm32f1xx_it.o
    0x08003264   0x08003264   0x00000004   Code   RO          494    i.UsageFault_Handler  stm32f1xx_it.o
    0x08003268   0x08003268   0x00000028   Code   RO         3484    i.__0sprintf        mc_w.l(printfa.o)
    0x08003290   0x08003290   0x00000010   Code   RO         1160    i.__NVIC_GetPriorityGrouping  stm32f1xx_hal_cortex.o
    0x080032a0   0x080032a0   0x00000028   Code   RO         1161    i.__NVIC_SetPriority  stm32f1xx_hal_cortex.o
    0x080032c8   0x080032c8   0x0000000e   Code   RO         3560    i.__scatterload_copy  mc_w.l(handlers.o)
    0x080032d6   0x080032d6   0x00000002   Code   RO         3561    i.__scatterload_null  mc_w.l(handlers.o)
    0x080032d8   0x080032d8   0x0000000e   Code   RO         3562    i.__scatterload_zeroinit  mc_w.l(handlers.o)
    0x080032e6   0x080032e6   0x00000002   PAD
    0x080032e8   0x080032e8   0x00000184   Code   RO         3489    i._fp_digits        mc_w.l(printfa.o)
    0x0800346c   0x0800346c   0x000006b4   Code   RO         3490    i._printf_core      mc_w.l(printfa.o)
    0x08003b20   0x08003b20   0x00000024   Code   RO         3491    i._printf_post_padding  mc_w.l(printfa.o)
    0x08003b44   0x08003b44   0x0000002e   Code   RO         3492    i._printf_pre_padding  mc_w.l(printfa.o)
    0x08003b72   0x08003b72   0x0000000a   Code   RO         3494    i._sputc            mc_w.l(printfa.o)
    0x08003b7c   0x08003b7c   0x00000404   Code   RO           22    i.deal_MQTT_message  main.o
    0x08003f80   0x08003f80   0x00000138   Code   RO           23    i.getADAM4017Data   main.o
    0x080040b8   0x080040b8   0x00000128   Code   RO           24    i.getADAM4150Data   main.o
    0x080041e0   0x080041e0   0x000000fc   Code   RO           25    i.main              main.o
    0x080042dc   0x080042dc   0x00000018   Data   RO         3026    .constdata          system_stm32f1xx.o
    0x080042f4   0x080042f4   0x0000000c   Data   RO         3068    .constdata          esp8266_mqtt.o
    0x08004300   0x08004300   0x000002be   Data   RO           27    .conststring        main.o
    0x080045be   0x080045be   0x00000002   PAD
    0x080045c0   0x080045c0   0x00000020   Data   RO         3558    Region$$Table       anon$$obj.o


    Execution Region RW_IRAM1 (Exec base: 0x20000000, Load base: 0x080045e0, Size: 0x000008c0, Max: 0x00005000, ABSOLUTE)

    Exec Addr    Load Addr    Size         Type   Attr      Idx    E Section Name        Object

    0x20000000   0x080045e0   0x00000029   Data   RW           28    .data               main.o
    0x20000029   0x08004609   0x00000003   PAD
    0x2000002c   0x0800460c   0x00000009   Data   RW          692    .data               stm32f1xx_hal.o
    0x20000035   0x08004615   0x00000003   PAD
    0x20000038   0x08004618   0x00000004   Data   RW         3027    .data               system_stm32f1xx.o
    0x2000003c   0x0800461c   0x00000004   Data   RW         3069    .data               esp8266_mqtt.o
    0x20000040   0x08004620   0x00000002   Data   RW         3143    .data               esp8266_at.o
    0x20000042   0x08004622   0x00000002   PAD
    0x20000044        -       0x0000005a   Zero   RW           26    .bss                main.o
    0x2000009e   0x08004622   0x00000002   PAD
    0x200000a0        -       0x0000000c   Zero   RW          346    .bss                iwdg.o
    0x200000ac        -       0x00000048   Zero   RW          379    .bss                tim.o
    0x200000f4        -       0x000000cc   Zero   RW          429    .bss                usart.o
    0x200001c0        -       0x00000300   Zero   RW         3142    .bss                esp8266_at.o
    0x200004c0        -       0x00000400   Zero   RW            1    STACK               startup_stm32f103xb.o


==============================================================================

Image component sizes


      Code (inc. data)   RO Data    RW Data    ZI Data      Debug   Object Name

      1758        740          0          2        768       8014   esp8266_at.o
      1224         52         12          4          0       5009   esp8266_mqtt.o
       232         18          0          0          0     422803   gpio.o
        40          8          0          0         12        591   iwdg.o
      2594        490        702         41         90     397023   main.o
        36          8        236          0       1024        800   startup_stm32f103xb.o
       192         36          0          9          0       5573   stm32f1xx_hal.o
       304         22          0          0          0      29135   stm32f1xx_hal_cortex.o
       262          4          0          0          0       1635   stm32f1xx_hal_dma.o
       832         34          0          0          0       3133   stm32f1xx_hal_gpio.o
       108          0          0          0          0       1707   stm32f1xx_hal_iwdg.o
        84          8          0          0          0        814   stm32f1xx_hal_msp.o
      1784        110          0          0          0       5696   stm32f1xx_hal_rcc.o
       600         12          0          0          0       5101   stm32f1xx_hal_tim.o
       132         14          0          0          0       1224   stm32f1xx_hal_tim_ex.o
      1844         10          0          0          0      10628   stm32f1xx_hal_uart.o
        82         18          0          0          0       4838   stm32f1xx_it.o
         2          0         24          4          0        999   system_stm32f1xx.o
       160         18          0          0         72       1462   tim.o
       568         54          0          0        204       2700   usart.o

    ----------------------------------------------------------------------
     12856       1656       1008         68       2172     908885   Object Totals
         0          0         32          0          0          0   (incl. Generated)
        18          0          2          8          2          0   (incl. Padding)

    ----------------------------------------------------------------------

      Code (inc. data)   RO Data    RW Data    ZI Data      Debug   Library Member Name

         0          0          0          0          0          0   entry.o
         0          0          0          0          0          0   entry10a.o
         0          0          0          0          0          0   entry11a.o
         4          0          0          0          0          0   entry12b.o
         8          4          0          0          0          0   entry2.o
         4          0          0          0          0          0   entry5.o
         0          0          0          0          0          0   entry7b.o
         0          0          0          0          0          0   entry8b.o
         8          4          0          0          0          0   entry9a.o
        30          0          0          0          0          0   handlers.o
        36          8          0          0          0         68   init.o
         0          0          0          0          0          0   iusefp.o
        30          0          0          0          0         68   llshl.o
        36          0          0          0          0         68   llsshr.o
        32          0          0          0          0         68   llushr.o
        36          0          0          0          0         68   memcpya.o
        36          0          0          0          0        108   memseta.o
      2236         86          0          0          0        532   printfa.o
        28          0          0          0          0         76   strcmp.o
        14          0          0          0          0         68   strlen.o
        36          0          0          0          0         80   strstr.o
        44          0          0          0          0         80   uidiv.o
        98          0          0          0          0         92   uldiv.o
        48          0          0          0          0         68   cdrcmple.o
        56          0          0          0          0         88   d2f.o
       334          0          0          0          0        148   dadd.o
       222          0          0          0          0        100   ddiv.o
       186          0          0          0          0        176   depilogue.o
        48          0          0          0          0         68   dfixul.o
        34          0          0          0          0         76   dflti.o
       228          0          0          0          0         96   dmul.o
        38          0          0          0          0         68   f2d.o
       110          0          0          0          0        168   fepilogue.o

    ----------------------------------------------------------------------
      4024        102          0          0          0       2432   Library Totals
         4          0          0          0          0          0   (incl. Padding)

    ----------------------------------------------------------------------

      Code (inc. data)   RO Data    RW Data    ZI Data      Debug   Library Name

      2716        102          0          0          0       1376   mc_w.l
      1304          0          0          0          0       1056   mf_w.l

    ----------------------------------------------------------------------
      4024        102          0          0          0       2432   Library Totals

    ----------------------------------------------------------------------

==============================================================================


      Code (inc. data)   RO Data    RW Data    ZI Data      Debug   

     16880       1758       1008         68       2172     905385   Grand Totals
     16880       1758       1008         68       2172     905385   ELF Image Totals
     16880       1758       1008         68          0          0   ROM Totals

==============================================================================

    Total RO  Size (Code + RO Data)                17888 (  17.47kB)
    Total RW  Size (RW Data + ZI Data)              2240 (   2.19kB)
    Total ROM Size (Code + RO Data + RW Data)      17956 (  17.54kB)

==============================================================================

